views: 4  S=512 R=32 naf_T=512 mesh_scale=1.0000  chunk=0
coords: sparse N=3872 (gather 対象 3872)
ggml_metal_device_init: tensor API disabled for pre-M5 and pre-A19 devices
ggml_metal_library_init: using embedded metal library
ggml_metal_library_init: loaded in 0.007 sec
ggml_metal_rsets_init: creating a residency set collection (keep_alive = 180 s)
ggml_metal_device_init: GPU name:   MTL0 (Apple M4 Max)
ggml_metal_device_init: GPU family: MTLGPUFamilyApple9  (1009)
ggml_metal_device_init: GPU family: MTLGPUFamilyCommon3 (3003)
ggml_metal_device_init: GPU family: MTLGPUFamilyMetal4  (5002)
ggml_metal_device_init: simdgroup reduction   = true
ggml_metal_device_init: simdgroup matrix mul. = true
ggml_metal_device_init: has unified memory    = true
ggml_metal_device_init: has bfloat            = true
ggml_metal_device_init: has tensor            = false
ggml_metal_device_init: use residency sets    = true
ggml_metal_device_init: use shared buffers    = true
ggml_metal_device_init: recommendedMaxWorkingSetSize  = 55662.79 MB
ggml_metal_init: allocating
ggml_metal_init: found device: Apple M4 Max
ggml_metal_init: picking default device: Apple M4 Max
ggml_metal_init: use fusion         = true
ggml_metal_init: use concurrency    = true
ggml_metal_init: use graph optimize = true
[trellis] using MTL0 (53084 MB)
ggml_metal_init: allocating
ggml_metal_init: found device: Apple M4 Max
ggml_metal_init: picking default device: Apple M4 Max
ggml_metal_init: use fusion         = true
ggml_metal_init: use concurrency    = true
ggml_metal_init: use graph optimize = true
[trellis] using MTL0 (53084 MB)
backend: MTL0
      [cond-v] cond_slat S=512 R=32 T=512: alloc out.proj 256 MB + calc_mats (0.00s)
ggml_metal_library_compile_pipeline: compiling pipeline: base = 'kernel_cpy_f16_f32', name = 'kernel_cpy_f16_f32'
ggml_metal_library_compile_pipeline: loaded kernel_cpy_f16_f32                            0x10305cdd0 | th_max = 1024 | th_width =   32
ggml_metal_library_compile_pipeline: compiling pipeline: base = 'kernel_concat', name = 'kernel_concat'
ggml_metal_library_compile_pipeline: loaded kernel_concat                                 0x10305d650 | th_max = 1024 | th_width =   32
ggml_metal_library_compile_pipeline: compiling pipeline: base = 'kernel_im2col_f16', name = 'kernel_im2col_f16'
ggml_metal_library_compile_pipeline: loaded kernel_im2col_f16                             0x10305ded0 | th_max = 1024 | th_width =   32
ggml_metal_library_compile_pipeline: compiling pipeline: base = 'kernel_mul_mm_f16_f16', name = 'kernel_mul_mm_f16_f16_bci=0_bco=0_ne12=1_ne13=1_r2=1_r3=1'
ggml_metal_library_compile_pipeline: loaded kernel_mul_mm_f16_f16_bci=0_bco=0_ne12=1_ne13=1_r2=1_r3=1      0x10305ea50 | th_max = 1024 | th_width =   32
ggml_metal_library_compile_pipeline: compiling pipeline: base = 'kernel_cpy_f32_f32', name = 'kernel_cpy_f32_f32'
ggml_metal_library_compile_pipeline: loaded kernel_cpy_f32_f32                            0x10305f2d0 | th_max = 1024 | th_width =   32
ggml_metal_library_compile_pipeline: compiling pipeline: base = 'kernel_bin_fuse_f32_f32_f32_4', name = 'kernel_bin_fuse_f32_f32_f32_4_op=0_nf=1_rb=0_cb=0'
ggml_metal_library_compile_pipeline: loaded kernel_bin_fuse_f32_f32_f32_4_op=0_nf=1_rb=0_cb=0      0x10305f950 | th_max = 1024 | th_width =   32
ggml_metal_library_compile_pipeline: compiling pipeline: base = 'kernel_norm_mul_add_f32_4', name = 'kernel_norm_mul_add_f32_4'
ggml_metal_library_compile_pipeline: loaded kernel_norm_mul_add_f32_4                     0x10305fcd0 | th_max = 1024 | th_width =   32
ggml_metal_library_compile_pipeline: compiling pipeline: base = 'kernel_mul_mm_q8_0_f32', name = 'kernel_mul_mm_q8_0_f32_bci=0_bco=1_ne12=1_ne13=1_r2=1_r3=1'
ggml_metal_library_compile_pipeline: loaded kernel_mul_mm_q8_0_f32_bci=0_bco=1_ne12=1_ne13=1_r2=1_r3=1      0x103060350 | th_max = 1024 | th_width =   32
ggml_metal_library_compile_pipeline: compiling pipeline: base = 'kernel_bin_fuse_f32_f32_f32_4', name = 'kernel_bin_fuse_f32_f32_f32_4_op=2_nf=1_rb=0_cb=0'
ggml_metal_library_compile_pipeline: loaded kernel_bin_fuse_f32_f32_f32_4_op=2_nf=1_rb=0_cb=0      0xa8d224000 | th_max = 1024 | th_width =   32
ggml_metal_library_compile_pipeline: compiling pipeline: base = 'kernel_unary_f32_f32_4', name = 'kernel_unary_f32_f32_4_op=10_cnt=0'
ggml_metal_library_compile_pipeline: loaded kernel_unary_f32_f32_4_op=10_cnt=0            0xa8d224380 | th_max = 1024 | th_width =   32
ggml_metal_library_compile_pipeline: compiling pipeline: base = 'kernel_mul_mm_f32_f32', name = 'kernel_mul_mm_f32_f32_bci=0_bco=1_ne12=16_ne13=1_r2=1_r3=1'
ggml_metal_library_compile_pipeline: loaded kernel_mul_mm_f32_f32_bci=0_bco=1_ne12=16_ne13=1_r2=1_r3=1      0xa8d224700 | th_max = 1024 | th_width =   32
ggml_metal_library_compile_pipeline: compiling pipeline: base = 'kernel_soft_max_f32', name = 'kernel_soft_max_f32'
ggml_metal_library_compile_pipeline: loaded kernel_soft_max_f32                           0xa8d224a80 | th_max = 1024 | th_width =   32
ggml_metal_library_compile_pipeline: compiling pipeline: base = 'kernel_mul_mm_f32_f32', name = 'kernel_mul_mm_f32_f32_bci=1_bco=1_ne12=16_ne13=1_r2=1_r3=1'
ggml_metal_library_compile_pipeline: loaded kernel_mul_mm_f32_f32_bci=1_bco=1_ne12=16_ne13=1_r2=1_r3=1      0xa8d224e00 | th_max = 1024 | th_width =   32
ggml_metal_library_compile_pipeline: compiling pipeline: base = 'kernel_unary_f32_f32_4', name = 'kernel_unary_f32_f32_4_op=104_cnt=0'
ggml_metal_library_compile_pipeline: loaded kernel_unary_f32_f32_4_op=104_cnt=0           0xa8d225180 | th_max = 1024 | th_width =   32
ggml_metal_library_compile_pipeline: compiling pipeline: base = 'kernel_norm_f32_4', name = 'kernel_norm_f32_4'
ggml_metal_library_compile_pipeline: loaded kernel_norm_f32_4                             0xa8d225880 | th_max = 1024 | th_width =   32
      [cond-v] dinov3 S=512 ntok=1029: build+alloc 0.00 | upload 0.00 | compute 0.12 | readback 0.00 | free 0.00  (activations 88 MB)
      [cond-v] naf_ggml S=512 T=512 h=32 w=32 nodes=208 generic=0 direct_conv=0 activations=2832.3 MB output=1024.0 MB
      [cond-v] naf_ggml S=512 T=512 graph alloc      +    47.1 ms  @     47.1 ms
      [cond-v] naf_ggml S=512 T=512 inputs           +   144.0 ms  @    191.1 ms
ggml_metal_library_compile_pipeline: compiling pipeline: base = 'kernel_get_rows_f32', name = 'kernel_get_rows_f32'
ggml_metal_library_compile_pipeline: loaded kernel_get_rows_f32                           0xa8d225f80 | th_max = 1024 | th_width =   32
ggml_metal_library_compile_pipeline: compiling pipeline: base = 'kernel_mul_mv_f16_f16_short', name = 'kernel_mul_mv_f16_f16_short_nsg=1_ne12=1_r2=1_r3=1'
ggml_metal_library_compile_pipeline: loaded kernel_mul_mv_f16_f16_short_nsg=1_ne12=1_r2=1_r3=1      0xa8d226300 | th_max = 1024 | th_width =   32
ggml_metal_library_compile_pipeline: compiling pipeline: base = 'kernel_bin_fuse_f32_f32_f32', name = 'kernel_bin_fuse_f32_f32_f32_op=0_nf=1_rb=0_cb=1'
ggml_metal_library_compile_pipeline: loaded kernel_bin_fuse_f32_f32_f32_op=0_nf=1_rb=0_cb=1      0xa8d226680 | th_max = 1024 | th_width =   32
ggml_metal_library_compile_pipeline: compiling pipeline: base = 'kernel_group_norm_f32', name = 'kernel_group_norm_f32'
ggml_metal_library_compile_pipeline: loaded kernel_group_norm_f32                         0xa8d226a00 | th_max = 1024 | th_width =   32
ggml_metal_library_compile_pipeline: compiling pipeline: base = 'kernel_bin_fuse_f32_f32_f32', name = 'kernel_bin_fuse_f32_f32_f32_op=2_nf=1_rb=0_cb=1'
ggml_metal_library_compile_pipeline: loaded kernel_bin_fuse_f32_f32_f32_op=2_nf=1_rb=0_cb=1      0xa8d226d80 | th_max = 1024 | th_width =   32
ggml_metal_library_compile_pipeline: compiling pipeline: base = 'kernel_unary_f32_f32_4', name = 'kernel_unary_f32_f32_4_op=106_cnt=0'
ggml_metal_library_compile_pipeline: loaded kernel_unary_f32_f32_4_op=106_cnt=0           0xa8d227100 | th_max = 1024 | th_width =   32
ggml_metal_library_compile_pipeline: compiling pipeline: base = 'kernel_pad_reflect_1d_f32', name = 'kernel_pad_reflect_1d_f32'
ggml_metal_library_compile_pipeline: loaded kernel_pad_reflect_1d_f32                     0xa8d227800 | th_max = 1024 | th_width =   32
ggml_metal_library_compile_pipeline: compiling pipeline: base = 'kernel_unary_f32_f32_4', name = 'kernel_unary_f32_f32_4_op=108_cnt=0'
ggml_metal_library_compile_pipeline: loaded kernel_unary_f32_f32_4_op=108_cnt=0           0xa8d227b80 | th_max = 1024 | th_width =   32
ggml_metal_library_compile_pipeline: compiling pipeline: base = 'kernel_sum_rows_f32_f32_4', name = 'kernel_sum_rows_f32_f32_4_op=10'
ggml_metal_library_compile_pipeline: loaded kernel_sum_rows_f32_f32_4_op=10               0xa8d29c000 | th_max = 1024 | th_width =   32
ggml_metal_library_compile_pipeline: compiling pipeline: base = 'kernel_mul_mm_f32_f32', name = 'kernel_mul_mm_f32_f32_bci=0_bco=1_ne12=4_ne13=1024_r2=1_r3=1'
ggml_metal_library_compile_pipeline: loaded kernel_mul_mm_f32_f32_bci=0_bco=1_ne12=4_ne13=1024_r2=1_r3=1      0xa8d29c380 | th_max = 1024 | th_width =   32
ggml_metal_library_compile_pipeline: compiling pipeline: base = 'kernel_mul_mm_f32_f32', name = 'kernel_mul_mm_f32_f32_bci=1_bco=0_ne12=4_ne13=1024_r2=1_r3=1'
ggml_metal_library_compile_pipeline: loaded kernel_mul_mm_f32_f32_bci=1_bco=0_ne12=4_ne13=1024_r2=1_r3=1      0xa8d29c700 | th_max = 1024 | th_width =   32
      [cond-v] naf_ggml S=512 T=512 graph compute    +  1541.3 ms  @   1732.4 ms
      [cond-v] naf_ggml S=512 T=512 readback         +    98.9 ms  @   1831.4 ms
      [cond-v] naf_ggml S=512 T=512 unpermute        +  1177.1 ms  @   3008.5 ms
      [cond-v] naf_ggml S=512 T=512 free             +     3.3 ms  @   3011.8 ms
      [cond-v] cond_slat view 0: normalize 0.00 | dino 0.12 | chw 0.00 | lr_proj 0.06 | naf 3.01 | hr_proj 0.21 | accum 0.01  (view 3.41s)
      [cond-v] dinov3 S=512 ntok=1029: build+alloc 0.00 | upload 0.00 | compute 0.12 | readback 0.00 | free 0.00  (activations 88 MB)
      [cond-v] naf_ggml S=512 T=512 h=32 w=32 nodes=208 generic=0 direct_conv=0 activations=2832.3 MB output=1024.0 MB
      [cond-v] naf_ggml S=512 T=512 graph alloc      +    47.5 ms  @     47.5 ms
      [cond-v] naf_ggml S=512 T=512 inputs           +   139.2 ms  @    186.8 ms
      [cond-v] naf_ggml S=512 T=512 graph compute    +  1544.8 ms  @   1731.6 ms
      [cond-v] naf_ggml S=512 T=512 readback         +    65.8 ms  @   1797.4 ms
      [cond-v] naf_ggml S=512 T=512 unpermute        +  1147.9 ms  @   2945.3 ms
      [cond-v] naf_ggml S=512 T=512 free             +     2.8 ms  @   2948.1 ms
      [cond-v] cond_slat view 1: normalize 0.00 | dino 0.12 | chw 0.00 | lr_proj 0.05 | naf 2.95 | hr_proj 0.23 | accum 0.01  (view 3.36s)
      [cond-v] dinov3 S=512 ntok=1029: build+alloc 0.00 | upload 0.00 | compute 0.12 | readback 0.00 | free 0.00  (activations 88 MB)
      [cond-v] naf_ggml S=512 T=512 h=32 w=32 nodes=208 generic=0 direct_conv=0 activations=2832.3 MB output=1024.0 MB
      [cond-v] naf_ggml S=512 T=512 graph alloc      +    50.2 ms  @     50.2 ms
      [cond-v] naf_ggml S=512 T=512 inputs           +   144.5 ms  @    194.7 ms
      [cond-v] naf_ggml S=512 T=512 graph compute    +  1541.0 ms  @   1735.7 ms
      [cond-v] naf_ggml S=512 T=512 readback         +    66.9 ms  @   1802.6 ms
      [cond-v] naf_ggml S=512 T=512 unpermute        +  1144.6 ms  @   2947.2 ms
      [cond-v] naf_ggml S=512 T=512 free             +     2.8 ms  @   2950.1 ms
      [cond-v] cond_slat view 2: normalize 0.00 | dino 0.12 | chw 0.00 | lr_proj 0.05 | naf 2.95 | hr_proj 0.20 | accum 0.01  (view 3.33s)
      [cond-v] dinov3 S=512 ntok=1029: build+alloc 0.01 | upload 0.00 | compute 0.12 | readback 0.00 | free 0.00  (activations 88 MB)
      [cond-v] naf_ggml S=512 T=512 h=32 w=32 nodes=208 generic=0 direct_conv=0 activations=2832.3 MB output=1024.0 MB
      [cond-v] naf_ggml S=512 T=512 graph alloc      +    48.6 ms  @     48.6 ms
      [cond-v] naf_ggml S=512 T=512 inputs           +   138.8 ms  @    187.4 ms
      [cond-v] naf_ggml S=512 T=512 graph compute    +  1543.2 ms  @   1730.6 ms
      [cond-v] naf_ggml S=512 T=512 readback         +    67.2 ms  @   1797.8 ms
      [cond-v] naf_ggml S=512 T=512 unpermute        +  1145.8 ms  @   2943.6 ms
      [cond-v] naf_ggml S=512 T=512 free             +     2.8 ms  @   2946.4 ms
      [cond-v] cond_slat view 3: normalize 0.00 | dino 0.13 | chw 0.00 | lr_proj 0.05 | naf 2.95 | hr_proj 0.23 | accum 0.01  (view 3.36s)
host path: 13.5 s
ggml_metal_free: deallocating
ggml_metal_free: deallocating
COND_TEX: PASS
