=== trellis-cli --views ===
Fri Sep 11 22:10:56 UTC 2026
[trellis] generating model with seed 1
[1/6] Pixal3D multiview: load /opt/gate/views
      V=4 views, mesh_scale=1.0000
[2/6] SS proj conditioning + flow
ggml_cuda_init: found 1 CUDA devices (Total VRAM: 22563 MiB):
  Device 0: NVIDIA L4, compute capability 8.9, VMM: yes, VRAM: 22563 MiB
      [flow] [....................]  0/12    0.0s  starting    
      [flow] [#...................]  1/12    1.3s  ~14s left   
      [flow] [###.................]  2/12    2.6s  ~13s left   
      [flow] [#####...............]  3/12    3.9s  ~12s left   
      [flow] [######..............]  4/12    5.2s  ~10s left   
      [flow] [########............]  5/12    6.5s  ~9s left    
      [flow] [##########..........]  6/12    7.8s  ~8s left    
      [flow] [###########.........]  7/12    9.2s  ~7s left    
      [flow] [#############.......]  8/12   10.5s  ~5s left    
      [flow] [###############.....]  9/12   11.8s  ~4s left    
      [flow] [################....] 10/12   13.1s  ~3s left    
      [flow] [##################..] 11/12   13.7s  ~1s left    
      [flow] [####################] 12/12   14.4s  ~0s left    
      [flow] 12 steps, 22 forwards, 14.4s
      active voxels @res32 = 4319  (16.2s)
[3/6] shape SLAT flow (LR 512 -> upsample -> HR 1024 cascade, max_tok=49152)
      [flow] [....................]  0/12    0.0s  starting    
      [flow] [#...................]  1/12    1.5s  ~17s left   
      [flow] [###.................]  2/12    3.1s  ~15s left   
      [flow] [#####...............]  3/12    4.6s  ~14s left   
      [flow] [######..............]  4/12    6.2s  ~12s left   
      [flow] [########............]  5/12    7.7s  ~11s left   
      [flow] [##########..........]  6/12    9.3s  ~9s left    
      [flow] [###########.........]  7/12   10.8s  ~8s left    
      [flow] [#############.......]  8/12   12.4s  ~6s left    
      [flow] [###############.....]  9/12   13.1s  ~4s left    
      [flow] [################....] 10/12   13.9s  ~3s left    
      [flow] [##################..] 11/12   14.7s  ~1s left    
      [flow] [####################] 12/12   15.5s  ~0s left    
      [flow] 12 steps, 20 forwards, 15.5s
      [stats] LR slat (res32, MV) n=138208 mean=-0.3328 std=5.3773 min=-23.932 max=28.165 nan/inf=0
      LR shape SLAT (26.9s)
      upsampled coords @res512=1185608 -> quantized @res1024 (grid 64, Pixal3D round/grid-1 formula) = 17283 tokens
      [flow] [....................]  0/12    0.0s  starting    
      [flow] [#...................]  1/12   11.2s  ~124s left  
      [flow] [###.................]  2/12   22.5s  ~113s left  
      [flow] [#####...............]  3/12   33.8s  ~102s left  
      [flow] [######..............]  4/12   45.1s  ~90s left   
      [flow] [########............]  5/12   56.4s  ~79s left   
      [flow] [##########..........]  6/12   67.7s  ~68s left   
      [flow] [###########.........]  7/12   79.0s  ~56s left   
      [flow] [#############.......]  8/12   90.4s  ~45s left   
      [flow] [###############.....]  9/12   96.1s  ~32s left   
      [flow] [################....] 10/12  101.8s  ~20s left   
      [flow] [##################..] 11/12  107.4s  ~10s left   
      [flow] [####################] 12/12  113.1s  ~0s left    
      [flow] 12 steps, 20 forwards, 113.1s
      [stats] HR slat (MV) n=553056 mean=-0.1056 std=5.3098 min=-28.203 max=25.682 nan/inf=0
      HR shape SLAT (169.7s)
[4/6] FlexiDualGrid shape decode -> mesh @res1024
      decoded voxels @res1024 = 4668902
      mesh V=4668902 F=9512472
      filled 2899 small holes -> V=4671801 F=9530398
      shape decode (29.0s)
[5/6] texture SLAT flow (HR 1024, NAF@1024) + PBR decode
      [flow] [....................]  0/12    0.0s  starting    
      [flow] [#...................]  1/12    5.6s  ~61s left   
      [flow] [###.................]  2/12   11.2s  ~56s left   
      [flow] [#####...............]  3/12   16.8s  ~50s left   
      [flow] [######..............]  4/12   22.4s  ~45s left   
      [flow] [########............]  5/12   28.0s  ~39s left   
      [flow] [##########..........]  6/12   33.6s  ~34s left   
      [flow] [###########.........]  7/12   39.3s  ~28s left   
      [flow] [#############.......]  8/12   44.9s  ~22s left   
      [flow] [###############.....]  9/12   50.5s  ~17s left   
      [flow] [################....] 10/12   56.1s  ~11s left   
      [flow] [##################..] 11/12   61.8s  ~6s left    
      [flow] [####################] 12/12   67.4s  ~0s left    
      [flow] 12 steps, 12 forwards, 67.4s
      PBR voxels=4668902 @res1024
      texture SLAT + decode (166.0s)
[6/6] write /data/pixal3d_web_gate/l4-clean-cuda-20260912/clean_install.glb
  weld: V 4671801->4658998 (12803 near-duplicates merged, eps=0.00012)
  fill_holes: 3286 boundary loops filled (+13760 faces)
  remesh_dc: 11522874 active voxels -> V=9110475 F=18224632 (eps=0.0009794, project_back=0.00)
    [clean] faces=18224632, flipped 0 for consistent winding
  remesh postproc: dropped 16 floater comps -> V=9060963 F=18125460
  decimate_qem_gpu(target=1000000): V 9060963->497272, F 18125460->996282
  weld: V 497272->497271 (1 near-duplicates merged, eps=0.00012)
  uv_bake: 1 components (0 tiny, 0 faces -> strip S=0), 0 duplicate faces dropped
  uv_bake: 1395 merge clusters
  uv_bake: 1023 uncharted faces kept with point-collapsed UVs
  uv_bake: atlas 4096x4096 (xatlas 1177x1177), Vo=677419 Fo=996282
      textured GLB (atlas 4096, +/data/pixal3d_web_gate/l4-clean-cuda-20260912/clean_install_base.png)
done in 626.7s -> /data/pixal3d_web_gate/l4-clean-cuda-20260912/clean_install.glb (+ /data/pixal3d_web_gate/l4-clean-cuda-20260912/clean_install.ply)
Fri Sep 11 22:21:23 UTC 2026
generate rc=0
total 255200
drwxr-xr-x 2 root root      4096 Sep 11 22:21 .
drwxr-xr-x 7 root root      4096 Sep 11 22:05 ..
-rw-r--r-- 1 root root  35617428 Sep 11 22:21 clean_install.glb
-rw-r--r-- 1 root root 193959265 Sep 11 22:21 clean_install.ply
-rw-r--r-- 1 root root  30467913 Sep 11 22:21 clean_install_base.png
-rw-r--r-- 1 root root        51 Sep 11 22:05 env.txt
-rw-r--r-- 1 root root      5762 Sep 11 22:21 generate.log
-rw-r--r-- 1 root root    212836 Sep 11 22:10 install.log
