views: 4  S=512 R=32 naf_T=512 mesh_scale=1.0000  chunk=0
coords: sparse N=3872 (gather 対象 3872)
ggml_metal_device_init: tensor API disabled for pre-M5 and pre-A19 devices
ggml_metal_library_init: using embedded metal library
ggml_metal_library_init: loaded in 0.007 sec
ggml_metal_rsets_init: creating a residency set collection (keep_alive = 180 s)
ggml_metal_device_init: GPU name:   MTL0 (Apple M4 Max)
ggml_metal_device_init: GPU family: MTLGPUFamilyApple9  (1009)
ggml_metal_device_init: GPU family: MTLGPUFamilyCommon3 (3003)
ggml_metal_device_init: GPU family: MTLGPUFamilyMetal4  (5002)
ggml_metal_device_init: simdgroup reduction   = true
ggml_metal_device_init: simdgroup matrix mul. = true
ggml_metal_device_init: has unified memory    = true
ggml_metal_device_init: has bfloat            = true
ggml_metal_device_init: has tensor            = false
ggml_metal_device_init: use residency sets    = true
ggml_metal_device_init: use shared buffers    = true
ggml_metal_device_init: recommendedMaxWorkingSetSize  = 55662.79 MB
ggml_metal_init: allocating
ggml_metal_init: found device: Apple M4 Max
ggml_metal_init: picking default device: Apple M4 Max
ggml_metal_init: use fusion         = true
ggml_metal_init: use concurrency    = true
ggml_metal_init: use graph optimize = true
[trellis] using MTL0 (53084 MB)
ggml_metal_init: allocating
ggml_metal_init: found device: Apple M4 Max
ggml_metal_init: picking default device: Apple M4 Max
ggml_metal_init: use fusion         = true
ggml_metal_init: use concurrency    = true
ggml_metal_init: use graph optimize = true
[trellis] using MTL0 (53084 MB)
backend: MTL0
      [cond-v] cond_slat S=512 R=32 T=512: alloc out.proj 256 MB + calc_mats (0.00s)
ggml_metal_library_compile_pipeline: compiling pipeline: base = 'kernel_cpy_f16_f32', name = 'kernel_cpy_f16_f32'
ggml_metal_library_compile_pipeline: loaded kernel_cpy_f16_f32                            0x1010582b0 | th_max = 1024 | th_width =   32
ggml_metal_library_compile_pipeline: compiling pipeline: base = 'kernel_concat', name = 'kernel_concat'
ggml_metal_library_compile_pipeline: loaded kernel_concat                                 0x101058c70 | th_max = 1024 | th_width =   32
ggml_metal_library_compile_pipeline: compiling pipeline: base = 'kernel_im2col_f16', name = 'kernel_im2col_f16'
ggml_metal_library_compile_pipeline: loaded kernel_im2col_f16                             0x101059630 | th_max = 1024 | th_width =   32
ggml_metal_library_compile_pipeline: compiling pipeline: base = 'kernel_mul_mm_f16_f16', name = 'kernel_mul_mm_f16_f16_bci=0_bco=0_ne12=1_ne13=1_r2=1_r3=1'
ggml_metal_library_compile_pipeline: loaded kernel_mul_mm_f16_f16_bci=0_bco=0_ne12=1_ne13=1_r2=1_r3=1      0x101059ff0 | th_max = 1024 | th_width =   32
ggml_metal_library_compile_pipeline: compiling pipeline: base = 'kernel_cpy_f32_f32', name = 'kernel_cpy_f32_f32'
ggml_metal_library_compile_pipeline: loaded kernel_cpy_f32_f32                            0x10105a870 | th_max = 1024 | th_width =   32
ggml_metal_library_compile_pipeline: compiling pipeline: base = 'kernel_bin_fuse_f32_f32_f32_4', name = 'kernel_bin_fuse_f32_f32_f32_4_op=0_nf=1_rb=0_cb=0'
ggml_metal_library_compile_pipeline: loaded kernel_bin_fuse_f32_f32_f32_4_op=0_nf=1_rb=0_cb=0      0x10105abf0 | th_max = 1024 | th_width =   32
ggml_metal_library_compile_pipeline: compiling pipeline: base = 'kernel_norm_mul_add_f32_4', name = 'kernel_norm_mul_add_f32_4'
ggml_metal_library_compile_pipeline: loaded kernel_norm_mul_add_f32_4                     0x10105af70 | th_max = 1024 | th_width =   32
ggml_metal_library_compile_pipeline: compiling pipeline: base = 'kernel_mul_mm_q8_0_f32', name = 'kernel_mul_mm_q8_0_f32_bci=0_bco=1_ne12=1_ne13=1_r2=1_r3=1'
ggml_metal_library_compile_pipeline: loaded kernel_mul_mm_q8_0_f32_bci=0_bco=1_ne12=1_ne13=1_r2=1_r3=1      0x10105b2f0 | th_max = 1024 | th_width =   32
ggml_metal_library_compile_pipeline: compiling pipeline: base = 'kernel_bin_fuse_f32_f32_f32_4', name = 'kernel_bin_fuse_f32_f32_f32_4_op=2_nf=1_rb=0_cb=0'
ggml_metal_library_compile_pipeline: loaded kernel_bin_fuse_f32_f32_f32_4_op=2_nf=1_rb=0_cb=0      0x908efc000 | th_max = 1024 | th_width =   32
ggml_metal_library_compile_pipeline: compiling pipeline: base = 'kernel_unary_f32_f32_4', name = 'kernel_unary_f32_f32_4_op=10_cnt=0'
ggml_metal_library_compile_pipeline: loaded kernel_unary_f32_f32_4_op=10_cnt=0            0x908efc380 | th_max = 1024 | th_width =   32
ggml_metal_library_compile_pipeline: compiling pipeline: base = 'kernel_mul_mm_f32_f32', name = 'kernel_mul_mm_f32_f32_bci=0_bco=1_ne12=16_ne13=1_r2=1_r3=1'
ggml_metal_library_compile_pipeline: loaded kernel_mul_mm_f32_f32_bci=0_bco=1_ne12=16_ne13=1_r2=1_r3=1      0x908efc700 | th_max = 1024 | th_width =   32
ggml_metal_library_compile_pipeline: compiling pipeline: base = 'kernel_soft_max_f32', name = 'kernel_soft_max_f32'
ggml_metal_library_compile_pipeline: loaded kernel_soft_max_f32                           0x908efca80 | th_max = 1024 | th_width =   32
ggml_metal_library_compile_pipeline: compiling pipeline: base = 'kernel_mul_mm_f32_f32', name = 'kernel_mul_mm_f32_f32_bci=1_bco=1_ne12=16_ne13=1_r2=1_r3=1'
ggml_metal_library_compile_pipeline: loaded kernel_mul_mm_f32_f32_bci=1_bco=1_ne12=16_ne13=1_r2=1_r3=1      0x908efce00 | th_max = 1024 | th_width =   32
ggml_metal_library_compile_pipeline: compiling pipeline: base = 'kernel_unary_f32_f32_4', name = 'kernel_unary_f32_f32_4_op=104_cnt=0'
ggml_metal_library_compile_pipeline: loaded kernel_unary_f32_f32_4_op=104_cnt=0           0x908efd180 | th_max = 1024 | th_width =   32
ggml_metal_library_compile_pipeline: compiling pipeline: base = 'kernel_norm_f32_4', name = 'kernel_norm_f32_4'
ggml_metal_library_compile_pipeline: loaded kernel_norm_f32_4                             0x908efd880 | th_max = 1024 | th_width =   32
      [cond-v] dinov3 S=512 ntok=1029: build+alloc 0.00 | upload 0.00 | compute 0.13 | readback 0.00 | free 0.00  (activations 88 MB)
      [cond-v] naf_ggml S=512 T=512 h=32 w=32 nodes=208 generic=0 direct_conv=0 activations=2832.3 MB output=1024.0 MB
      [cond-v] naf_ggml S=512 T=512 graph alloc      +    53.0 ms  @     53.0 ms
      [cond-v] naf_ggml S=512 T=512 inputs           +   146.3 ms  @    199.3 ms
ggml_metal_library_compile_pipeline: compiling pipeline: base = 'kernel_get_rows_f32', name = 'kernel_get_rows_f32'
ggml_metal_library_compile_pipeline: loaded kernel_get_rows_f32                           0x908efdf80 | th_max = 1024 | th_width =   32
ggml_metal_library_compile_pipeline: compiling pipeline: base = 'kernel_mul_mv_f16_f16_short', name = 'kernel_mul_mv_f16_f16_short_nsg=1_ne12=1_r2=1_r3=1'
ggml_metal_library_compile_pipeline: loaded kernel_mul_mv_f16_f16_short_nsg=1_ne12=1_r2=1_r3=1      0x908efe300 | th_max = 1024 | th_width =   32
ggml_metal_library_compile_pipeline: compiling pipeline: base = 'kernel_bin_fuse_f32_f32_f32', name = 'kernel_bin_fuse_f32_f32_f32_op=0_nf=1_rb=0_cb=1'
ggml_metal_library_compile_pipeline: loaded kernel_bin_fuse_f32_f32_f32_op=0_nf=1_rb=0_cb=1      0x908efe680 | th_max = 1024 | th_width =   32
ggml_metal_library_compile_pipeline: compiling pipeline: base = 'kernel_group_norm_f32', name = 'kernel_group_norm_f32'
ggml_metal_library_compile_pipeline: loaded kernel_group_norm_f32                         0x908efea00 | th_max = 1024 | th_width =   32
ggml_metal_library_compile_pipeline: compiling pipeline: base = 'kernel_bin_fuse_f32_f32_f32', name = 'kernel_bin_fuse_f32_f32_f32_op=2_nf=1_rb=0_cb=1'
ggml_metal_library_compile_pipeline: loaded kernel_bin_fuse_f32_f32_f32_op=2_nf=1_rb=0_cb=1      0x908efed80 | th_max = 1024 | th_width =   32
ggml_metal_library_compile_pipeline: compiling pipeline: base = 'kernel_unary_f32_f32_4', name = 'kernel_unary_f32_f32_4_op=106_cnt=0'
ggml_metal_library_compile_pipeline: loaded kernel_unary_f32_f32_4_op=106_cnt=0           0x908eff100 | th_max = 1024 | th_width =   32
ggml_metal_library_compile_pipeline: compiling pipeline: base = 'kernel_pad_reflect_1d_f32', name = 'kernel_pad_reflect_1d_f32'
ggml_metal_library_compile_pipeline: loaded kernel_pad_reflect_1d_f32                     0x908eff800 | th_max = 1024 | th_width =   32
ggml_metal_library_compile_pipeline: compiling pipeline: base = 'kernel_unary_f32_f32_4', name = 'kernel_unary_f32_f32_4_op=108_cnt=0'
ggml_metal_library_compile_pipeline: loaded kernel_unary_f32_f32_4_op=108_cnt=0           0x908effb80 | th_max = 1024 | th_width =   32
ggml_metal_library_compile_pipeline: compiling pipeline: base = 'kernel_sum_rows_f32_f32_4', name = 'kernel_sum_rows_f32_f32_4_op=10'
ggml_metal_library_compile_pipeline: loaded kernel_sum_rows_f32_f32_4_op=10               0x908f74000 | th_max = 1024 | th_width =   32
ggml_metal_library_compile_pipeline: compiling pipeline: base = 'kernel_mul_mm_f32_f32', name = 'kernel_mul_mm_f32_f32_bci=0_bco=1_ne12=4_ne13=1024_r2=1_r3=1'
ggml_metal_library_compile_pipeline: loaded kernel_mul_mm_f32_f32_bci=0_bco=1_ne12=4_ne13=1024_r2=1_r3=1      0x908f74380 | th_max = 1024 | th_width =   32
ggml_metal_library_compile_pipeline: compiling pipeline: base = 'kernel_mul_mm_f32_f32', name = 'kernel_mul_mm_f32_f32_bci=1_bco=0_ne12=4_ne13=1024_r2=1_r3=1'
ggml_metal_library_compile_pipeline: loaded kernel_mul_mm_f32_f32_bci=1_bco=0_ne12=4_ne13=1024_r2=1_r3=1      0x908f74700 | th_max = 1024 | th_width =   32
      [cond-v] naf_ggml S=512 T=512 graph compute    +  1541.2 ms  @   1740.5 ms
      [cond-v] naf_ggml S=512 T=512 readback         +   117.4 ms  @   1857.9 ms
      [cond-v] naf_ggml S=512 T=512 unpermute        +  1212.7 ms  @   3070.5 ms
      [cond-v] naf_ggml S=512 T=512 free             +     3.5 ms  @   3074.0 ms
      [cond-v] cond_slat view 0: normalize 0.00 | dino 0.13 | chw 0.00 | lr_proj 0.05 | naf 3.07 | hr_proj 0.23 | accum 0.01  (view 3.49s)
      [cond-v] dinov3 S=512 ntok=1029: build+alloc 0.00 | upload 0.00 | compute 0.12 | readback 0.00 | free 0.00  (activations 88 MB)
      [cond-v] naf_ggml S=512 T=512 h=32 w=32 nodes=208 generic=0 direct_conv=0 activations=2832.3 MB output=1024.0 MB
      [cond-v] naf_ggml S=512 T=512 graph alloc      +    52.4 ms  @     52.4 ms
      [cond-v] naf_ggml S=512 T=512 inputs           +   141.0 ms  @    193.4 ms
      [cond-v] naf_ggml S=512 T=512 graph compute    +  1543.3 ms  @   1736.7 ms
      [cond-v] naf_ggml S=512 T=512 readback         +    67.5 ms  @   1804.2 ms
      [cond-v] naf_ggml S=512 T=512 unpermute        +  1146.2 ms  @   2950.4 ms
      [cond-v] naf_ggml S=512 T=512 free             +     3.2 ms  @   2953.6 ms
      [cond-v] cond_slat view 1: normalize 0.00 | dino 0.12 | chw 0.00 | lr_proj 0.05 | naf 2.95 | hr_proj 0.24 | accum 0.01  (view 3.37s)
      [cond-v] dinov3 S=512 ntok=1029: build+alloc 0.03 | upload 0.00 | compute 0.12 | readback 0.00 | free 0.00  (activations 88 MB)
      [cond-v] naf_ggml S=512 T=512 h=32 w=32 nodes=208 generic=0 direct_conv=0 activations=2832.3 MB output=1024.0 MB
      [cond-v] naf_ggml S=512 T=512 graph alloc      +    53.7 ms  @     53.7 ms
      [cond-v] naf_ggml S=512 T=512 inputs           +   141.6 ms  @    195.3 ms
      [cond-v] naf_ggml S=512 T=512 graph compute    +  1545.6 ms  @   1740.8 ms
      [cond-v] naf_ggml S=512 T=512 readback         +    67.8 ms  @   1808.6 ms
      [cond-v] naf_ggml S=512 T=512 unpermute        +  1139.6 ms  @   2948.2 ms
      [cond-v] naf_ggml S=512 T=512 free             +     3.2 ms  @   2951.4 ms
      [cond-v] cond_slat view 2: normalize 0.00 | dino 0.15 | chw 0.00 | lr_proj 0.05 | naf 2.95 | hr_proj 0.21 | accum 0.01  (view 3.38s)
      [cond-v] dinov3 S=512 ntok=1029: build+alloc 0.00 | upload 0.00 | compute 0.12 | readback 0.00 | free 0.00  (activations 88 MB)
      [cond-v] naf_ggml S=512 T=512 h=32 w=32 nodes=208 generic=0 direct_conv=0 activations=2832.3 MB output=1024.0 MB
      [cond-v] naf_ggml S=512 T=512 graph alloc      +    52.2 ms  @     52.2 ms
      [cond-v] naf_ggml S=512 T=512 inputs           +   144.4 ms  @    196.6 ms
      [cond-v] naf_ggml S=512 T=512 graph compute    +  1541.1 ms  @   1737.7 ms
      [cond-v] naf_ggml S=512 T=512 readback         +    68.2 ms  @   1805.9 ms
      [cond-v] naf_ggml S=512 T=512 unpermute        +  1145.8 ms  @   2951.6 ms
      [cond-v] naf_ggml S=512 T=512 free             +     3.2 ms  @   2954.8 ms
      [cond-v] cond_slat view 3: normalize 0.00 | dino 0.12 | chw 0.00 | lr_proj 0.05 | naf 2.95 | hr_proj 0.23 | accum 0.01  (view 3.37s)
host path: 13.6 s
ggml_metal_free: deallocating
ggml_metal_free: deallocating
COND_TEX: PASS
