views: 4  S=1024 R=64 naf_T=1024 mesh_scale=1.0000  chunk=0
coords: sparse N=17489 (gather 対象 17489)
ggml_metal_device_init: tensor API disabled for pre-M5 and pre-A19 devices
ggml_metal_library_init: using embedded metal library
ggml_metal_library_init: loaded in 0.008 sec
ggml_metal_rsets_init: creating a residency set collection (keep_alive = 180 s)
ggml_metal_device_init: GPU name:   MTL0 (Apple M4 Max)
ggml_metal_device_init: GPU family: MTLGPUFamilyApple9  (1009)
ggml_metal_device_init: GPU family: MTLGPUFamilyCommon3 (3003)
ggml_metal_device_init: GPU family: MTLGPUFamilyMetal4  (5002)
ggml_metal_device_init: simdgroup reduction   = true
ggml_metal_device_init: simdgroup matrix mul. = true
ggml_metal_device_init: has unified memory    = true
ggml_metal_device_init: has bfloat            = true
ggml_metal_device_init: has tensor            = false
ggml_metal_device_init: use residency sets    = true
ggml_metal_device_init: use shared buffers    = true
ggml_metal_device_init: recommendedMaxWorkingSetSize  = 55662.79 MB
ggml_metal_init: allocating
ggml_metal_init: found device: Apple M4 Max
ggml_metal_init: picking default device: Apple M4 Max
ggml_metal_init: use fusion         = true
ggml_metal_init: use concurrency    = true
ggml_metal_init: use graph optimize = true
[trellis] using MTL0 (53084 MB)
ggml_metal_init: allocating
ggml_metal_init: found device: Apple M4 Max
ggml_metal_init: picking default device: Apple M4 Max
ggml_metal_init: use fusion         = true
ggml_metal_init: use concurrency    = true
ggml_metal_init: use graph optimize = true
[trellis] using MTL0 (53084 MB)
backend: MTL0
      [cond-v] cond_slat S=1024 R=64 T=1024: alloc out.proj 2048 MB + calc_mats (0.00s)
ggml_metal_library_compile_pipeline: compiling pipeline: base = 'kernel_cpy_f16_f32', name = 'kernel_cpy_f16_f32'
ggml_metal_library_compile_pipeline: loaded kernel_cpy_f16_f32                            0x1053c1be0 | th_max = 1024 | th_width =   32
ggml_metal_library_compile_pipeline: compiling pipeline: base = 'kernel_concat', name = 'kernel_concat'
ggml_metal_library_compile_pipeline: loaded kernel_concat                                 0x1053c25a0 | th_max = 1024 | th_width =   32
ggml_metal_library_compile_pipeline: compiling pipeline: base = 'kernel_im2col_f16', name = 'kernel_im2col_f16'
ggml_metal_library_compile_pipeline: loaded kernel_im2col_f16                             0x1053c2f60 | th_max = 1024 | th_width =   32
ggml_metal_library_compile_pipeline: compiling pipeline: base = 'kernel_mul_mm_f16_f16', name = 'kernel_mul_mm_f16_f16_bci=0_bco=0_ne12=1_ne13=1_r2=1_r3=1'
ggml_metal_library_compile_pipeline: loaded kernel_mul_mm_f16_f16_bci=0_bco=0_ne12=1_ne13=1_r2=1_r3=1      0x1053c3920 | th_max = 1024 | th_width =   32
ggml_metal_library_compile_pipeline: compiling pipeline: base = 'kernel_cpy_f32_f32', name = 'kernel_cpy_f32_f32'
ggml_metal_library_compile_pipeline: loaded kernel_cpy_f32_f32                            0x1053c41a0 | th_max = 1024 | th_width =   32
ggml_metal_library_compile_pipeline: compiling pipeline: base = 'kernel_bin_fuse_f32_f32_f32_4', name = 'kernel_bin_fuse_f32_f32_f32_4_op=0_nf=1_rb=0_cb=0'
ggml_metal_library_compile_pipeline: loaded kernel_bin_fuse_f32_f32_f32_4_op=0_nf=1_rb=0_cb=0      0x1053c4520 | th_max = 1024 | th_width =   32
ggml_metal_library_compile_pipeline: compiling pipeline: base = 'kernel_norm_mul_add_f32_4', name = 'kernel_norm_mul_add_f32_4'
ggml_metal_library_compile_pipeline: loaded kernel_norm_mul_add_f32_4                     0x1053c48a0 | th_max = 1024 | th_width =   32
ggml_metal_library_compile_pipeline: compiling pipeline: base = 'kernel_mul_mm_q8_0_f32', name = 'kernel_mul_mm_q8_0_f32_bci=0_bco=1_ne12=1_ne13=1_r2=1_r3=1'
ggml_metal_library_compile_pipeline: loaded kernel_mul_mm_q8_0_f32_bci=0_bco=1_ne12=1_ne13=1_r2=1_r3=1      0x1053c4c20 | th_max = 1024 | th_width =   32
ggml_metal_library_compile_pipeline: compiling pipeline: base = 'kernel_bin_fuse_f32_f32_f32_4', name = 'kernel_bin_fuse_f32_f32_f32_4_op=2_nf=1_rb=0_cb=0'
ggml_metal_library_compile_pipeline: loaded kernel_bin_fuse_f32_f32_f32_4_op=2_nf=1_rb=0_cb=0      0x7b0f60000 | th_max = 1024 | th_width =   32
ggml_metal_library_compile_pipeline: compiling pipeline: base = 'kernel_unary_f32_f32_4', name = 'kernel_unary_f32_f32_4_op=10_cnt=0'
ggml_metal_library_compile_pipeline: loaded kernel_unary_f32_f32_4_op=10_cnt=0            0x7b0f60380 | th_max = 1024 | th_width =   32
ggml_metal_library_compile_pipeline: compiling pipeline: base = 'kernel_mul_mm_f32_f32', name = 'kernel_mul_mm_f32_f32_bci=0_bco=1_ne12=16_ne13=1_r2=1_r3=1'
ggml_metal_library_compile_pipeline: loaded kernel_mul_mm_f32_f32_bci=0_bco=1_ne12=16_ne13=1_r2=1_r3=1      0x7b0f60700 | th_max = 1024 | th_width =   32
ggml_metal_library_compile_pipeline: compiling pipeline: base = 'kernel_soft_max_f32', name = 'kernel_soft_max_f32'
ggml_metal_library_compile_pipeline: loaded kernel_soft_max_f32                           0x7b0f60a80 | th_max = 1024 | th_width =   32
ggml_metal_library_compile_pipeline: compiling pipeline: base = 'kernel_mul_mm_f32_f32', name = 'kernel_mul_mm_f32_f32_bci=1_bco=1_ne12=16_ne13=1_r2=1_r3=1'
ggml_metal_library_compile_pipeline: loaded kernel_mul_mm_f32_f32_bci=1_bco=1_ne12=16_ne13=1_r2=1_r3=1      0x7b0f60e00 | th_max = 1024 | th_width =   32
ggml_metal_library_compile_pipeline: compiling pipeline: base = 'kernel_unary_f32_f32_4', name = 'kernel_unary_f32_f32_4_op=104_cnt=0'
ggml_metal_library_compile_pipeline: loaded kernel_unary_f32_f32_4_op=104_cnt=0           0x7b0f61180 | th_max = 1024 | th_width =   32
ggml_metal_library_compile_pipeline: compiling pipeline: base = 'kernel_norm_f32_4', name = 'kernel_norm_f32_4'
ggml_metal_library_compile_pipeline: loaded kernel_norm_f32_4                             0x7b0f61880 | th_max = 1024 | th_width =   32
      [cond-v] dinov3 S=1024 ntok=4101: build+alloc 0.02 | upload 0.00 | compute 0.78 | readback 0.00 | free 0.00  (activations 1121 MB)
      [cond-v] naf_ggml S=1024 T=1024 h=64 w=64 nodes=208 generic=0 direct_conv=0 activations=11329.3 MB output=4096.0 MB
      [cond-v] naf_ggml S=1024 T=1024 graph alloc      +   237.4 ms  @    237.4 ms
      [cond-v] naf_ggml S=1024 T=1024 inputs           +   649.0 ms  @    886.4 ms
ggml_metal_library_compile_pipeline: compiling pipeline: base = 'kernel_get_rows_f32', name = 'kernel_get_rows_f32'
ggml_metal_library_compile_pipeline: loaded kernel_get_rows_f32                           0x7b0f61f80 | th_max = 1024 | th_width =   32
ggml_metal_library_compile_pipeline: compiling pipeline: base = 'kernel_mul_mv_f16_f16_short', name = 'kernel_mul_mv_f16_f16_short_nsg=1_ne12=1_r2=1_r3=1'
ggml_metal_library_compile_pipeline: loaded kernel_mul_mv_f16_f16_short_nsg=1_ne12=1_r2=1_r3=1      0x7b0f62300 | th_max = 1024 | th_width =   32
ggml_metal_library_compile_pipeline: compiling pipeline: base = 'kernel_bin_fuse_f32_f32_f32', name = 'kernel_bin_fuse_f32_f32_f32_op=0_nf=1_rb=0_cb=1'
ggml_metal_library_compile_pipeline: loaded kernel_bin_fuse_f32_f32_f32_op=0_nf=1_rb=0_cb=1      0x7b0f62680 | th_max = 1024 | th_width =   32
ggml_metal_library_compile_pipeline: compiling pipeline: base = 'kernel_group_norm_f32', name = 'kernel_group_norm_f32'
ggml_metal_library_compile_pipeline: loaded kernel_group_norm_f32                         0x7b0f62a00 | th_max = 1024 | th_width =   32
ggml_metal_library_compile_pipeline: compiling pipeline: base = 'kernel_bin_fuse_f32_f32_f32', name = 'kernel_bin_fuse_f32_f32_f32_op=2_nf=1_rb=0_cb=1'
ggml_metal_library_compile_pipeline: loaded kernel_bin_fuse_f32_f32_f32_op=2_nf=1_rb=0_cb=1      0x7b0f62d80 | th_max = 1024 | th_width =   32
ggml_metal_library_compile_pipeline: compiling pipeline: base = 'kernel_unary_f32_f32_4', name = 'kernel_unary_f32_f32_4_op=106_cnt=0'
ggml_metal_library_compile_pipeline: loaded kernel_unary_f32_f32_4_op=106_cnt=0           0x7b0f63100 | th_max = 1024 | th_width =   32
ggml_metal_library_compile_pipeline: compiling pipeline: base = 'kernel_pad_reflect_1d_f32', name = 'kernel_pad_reflect_1d_f32'
ggml_metal_library_compile_pipeline: loaded kernel_pad_reflect_1d_f32                     0x7b0f63800 | th_max = 1024 | th_width =   32
ggml_metal_library_compile_pipeline: compiling pipeline: base = 'kernel_unary_f32_f32_4', name = 'kernel_unary_f32_f32_4_op=108_cnt=0'
ggml_metal_library_compile_pipeline: loaded kernel_unary_f32_f32_4_op=108_cnt=0           0x7b0f63b80 | th_max = 1024 | th_width =   32
ggml_metal_library_compile_pipeline: compiling pipeline: base = 'kernel_sum_rows_f32_f32_4', name = 'kernel_sum_rows_f32_f32_4_op=10'
ggml_metal_library_compile_pipeline: loaded kernel_sum_rows_f32_f32_4_op=10               0x7afc14000 | th_max = 1024 | th_width =   32
ggml_metal_library_compile_pipeline: compiling pipeline: base = 'kernel_mul_mm_f32_f32', name = 'kernel_mul_mm_f32_f32_bci=0_bco=1_ne12=4_ne13=4096_r2=1_r3=1'
ggml_metal_library_compile_pipeline: loaded kernel_mul_mm_f32_f32_bci=0_bco=1_ne12=4_ne13=4096_r2=1_r3=1      0x7afc14380 | th_max = 1024 | th_width =   32
ggml_metal_library_compile_pipeline: compiling pipeline: base = 'kernel_mul_mm_f32_f32', name = 'kernel_mul_mm_f32_f32_bci=1_bco=0_ne12=4_ne13=4096_r2=1_r3=1'
ggml_metal_library_compile_pipeline: loaded kernel_mul_mm_f32_f32_bci=1_bco=0_ne12=4_ne13=4096_r2=1_r3=1      0x7afc14700 | th_max = 1024 | th_width =   32
      [cond-v] naf_ggml S=1024 T=1024 graph compute    +  6292.5 ms  @   7178.9 ms
      [cond-v] naf_ggml S=1024 T=1024 readback         +   586.4 ms  @   7765.2 ms
      [cond-v] naf_ggml S=1024 T=1024 unpermute        +  6372.1 ms  @  14137.4 ms
      [cond-v] naf_ggml S=1024 T=1024 free             +    14.6 ms  @  14151.9 ms
      [cond-v] cond_slat view 0: normalize 0.00 | dino 0.81 | chw 0.02 | lr_proj 0.64 | naf 14.19 | hr_proj 2.01 | accum 0.37  (view 18.04s)
      [cond-v] dinov3 S=1024 ntok=4101: build+alloc 0.02 | upload 0.00 | compute 0.78 | readback 0.00 | free 0.00  (activations 1121 MB)
      [cond-v] naf_ggml S=1024 T=1024 h=64 w=64 nodes=208 generic=0 direct_conv=0 activations=11329.3 MB output=4096.0 MB
      [cond-v] naf_ggml S=1024 T=1024 graph alloc      +   210.6 ms  @    210.6 ms
      [cond-v] naf_ggml S=1024 T=1024 inputs           +   620.3 ms  @    830.9 ms
      [cond-v] naf_ggml S=1024 T=1024 graph compute    +  6291.9 ms  @   7122.8 ms
      [cond-v] naf_ggml S=1024 T=1024 readback         +   499.2 ms  @   7622.0 ms
      [cond-v] naf_ggml S=1024 T=1024 unpermute        +  6377.8 ms  @  13999.8 ms
      [cond-v] naf_ggml S=1024 T=1024 free             +    11.7 ms  @  14011.5 ms
      [cond-v] cond_slat view 1: normalize 0.00 | dino 0.81 | chw 0.03 | lr_proj 0.65 | naf 14.08 | hr_proj 2.87 | accum 0.05  (view 18.48s)
      [cond-v] dinov3 S=1024 ntok=4101: build+alloc 0.02 | upload 0.00 | compute 0.78 | readback 0.00 | free 0.00  (activations 1121 MB)
      [cond-v] naf_ggml S=1024 T=1024 h=64 w=64 nodes=208 generic=0 direct_conv=0 activations=11329.3 MB output=4096.0 MB
      [cond-v] naf_ggml S=1024 T=1024 graph alloc      +   207.1 ms  @    207.1 ms
      [cond-v] naf_ggml S=1024 T=1024 inputs           +   631.6 ms  @    838.8 ms
      [cond-v] naf_ggml S=1024 T=1024 graph compute    +  9974.5 ms  @  10813.3 ms
      [cond-v] naf_ggml S=1024 T=1024 readback         +   449.1 ms  @  11262.4 ms
      [cond-v] naf_ggml S=1024 T=1024 unpermute        +  5673.2 ms  @  16935.6 ms
      [cond-v] naf_ggml S=1024 T=1024 free             +    12.3 ms  @  16947.9 ms
      [cond-v] cond_slat view 2: normalize 0.00 | dino 0.80 | chw 0.02 | lr_proj 0.62 | naf 16.97 | hr_proj 1.93 | accum 0.05  (view 20.40s)
      [cond-v] dinov3 S=1024 ntok=4101: build+alloc 0.02 | upload 0.00 | compute 0.79 | readback 0.00 | free 0.00  (activations 1121 MB)
      [cond-v] naf_ggml S=1024 T=1024 h=64 w=64 nodes=208 generic=0 direct_conv=0 activations=11329.3 MB output=4096.0 MB
      [cond-v] naf_ggml S=1024 T=1024 graph alloc      +   211.0 ms  @    211.0 ms
      [cond-v] naf_ggml S=1024 T=1024 inputs           +   620.2 ms  @    831.1 ms
      [cond-v] naf_ggml S=1024 T=1024 graph compute    +  6294.9 ms  @   7126.1 ms
      [cond-v] naf_ggml S=1024 T=1024 readback         +   482.7 ms  @   7608.8 ms
      [cond-v] naf_ggml S=1024 T=1024 unpermute        +  5742.9 ms  @  13351.6 ms
      [cond-v] naf_ggml S=1024 T=1024 free             +    13.0 ms  @  13364.7 ms
      [cond-v] cond_slat view 3: normalize 0.00 | dino 0.81 | chw 0.02 | lr_proj 0.63 | naf 13.39 | hr_proj 2.17 | accum 0.05  (view 17.07s)
host path: 74.1 s
ggml_metal_free: deallocating
ggml_metal_free: deallocating
COND_TEX: PASS
