views: 4  S=1024 R=64 naf_T=1024 mesh_scale=1.0000  chunk=0
coords: sparse N=17489 (gather 対象 17489)
ggml_metal_device_init: tensor API disabled for pre-M5 and pre-A19 devices
ggml_metal_library_init: using embedded metal library
ggml_metal_library_init: loaded in 0.007 sec
ggml_metal_rsets_init: creating a residency set collection (keep_alive = 180 s)
ggml_metal_device_init: GPU name:   MTL0 (Apple M4 Max)
ggml_metal_device_init: GPU family: MTLGPUFamilyApple9  (1009)
ggml_metal_device_init: GPU family: MTLGPUFamilyCommon3 (3003)
ggml_metal_device_init: GPU family: MTLGPUFamilyMetal4  (5002)
ggml_metal_device_init: simdgroup reduction   = true
ggml_metal_device_init: simdgroup matrix mul. = true
ggml_metal_device_init: has unified memory    = true
ggml_metal_device_init: has bfloat            = true
ggml_metal_device_init: has tensor            = false
ggml_metal_device_init: use residency sets    = true
ggml_metal_device_init: use shared buffers    = true
ggml_metal_device_init: recommendedMaxWorkingSetSize  = 55662.79 MB
ggml_metal_init: allocating
ggml_metal_init: found device: Apple M4 Max
ggml_metal_init: picking default device: Apple M4 Max
ggml_metal_init: use fusion         = true
ggml_metal_init: use concurrency    = true
ggml_metal_init: use graph optimize = true
[trellis] using MTL0 (53084 MB)
ggml_metal_init: allocating
ggml_metal_init: found device: Apple M4 Max
ggml_metal_init: picking default device: Apple M4 Max
ggml_metal_init: use fusion         = true
ggml_metal_init: use concurrency    = true
ggml_metal_init: use graph optimize = true
[trellis] using MTL0 (53084 MB)
backend: MTL0
      [cond-v] cond_slat S=1024 R=64 T=1024: alloc out.proj 2048 MB + calc_mats (0.00s)
ggml_metal_library_compile_pipeline: compiling pipeline: base = 'kernel_cpy_f16_f32', name = 'kernel_cpy_f16_f32'
ggml_metal_library_compile_pipeline: loaded kernel_cpy_f16_f32                            0x102d2dfb0 | th_max = 1024 | th_width =   32
ggml_metal_library_compile_pipeline: compiling pipeline: base = 'kernel_concat', name = 'kernel_concat'
ggml_metal_library_compile_pipeline: loaded kernel_concat                                 0x102d2e970 | th_max = 1024 | th_width =   32
ggml_metal_library_compile_pipeline: compiling pipeline: base = 'kernel_im2col_f16', name = 'kernel_im2col_f16'
ggml_metal_library_compile_pipeline: loaded kernel_im2col_f16                             0x102d2f330 | th_max = 1024 | th_width =   32
ggml_metal_library_compile_pipeline: compiling pipeline: base = 'kernel_mul_mm_f16_f16', name = 'kernel_mul_mm_f16_f16_bci=0_bco=0_ne12=1_ne13=1_r2=1_r3=1'
ggml_metal_library_compile_pipeline: loaded kernel_mul_mm_f16_f16_bci=0_bco=0_ne12=1_ne13=1_r2=1_r3=1      0x102d2fcf0 | th_max = 1024 | th_width =   32
ggml_metal_library_compile_pipeline: compiling pipeline: base = 'kernel_cpy_f32_f32', name = 'kernel_cpy_f32_f32'
ggml_metal_library_compile_pipeline: loaded kernel_cpy_f32_f32                            0x102d30570 | th_max = 1024 | th_width =   32
ggml_metal_library_compile_pipeline: compiling pipeline: base = 'kernel_bin_fuse_f32_f32_f32_4', name = 'kernel_bin_fuse_f32_f32_f32_4_op=0_nf=1_rb=0_cb=0'
ggml_metal_library_compile_pipeline: loaded kernel_bin_fuse_f32_f32_f32_4_op=0_nf=1_rb=0_cb=0      0x102d308f0 | th_max = 1024 | th_width =   32
ggml_metal_library_compile_pipeline: compiling pipeline: base = 'kernel_norm_mul_add_f32_4', name = 'kernel_norm_mul_add_f32_4'
ggml_metal_library_compile_pipeline: loaded kernel_norm_mul_add_f32_4                     0x102d30c70 | th_max = 1024 | th_width =   32
ggml_metal_library_compile_pipeline: compiling pipeline: base = 'kernel_mul_mm_q8_0_f32', name = 'kernel_mul_mm_q8_0_f32_bci=0_bco=1_ne12=1_ne13=1_r2=1_r3=1'
ggml_metal_library_compile_pipeline: loaded kernel_mul_mm_q8_0_f32_bci=0_bco=1_ne12=1_ne13=1_r2=1_r3=1      0x102d30ff0 | th_max = 1024 | th_width =   32
ggml_metal_library_compile_pipeline: compiling pipeline: base = 'kernel_bin_fuse_f32_f32_f32_4', name = 'kernel_bin_fuse_f32_f32_f32_4_op=2_nf=1_rb=0_cb=0'
ggml_metal_library_compile_pipeline: loaded kernel_bin_fuse_f32_f32_f32_4_op=2_nf=1_rb=0_cb=0      0xcb4f38000 | th_max = 1024 | th_width =   32
ggml_metal_library_compile_pipeline: compiling pipeline: base = 'kernel_unary_f32_f32_4', name = 'kernel_unary_f32_f32_4_op=10_cnt=0'
ggml_metal_library_compile_pipeline: loaded kernel_unary_f32_f32_4_op=10_cnt=0            0xcb4f38380 | th_max = 1024 | th_width =   32
ggml_metal_library_compile_pipeline: compiling pipeline: base = 'kernel_mul_mm_f32_f32', name = 'kernel_mul_mm_f32_f32_bci=0_bco=1_ne12=16_ne13=1_r2=1_r3=1'
ggml_metal_library_compile_pipeline: loaded kernel_mul_mm_f32_f32_bci=0_bco=1_ne12=16_ne13=1_r2=1_r3=1      0xcb4f38700 | th_max = 1024 | th_width =   32
ggml_metal_library_compile_pipeline: compiling pipeline: base = 'kernel_soft_max_f32', name = 'kernel_soft_max_f32'
ggml_metal_library_compile_pipeline: loaded kernel_soft_max_f32                           0xcb4f38a80 | th_max = 1024 | th_width =   32
ggml_metal_library_compile_pipeline: compiling pipeline: base = 'kernel_mul_mm_f32_f32', name = 'kernel_mul_mm_f32_f32_bci=1_bco=1_ne12=16_ne13=1_r2=1_r3=1'
ggml_metal_library_compile_pipeline: loaded kernel_mul_mm_f32_f32_bci=1_bco=1_ne12=16_ne13=1_r2=1_r3=1      0xcb4f38e00 | th_max = 1024 | th_width =   32
ggml_metal_library_compile_pipeline: compiling pipeline: base = 'kernel_unary_f32_f32_4', name = 'kernel_unary_f32_f32_4_op=104_cnt=0'
ggml_metal_library_compile_pipeline: loaded kernel_unary_f32_f32_4_op=104_cnt=0           0xcb4f39180 | th_max = 1024 | th_width =   32
ggml_metal_library_compile_pipeline: compiling pipeline: base = 'kernel_norm_f32_4', name = 'kernel_norm_f32_4'
ggml_metal_library_compile_pipeline: loaded kernel_norm_f32_4                             0xcb4f39880 | th_max = 1024 | th_width =   32
      [cond-v] dinov3 S=1024 ntok=4101: build+alloc 0.02 | upload 0.00 | compute 0.79 | readback 0.00 | free 0.00  (activations 1121 MB)
      [cond-v] naf_ggml S=1024 T=1024 h=64 w=64 nodes=208 generic=0 direct_conv=0 activations=11329.3 MB output=4096.0 MB
      [cond-v] naf_ggml S=1024 T=1024 graph alloc      +   205.8 ms  @    205.8 ms
      [cond-v] naf_ggml S=1024 T=1024 inputs           +   634.1 ms  @    840.0 ms
ggml_metal_library_compile_pipeline: compiling pipeline: base = 'kernel_get_rows_f32', name = 'kernel_get_rows_f32'
ggml_metal_library_compile_pipeline: loaded kernel_get_rows_f32                           0xcb4f39f80 | th_max = 1024 | th_width =   32
ggml_metal_library_compile_pipeline: compiling pipeline: base = 'kernel_mul_mv_f16_f16_short', name = 'kernel_mul_mv_f16_f16_short_nsg=1_ne12=1_r2=1_r3=1'
ggml_metal_library_compile_pipeline: loaded kernel_mul_mv_f16_f16_short_nsg=1_ne12=1_r2=1_r3=1      0xcb4f3a300 | th_max = 1024 | th_width =   32
ggml_metal_library_compile_pipeline: compiling pipeline: base = 'kernel_bin_fuse_f32_f32_f32', name = 'kernel_bin_fuse_f32_f32_f32_op=0_nf=1_rb=0_cb=1'
ggml_metal_library_compile_pipeline: loaded kernel_bin_fuse_f32_f32_f32_op=0_nf=1_rb=0_cb=1      0xcb4f3a680 | th_max = 1024 | th_width =   32
ggml_metal_library_compile_pipeline: compiling pipeline: base = 'kernel_group_norm_f32', name = 'kernel_group_norm_f32'
ggml_metal_library_compile_pipeline: loaded kernel_group_norm_f32                         0xcb4f3aa00 | th_max = 1024 | th_width =   32
ggml_metal_library_compile_pipeline: compiling pipeline: base = 'kernel_bin_fuse_f32_f32_f32', name = 'kernel_bin_fuse_f32_f32_f32_op=2_nf=1_rb=0_cb=1'
ggml_metal_library_compile_pipeline: loaded kernel_bin_fuse_f32_f32_f32_op=2_nf=1_rb=0_cb=1      0xcb4f3ad80 | th_max = 1024 | th_width =   32
ggml_metal_library_compile_pipeline: compiling pipeline: base = 'kernel_unary_f32_f32_4', name = 'kernel_unary_f32_f32_4_op=106_cnt=0'
ggml_metal_library_compile_pipeline: loaded kernel_unary_f32_f32_4_op=106_cnt=0           0xcb4f3b100 | th_max = 1024 | th_width =   32
ggml_metal_library_compile_pipeline: compiling pipeline: base = 'kernel_pad_reflect_1d_f32', name = 'kernel_pad_reflect_1d_f32'
ggml_metal_library_compile_pipeline: loaded kernel_pad_reflect_1d_f32                     0xcb4f3b800 | th_max = 1024 | th_width =   32
ggml_metal_library_compile_pipeline: compiling pipeline: base = 'kernel_unary_f32_f32_4', name = 'kernel_unary_f32_f32_4_op=108_cnt=0'
ggml_metal_library_compile_pipeline: loaded kernel_unary_f32_f32_4_op=108_cnt=0           0xcb4f3bb80 | th_max = 1024 | th_width =   32
ggml_metal_library_compile_pipeline: compiling pipeline: base = 'kernel_sum_rows_f32_f32_4', name = 'kernel_sum_rows_f32_f32_4_op=10'
ggml_metal_library_compile_pipeline: loaded kernel_sum_rows_f32_f32_4_op=10               0xcb4fa8000 | th_max = 1024 | th_width =   32
ggml_metal_library_compile_pipeline: compiling pipeline: base = 'kernel_mul_mm_f32_f32', name = 'kernel_mul_mm_f32_f32_bci=0_bco=1_ne12=4_ne13=4096_r2=1_r3=1'
ggml_metal_library_compile_pipeline: loaded kernel_mul_mm_f32_f32_bci=0_bco=1_ne12=4_ne13=4096_r2=1_r3=1      0xcb4fa8380 | th_max = 1024 | th_width =   32
ggml_metal_library_compile_pipeline: compiling pipeline: base = 'kernel_mul_mm_f32_f32', name = 'kernel_mul_mm_f32_f32_bci=1_bco=0_ne12=4_ne13=4096_r2=1_r3=1'
ggml_metal_library_compile_pipeline: loaded kernel_mul_mm_f32_f32_bci=1_bco=0_ne12=4_ne13=4096_r2=1_r3=1      0xcb4fa8700 | th_max = 1024 | th_width =   32
      [cond-v] naf_ggml S=1024 T=1024 graph compute    +  6300.7 ms  @   7140.6 ms
      [cond-v] naf_ggml S=1024 T=1024 readback         +   497.4 ms  @   7638.0 ms
      [cond-v] naf_ggml S=1024 T=1024 unpermute        +  5519.7 ms  @  13157.8 ms
      [cond-v] naf_ggml S=1024 T=1024 free             +    12.0 ms  @  13169.7 ms
      [cond-v] cond_slat view 0: normalize 0.00 | dino 0.81 | chw 0.03 | lr_proj 0.69 | naf 13.19 | hr_proj 1.94 | accum 0.08  (view 16.74s)
      [cond-v] dinov3 S=1024 ntok=4101: build+alloc 0.02 | upload 0.00 | compute 0.79 | readback 0.00 | free 0.00  (activations 1121 MB)
      [cond-v] naf_ggml S=1024 T=1024 h=64 w=64 nodes=208 generic=0 direct_conv=0 activations=11329.3 MB output=4096.0 MB
      [cond-v] naf_ggml S=1024 T=1024 graph alloc      +   208.1 ms  @    208.1 ms
      [cond-v] naf_ggml S=1024 T=1024 inputs           +   623.2 ms  @    831.3 ms
      [cond-v] naf_ggml S=1024 T=1024 graph compute    + 10036.2 ms  @  10867.6 ms
      [cond-v] naf_ggml S=1024 T=1024 readback         +   478.0 ms  @  11345.6 ms
      [cond-v] naf_ggml S=1024 T=1024 unpermute        +  6151.2 ms  @  17496.7 ms
      [cond-v] naf_ggml S=1024 T=1024 free             +    11.9 ms  @  17508.7 ms
      [cond-v] cond_slat view 1: normalize 0.00 | dino 0.81 | chw 0.02 | lr_proj 0.70 | naf 17.55 | hr_proj 2.27 | accum 0.19  (view 21.55s)
      [cond-v] dinov3 S=1024 ntok=4101: build+alloc 0.02 | upload 0.00 | compute 0.78 | readback 0.00 | free 0.00  (activations 1121 MB)
      [cond-v] naf_ggml S=1024 T=1024 h=64 w=64 nodes=208 generic=0 direct_conv=0 activations=11329.3 MB output=4096.0 MB
      [cond-v] naf_ggml S=1024 T=1024 graph alloc      +   200.8 ms  @    200.8 ms
      [cond-v] naf_ggml S=1024 T=1024 inputs           +   654.6 ms  @    855.4 ms
      [cond-v] naf_ggml S=1024 T=1024 graph compute    +  6296.2 ms  @   7151.6 ms
      [cond-v] naf_ggml S=1024 T=1024 readback         +   507.8 ms  @   7659.4 ms
      [cond-v] naf_ggml S=1024 T=1024 unpermute        +  6508.3 ms  @  14167.6 ms
      [cond-v] naf_ggml S=1024 T=1024 free             +    11.9 ms  @  14179.5 ms
      [cond-v] cond_slat view 2: normalize 0.00 | dino 0.81 | chw 0.02 | lr_proj 0.62 | naf 14.22 | hr_proj 2.10 | accum 0.12  (view 17.90s)
      [cond-v] dinov3 S=1024 ntok=4101: build+alloc 0.02 | upload 0.00 | compute 0.79 | readback 0.00 | free 0.00  (activations 1121 MB)
      [cond-v] naf_ggml S=1024 T=1024 h=64 w=64 nodes=208 generic=0 direct_conv=0 activations=11329.3 MB output=4096.0 MB
      [cond-v] naf_ggml S=1024 T=1024 graph alloc      +   215.1 ms  @    215.1 ms
      [cond-v] naf_ggml S=1024 T=1024 inputs           +   654.1 ms  @    869.2 ms
      [cond-v] naf_ggml S=1024 T=1024 graph compute    +  6294.3 ms  @   7163.5 ms
      [cond-v] naf_ggml S=1024 T=1024 readback         +   435.0 ms  @   7598.4 ms
      [cond-v] naf_ggml S=1024 T=1024 unpermute        +  5604.6 ms  @  13203.1 ms
      [cond-v] naf_ggml S=1024 T=1024 free             +    12.3 ms  @  13215.3 ms
      [cond-v] cond_slat view 3: normalize 0.00 | dino 0.82 | chw 0.02 | lr_proj 0.77 | naf 13.24 | hr_proj 2.15 | accum 0.05  (view 17.04s)
host path: 73.3 s
ggml_metal_free: deallocating
ggml_metal_free: deallocating
COND_TEX: PASS
