views: 4  S=1024 R=64 naf_T=512 mesh_scale=1.0000  chunk=0
coords: sparse N=17489 (gather 対象 17489)
ggml_metal_device_init: tensor API disabled for pre-M5 and pre-A19 devices
ggml_metal_library_init: using embedded metal library
ggml_metal_library_init: loaded in 0.007 sec
ggml_metal_rsets_init: creating a residency set collection (keep_alive = 180 s)
ggml_metal_device_init: GPU name:   MTL0 (Apple M4 Max)
ggml_metal_device_init: GPU family: MTLGPUFamilyApple9  (1009)
ggml_metal_device_init: GPU family: MTLGPUFamilyCommon3 (3003)
ggml_metal_device_init: GPU family: MTLGPUFamilyMetal4  (5002)
ggml_metal_device_init: simdgroup reduction   = true
ggml_metal_device_init: simdgroup matrix mul. = true
ggml_metal_device_init: has unified memory    = true
ggml_metal_device_init: has bfloat            = true
ggml_metal_device_init: has tensor            = false
ggml_metal_device_init: use residency sets    = true
ggml_metal_device_init: use shared buffers    = true
ggml_metal_device_init: recommendedMaxWorkingSetSize  = 55662.79 MB
ggml_metal_init: allocating
ggml_metal_init: found device: Apple M4 Max
ggml_metal_init: picking default device: Apple M4 Max
ggml_metal_init: use fusion         = true
ggml_metal_init: use concurrency    = true
ggml_metal_init: use graph optimize = true
[trellis] using MTL0 (53084 MB)
ggml_metal_init: allocating
ggml_metal_init: found device: Apple M4 Max
ggml_metal_init: picking default device: Apple M4 Max
ggml_metal_init: use fusion         = true
ggml_metal_init: use concurrency    = true
ggml_metal_init: use graph optimize = true
[trellis] using MTL0 (53084 MB)
backend: MTL0
      [cond-v] cond_slat S=1024 R=64 T=512: alloc out.proj 2048 MB + calc_mats (0.00s)
ggml_metal_library_compile_pipeline: compiling pipeline: base = 'kernel_cpy_f16_f32', name = 'kernel_cpy_f16_f32'
ggml_metal_library_compile_pipeline: loaded kernel_cpy_f16_f32                            0x100eba3d0 | th_max = 1024 | th_width =   32
ggml_metal_library_compile_pipeline: compiling pipeline: base = 'kernel_concat', name = 'kernel_concat'
ggml_metal_library_compile_pipeline: loaded kernel_concat                                 0x100ebac50 | th_max = 1024 | th_width =   32
ggml_metal_library_compile_pipeline: compiling pipeline: base = 'kernel_im2col_f16', name = 'kernel_im2col_f16'
ggml_metal_library_compile_pipeline: loaded kernel_im2col_f16                             0x100ebb4d0 | th_max = 1024 | th_width =   32
ggml_metal_library_compile_pipeline: compiling pipeline: base = 'kernel_mul_mm_f16_f16', name = 'kernel_mul_mm_f16_f16_bci=0_bco=0_ne12=1_ne13=1_r2=1_r3=1'
ggml_metal_library_compile_pipeline: loaded kernel_mul_mm_f16_f16_bci=0_bco=0_ne12=1_ne13=1_r2=1_r3=1      0x100ebbd50 | th_max = 1024 | th_width =   32
ggml_metal_library_compile_pipeline: compiling pipeline: base = 'kernel_cpy_f32_f32', name = 'kernel_cpy_f32_f32'
ggml_metal_library_compile_pipeline: loaded kernel_cpy_f32_f32                            0x100ebc5d0 | th_max = 1024 | th_width =   32
ggml_metal_library_compile_pipeline: compiling pipeline: base = 'kernel_bin_fuse_f32_f32_f32_4', name = 'kernel_bin_fuse_f32_f32_f32_4_op=0_nf=1_rb=0_cb=0'
ggml_metal_library_compile_pipeline: loaded kernel_bin_fuse_f32_f32_f32_4_op=0_nf=1_rb=0_cb=0      0x100ebc950 | th_max = 1024 | th_width =   32
ggml_metal_library_compile_pipeline: compiling pipeline: base = 'kernel_norm_mul_add_f32_4', name = 'kernel_norm_mul_add_f32_4'
ggml_metal_library_compile_pipeline: loaded kernel_norm_mul_add_f32_4                     0x100ebccd0 | th_max = 1024 | th_width =   32
ggml_metal_library_compile_pipeline: compiling pipeline: base = 'kernel_mul_mm_q8_0_f32', name = 'kernel_mul_mm_q8_0_f32_bci=0_bco=1_ne12=1_ne13=1_r2=1_r3=1'
ggml_metal_library_compile_pipeline: loaded kernel_mul_mm_q8_0_f32_bci=0_bco=1_ne12=1_ne13=1_r2=1_r3=1      0x100ebd050 | th_max = 1024 | th_width =   32
ggml_metal_library_compile_pipeline: compiling pipeline: base = 'kernel_bin_fuse_f32_f32_f32_4', name = 'kernel_bin_fuse_f32_f32_f32_4_op=2_nf=1_rb=0_cb=0'
ggml_metal_library_compile_pipeline: loaded kernel_bin_fuse_f32_f32_f32_4_op=2_nf=1_rb=0_cb=0      0x8d8f3c000 | th_max = 1024 | th_width =   32
ggml_metal_library_compile_pipeline: compiling pipeline: base = 'kernel_unary_f32_f32_4', name = 'kernel_unary_f32_f32_4_op=10_cnt=0'
ggml_metal_library_compile_pipeline: loaded kernel_unary_f32_f32_4_op=10_cnt=0            0x8d8f3c380 | th_max = 1024 | th_width =   32
ggml_metal_library_compile_pipeline: compiling pipeline: base = 'kernel_mul_mm_f32_f32', name = 'kernel_mul_mm_f32_f32_bci=0_bco=1_ne12=16_ne13=1_r2=1_r3=1'
ggml_metal_library_compile_pipeline: loaded kernel_mul_mm_f32_f32_bci=0_bco=1_ne12=16_ne13=1_r2=1_r3=1      0x8d8f3c700 | th_max = 1024 | th_width =   32
ggml_metal_library_compile_pipeline: compiling pipeline: base = 'kernel_soft_max_f32', name = 'kernel_soft_max_f32'
ggml_metal_library_compile_pipeline: loaded kernel_soft_max_f32                           0x8d8f3ca80 | th_max = 1024 | th_width =   32
ggml_metal_library_compile_pipeline: compiling pipeline: base = 'kernel_mul_mm_f32_f32', name = 'kernel_mul_mm_f32_f32_bci=1_bco=1_ne12=16_ne13=1_r2=1_r3=1'
ggml_metal_library_compile_pipeline: loaded kernel_mul_mm_f32_f32_bci=1_bco=1_ne12=16_ne13=1_r2=1_r3=1      0x8d8f3ce00 | th_max = 1024 | th_width =   32
ggml_metal_library_compile_pipeline: compiling pipeline: base = 'kernel_unary_f32_f32_4', name = 'kernel_unary_f32_f32_4_op=104_cnt=0'
ggml_metal_library_compile_pipeline: loaded kernel_unary_f32_f32_4_op=104_cnt=0           0x8d8f3d180 | th_max = 1024 | th_width =   32
ggml_metal_library_compile_pipeline: compiling pipeline: base = 'kernel_norm_f32_4', name = 'kernel_norm_f32_4'
ggml_metal_library_compile_pipeline: loaded kernel_norm_f32_4                             0x8d8f3d880 | th_max = 1024 | th_width =   32
      [cond-v] dinov3 S=1024 ntok=4101: build+alloc 0.02 | upload 0.00 | compute 0.80 | readback 0.00 | free 0.00  (activations 1121 MB)
      [cond-v] naf_ggml S=1024 T=512 h=64 w=64 nodes=209 generic=0 direct_conv=0 activations=5568.3 MB output=1024.0 MB
      [cond-v] naf_ggml S=1024 T=512 graph alloc      +   102.8 ms  @    102.8 ms
      [cond-v] naf_ggml S=1024 T=512 inputs           +   163.9 ms  @    266.7 ms
ggml_metal_library_compile_pipeline: compiling pipeline: base = 'kernel_get_rows_f32', name = 'kernel_get_rows_f32'
ggml_metal_library_compile_pipeline: loaded kernel_get_rows_f32                           0x8d8f3df80 | th_max = 1024 | th_width =   32
ggml_metal_library_compile_pipeline: compiling pipeline: base = 'kernel_mul_mv_f16_f16_short', name = 'kernel_mul_mv_f16_f16_short_nsg=1_ne12=1_r2=1_r3=1'
ggml_metal_library_compile_pipeline: loaded kernel_mul_mv_f16_f16_short_nsg=1_ne12=1_r2=1_r3=1      0x8d8f3e300 | th_max = 1024 | th_width =   32
ggml_metal_library_compile_pipeline: compiling pipeline: base = 'kernel_bin_fuse_f32_f32_f32', name = 'kernel_bin_fuse_f32_f32_f32_op=0_nf=1_rb=0_cb=1'
ggml_metal_library_compile_pipeline: loaded kernel_bin_fuse_f32_f32_f32_op=0_nf=1_rb=0_cb=1      0x8d8f3e680 | th_max = 1024 | th_width =   32
ggml_metal_library_compile_pipeline: compiling pipeline: base = 'kernel_group_norm_f32', name = 'kernel_group_norm_f32'
ggml_metal_library_compile_pipeline: loaded kernel_group_norm_f32                         0x8d8f3ea00 | th_max = 1024 | th_width =   32
ggml_metal_library_compile_pipeline: compiling pipeline: base = 'kernel_bin_fuse_f32_f32_f32', name = 'kernel_bin_fuse_f32_f32_f32_op=2_nf=1_rb=0_cb=1'
ggml_metal_library_compile_pipeline: loaded kernel_bin_fuse_f32_f32_f32_op=2_nf=1_rb=0_cb=1      0x8d8f3ed80 | th_max = 1024 | th_width =   32
ggml_metal_library_compile_pipeline: compiling pipeline: base = 'kernel_unary_f32_f32_4', name = 'kernel_unary_f32_f32_4_op=106_cnt=0'
ggml_metal_library_compile_pipeline: loaded kernel_unary_f32_f32_4_op=106_cnt=0           0x8d8f3f100 | th_max = 1024 | th_width =   32
ggml_metal_library_compile_pipeline: compiling pipeline: base = 'kernel_pad_reflect_1d_f32', name = 'kernel_pad_reflect_1d_f32'
ggml_metal_library_compile_pipeline: loaded kernel_pad_reflect_1d_f32                     0x8d8f3f800 | th_max = 1024 | th_width =   32
ggml_metal_library_compile_pipeline: compiling pipeline: base = 'kernel_pool_2d_avg_f32', name = 'kernel_pool_2d_avg_f32'
ggml_metal_library_compile_pipeline: loaded kernel_pool_2d_avg_f32                        0x8d8f3fb80 | th_max = 1024 | th_width =   32
ggml_metal_library_compile_pipeline: compiling pipeline: base = 'kernel_unary_f32_f32_4', name = 'kernel_unary_f32_f32_4_op=108_cnt=0'
ggml_metal_library_compile_pipeline: loaded kernel_unary_f32_f32_4_op=108_cnt=0           0x8d8f94000 | th_max = 1024 | th_width =   32
ggml_metal_library_compile_pipeline: compiling pipeline: base = 'kernel_sum_rows_f32_f32_4', name = 'kernel_sum_rows_f32_f32_4_op=10'
ggml_metal_library_compile_pipeline: loaded kernel_sum_rows_f32_f32_4_op=10               0x8d8f94380 | th_max = 1024 | th_width =   32
ggml_metal_library_compile_pipeline: compiling pipeline: base = 'kernel_mul_mm_f32_f32', name = 'kernel_mul_mm_f32_f32_bci=0_bco=1_ne12=4_ne13=4096_r2=1_r3=1'
ggml_metal_library_compile_pipeline: loaded kernel_mul_mm_f32_f32_bci=0_bco=1_ne12=4_ne13=4096_r2=1_r3=1      0x8d8f94700 | th_max = 1024 | th_width =   32
ggml_metal_library_compile_pipeline: compiling pipeline: base = 'kernel_mul_mm_f32_f32', name = 'kernel_mul_mm_f32_f32_bci=1_bco=0_ne12=4_ne13=4096_r2=1_r3=1'
ggml_metal_library_compile_pipeline: loaded kernel_mul_mm_f32_f32_bci=1_bco=0_ne12=4_ne13=4096_r2=1_r3=1      0x8d8f94a80 | th_max = 1024 | th_width =   32
      [cond-v] naf_ggml S=1024 T=512 graph compute    +  6022.9 ms  @   6289.7 ms
      [cond-v] naf_ggml S=1024 T=512 readback         +   115.2 ms  @   6404.9 ms
      [cond-v] naf_ggml S=1024 T=512 unpermute        +  1253.0 ms  @   7657.9 ms
      [cond-v] naf_ggml S=1024 T=512 free             +     3.2 ms  @   7661.1 ms
      [cond-v] cond_slat view 0: normalize 0.00 | dino 0.83 | chw 0.02 | lr_proj 0.68 | naf 7.66 | hr_proj 1.25 | accum 0.05  (view 10.49s)
      [cond-v] dinov3 S=1024 ntok=4101: build+alloc 0.02 | upload 0.00 | compute 0.80 | readback 0.00 | free 0.00  (activations 1121 MB)
      [cond-v] naf_ggml S=1024 T=512 h=64 w=64 nodes=209 generic=0 direct_conv=0 activations=5568.3 MB output=1024.0 MB
      [cond-v] naf_ggml S=1024 T=512 graph alloc      +   107.3 ms  @    107.3 ms
      [cond-v] naf_ggml S=1024 T=512 inputs           +   171.9 ms  @    279.3 ms
      [cond-v] naf_ggml S=1024 T=512 graph compute    +  6034.2 ms  @   6313.4 ms
      [cond-v] naf_ggml S=1024 T=512 readback         +    72.4 ms  @   6385.9 ms
      [cond-v] naf_ggml S=1024 T=512 unpermute        +  1282.8 ms  @   7668.6 ms
      [cond-v] naf_ggml S=1024 T=512 free             +     3.8 ms  @   7672.4 ms
      [cond-v] cond_slat view 1: normalize 0.00 | dino 0.82 | chw 0.02 | lr_proj 0.73 | naf 7.67 | hr_proj 1.46 | accum 0.05  (view 10.76s)
      [cond-v] dinov3 S=1024 ntok=4101: build+alloc 0.02 | upload 0.00 | compute 0.79 | readback 0.00 | free 0.00  (activations 1121 MB)
      [cond-v] naf_ggml S=1024 T=512 h=64 w=64 nodes=209 generic=0 direct_conv=0 activations=5568.3 MB output=1024.0 MB
      [cond-v] naf_ggml S=1024 T=512 graph alloc      +   105.2 ms  @    105.2 ms
      [cond-v] naf_ggml S=1024 T=512 inputs           +   169.8 ms  @    274.9 ms
      [cond-v] naf_ggml S=1024 T=512 graph compute    +  6009.3 ms  @   6284.3 ms
      [cond-v] naf_ggml S=1024 T=512 readback         +    74.3 ms  @   6358.6 ms
      [cond-v] naf_ggml S=1024 T=512 unpermute        +  1269.4 ms  @   7628.0 ms
      [cond-v] naf_ggml S=1024 T=512 free             +     3.4 ms  @   7631.3 ms
      [cond-v] cond_slat view 2: normalize 0.00 | dino 0.82 | chw 0.02 | lr_proj 0.64 | naf 7.63 | hr_proj 1.27 | accum 0.05  (view 10.42s)
      [cond-v] dinov3 S=1024 ntok=4101: build+alloc 0.02 | upload 0.00 | compute 0.79 | readback 0.00 | free 0.00  (activations 1121 MB)
      [cond-v] naf_ggml S=1024 T=512 h=64 w=64 nodes=209 generic=0 direct_conv=0 activations=5568.3 MB output=1024.0 MB
      [cond-v] naf_ggml S=1024 T=512 graph alloc      +   106.1 ms  @    106.1 ms
      [cond-v] naf_ggml S=1024 T=512 inputs           +   166.8 ms  @    272.9 ms
      [cond-v] naf_ggml S=1024 T=512 graph compute    +  6010.3 ms  @   6283.2 ms
      [cond-v] naf_ggml S=1024 T=512 readback         +    82.7 ms  @   6366.0 ms
      [cond-v] naf_ggml S=1024 T=512 unpermute        +  1276.1 ms  @   7642.1 ms
      [cond-v] naf_ggml S=1024 T=512 free             +     3.4 ms  @   7645.5 ms
      [cond-v] cond_slat view 3: normalize 0.00 | dino 0.82 | chw 0.04 | lr_proj 0.64 | naf 7.65 | hr_proj 1.47 | accum 0.05  (view 10.66s)
host path: 42.4 s
ggml_metal_free: deallocating
ggml_metal_free: deallocating
COND_TEX: PASS
