[trellis] generating model with seed 1
[1/6] Pixal3D multiview: load /Users/s25705/Downloads/pixal3d-metal-groupnorm/docker/linux-webgpu-gate/e2e/views
      V=4 views, mesh_scale=1.0000
      flow weights: mv  (load 0.2s)
[2/6] SS proj conditioning + flow
ggml_metal_device_init: tensor API disabled for pre-M5 and pre-A19 devices
ggml_metal_library_init: using embedded metal library
ggml_metal_library_init: loaded in 0.012 sec
ggml_metal_rsets_init: creating a residency set collection (keep_alive = 180 s)
ggml_metal_device_init: GPU name:   MTL0 (Apple M4 Max)
ggml_metal_device_init: GPU family: MTLGPUFamilyApple9  (1009)
ggml_metal_device_init: GPU family: MTLGPUFamilyCommon3 (3003)
ggml_metal_device_init: GPU family: MTLGPUFamilyMetal4  (5002)
ggml_metal_device_init: simdgroup reduction   = true
ggml_metal_device_init: simdgroup matrix mul. = true
ggml_metal_device_init: has unified memory    = true
ggml_metal_device_init: has bfloat            = true
ggml_metal_device_init: has tensor            = false
ggml_metal_device_init: use residency sets    = true
ggml_metal_device_init: use shared buffers    = true
ggml_metal_device_init: recommendedMaxWorkingSetSize  = 55662.79 MB
ggml_metal_init: allocating
ggml_metal_init: found device: Apple M4 Max
ggml_metal_init: picking default device: Apple M4 Max
ggml_metal_init: use fusion         = true
ggml_metal_init: use concurrency    = true
ggml_metal_init: use graph optimize = true
[trellis] using MTL0 (53084 MB) [auto]
      [cond] load dinov3 (0.1s)
      [cond-v] cond_ss S=512 R=16: alloc 16 MB + calc_mats (0.00s)
ggml_metal_library_compile_pipeline: compiling pipeline: base = 'kernel_cpy_f16_f32', name = 'kernel_cpy_f16_f32'
ggml_metal_library_compile_pipeline: loaded kernel_cpy_f16_f32                            0x103162400 | th_max = 1024 | th_width =   32
ggml_metal_library_compile_pipeline: compiling pipeline: base = 'kernel_concat', name = 'kernel_concat'
ggml_metal_library_compile_pipeline: loaded kernel_concat                                 0x103162c80 | th_max = 1024 | th_width =   32
ggml_metal_library_compile_pipeline: compiling pipeline: base = 'kernel_im2col_f16', name = 'kernel_im2col_f16'
ggml_metal_library_compile_pipeline: loaded kernel_im2col_f16                             0x103163500 | th_max = 1024 | th_width =   32
ggml_metal_library_compile_pipeline: compiling pipeline: base = 'kernel_mul_mm_f16_f16', name = 'kernel_mul_mm_f16_f16_bci=0_bco=0_ne12=1_ne13=1_r2=1_r3=1'
ggml_metal_library_compile_pipeline: loaded kernel_mul_mm_f16_f16_bci=0_bco=0_ne12=1_ne13=1_r2=1_r3=1      0x103164080 | th_max = 1024 | th_width =   32
ggml_metal_library_compile_pipeline: compiling pipeline: base = 'kernel_cpy_f32_f32', name = 'kernel_cpy_f32_f32'
ggml_metal_library_compile_pipeline: loaded kernel_cpy_f32_f32                            0x103164900 | th_max = 1024 | th_width =   32
ggml_metal_library_compile_pipeline: compiling pipeline: base = 'kernel_bin_fuse_f32_f32_f32_4', name = 'kernel_bin_fuse_f32_f32_f32_4_op=0_nf=1_rb=0_cb=0'
ggml_metal_library_compile_pipeline: loaded kernel_bin_fuse_f32_f32_f32_4_op=0_nf=1_rb=0_cb=0      0x103164f80 | th_max = 1024 | th_width =   32
ggml_metal_library_compile_pipeline: compiling pipeline: base = 'kernel_norm_mul_add_f32_4', name = 'kernel_norm_mul_add_f32_4'
ggml_metal_library_compile_pipeline: loaded kernel_norm_mul_add_f32_4                     0x103165300 | th_max = 1024 | th_width =   32
ggml_metal_library_compile_pipeline: compiling pipeline: base = 'kernel_mul_mm_q8_0_f32', name = 'kernel_mul_mm_q8_0_f32_bci=0_bco=1_ne12=1_ne13=1_r2=1_r3=1'
ggml_metal_library_compile_pipeline: loaded kernel_mul_mm_q8_0_f32_bci=0_bco=1_ne12=1_ne13=1_r2=1_r3=1      0x103165980 | th_max = 1024 | th_width =   32
ggml_metal_library_compile_pipeline: compiling pipeline: base = 'kernel_bin_fuse_f32_f32_f32_4', name = 'kernel_bin_fuse_f32_f32_f32_4_op=2_nf=1_rb=0_cb=0'
ggml_metal_library_compile_pipeline: loaded kernel_bin_fuse_f32_f32_f32_4_op=2_nf=1_rb=0_cb=0      0xb48e6c000 | th_max = 1024 | th_width =   32
ggml_metal_library_compile_pipeline: compiling pipeline: base = 'kernel_unary_f32_f32_4', name = 'kernel_unary_f32_f32_4_op=10_cnt=0'
ggml_metal_library_compile_pipeline: loaded kernel_unary_f32_f32_4_op=10_cnt=0            0xb48e6c380 | th_max = 1024 | th_width =   32
ggml_metal_library_compile_pipeline: compiling pipeline: base = 'kernel_mul_mm_f32_f32', name = 'kernel_mul_mm_f32_f32_bci=0_bco=1_ne12=16_ne13=1_r2=1_r3=1'
ggml_metal_library_compile_pipeline: loaded kernel_mul_mm_f32_f32_bci=0_bco=1_ne12=16_ne13=1_r2=1_r3=1      0xb48e6c700 | th_max = 1024 | th_width =   32
ggml_metal_library_compile_pipeline: compiling pipeline: base = 'kernel_soft_max_f32', name = 'kernel_soft_max_f32'
ggml_metal_library_compile_pipeline: loaded kernel_soft_max_f32                           0xb48e6ca80 | th_max = 1024 | th_width =   32
ggml_metal_library_compile_pipeline: compiling pipeline: base = 'kernel_mul_mm_f32_f32', name = 'kernel_mul_mm_f32_f32_bci=1_bco=1_ne12=16_ne13=1_r2=1_r3=1'
ggml_metal_library_compile_pipeline: loaded kernel_mul_mm_f32_f32_bci=1_bco=1_ne12=16_ne13=1_r2=1_r3=1      0xb48e6ce00 | th_max = 1024 | th_width =   32
ggml_metal_library_compile_pipeline: compiling pipeline: base = 'kernel_unary_f32_f32_4', name = 'kernel_unary_f32_f32_4_op=104_cnt=0'
ggml_metal_library_compile_pipeline: loaded kernel_unary_f32_f32_4_op=104_cnt=0           0xb48e6d180 | th_max = 1024 | th_width =   32
ggml_metal_library_compile_pipeline: compiling pipeline: base = 'kernel_norm_f32_4', name = 'kernel_norm_f32_4'
ggml_metal_library_compile_pipeline: loaded kernel_norm_f32_4                             0xb48e6d880 | th_max = 1024 | th_width =   32
      [cond-v] dinov3 S=512 ntok=1029: build+alloc 0.00 | upload 0.00 | compute 0.14 | readback 0.00 | free 0.00  (activations 88 MB)
      [cond-v] cond_ss view 0: normalize 0.00 | dino 0.15 | chw 0.01 | proj 0.01 | accum 0.00  (view 0.17s)
      [cond-v] dinov3 S=512 ntok=1029: build+alloc 0.00 | upload 0.00 | compute 0.16 | readback 0.00 | free 0.00  (activations 88 MB)
      [cond-v] cond_ss view 1: normalize 0.00 | dino 0.16 | chw 0.01 | proj 0.02 | accum 0.00  (view 0.20s)
      [cond-v] dinov3 S=512 ntok=1029: build+alloc 0.01 | upload 0.00 | compute 0.28 | readback 0.00 | free 0.00  (activations 88 MB)
      [cond-v] cond_ss view 2: normalize 0.00 | dino 0.29 | chw 0.01 | proj 0.01 | accum 0.00  (view 0.31s)
      [cond-v] dinov3 S=512 ntok=1029: build+alloc 0.00 | upload 0.00 | compute 0.25 | readback 0.00 | free 0.00  (activations 88 MB)
      [cond-v] cond_ss view 3: normalize 0.00 | dino 0.25 | chw 0.00 | proj 0.01 | accum 0.00  (view 0.27s)
ggml_metal_free: deallocating
      [cond] cond_ss S=512 R=16 (host path) (0.9s)
ggml_metal_init: allocating
ggml_metal_init: found device: Apple M4 Max
ggml_metal_init: picking default device: Apple M4 Max
ggml_metal_init: use fusion         = true
ggml_metal_init: use concurrency    = true
ggml_metal_init: use graph optimize = true
[trellis] using MTL0 (53084 MB) [auto]
      [flow] [....................]  0/12    0.0s  starting    
ggml_metal_library_compile_pipeline: compiling pipeline: base = 'kernel_mul_mv_f16_f32_short', name = 'kernel_mul_mv_f16_f32_short_nsg=1_ne12=1_r2=1_r3=1'
ggml_metal_library_compile_pipeline: loaded kernel_mul_mv_f16_f32_short_nsg=1_ne12=1_r2=1_r3=1      0xb48e6d500 | th_max = 1024 | th_width =   32
ggml_metal_library_compile_pipeline: compiling pipeline: base = 'kernel_mul_mv_q8_0_f32', name = 'kernel_mul_mv_q8_0_f32_nsg=4_ne12=1_r2=1_r3=1'
ggml_metal_library_compile_pipeline: loaded kernel_mul_mv_q8_0_f32_nsg=4_ne12=1_r2=1_r3=1      0xb48e6dc00 | th_max = 1024 | th_width =   32
ggml_metal_library_compile_pipeline: compiling pipeline: base = 'kernel_bin_fuse_f32_f32_f32_4', name = 'kernel_bin_fuse_f32_f32_f32_4_op=0_nf=1_rb=1_cb=0'
ggml_metal_library_compile_pipeline: loaded kernel_bin_fuse_f32_f32_f32_4_op=0_nf=1_rb=1_cb=0      0xb48e6e300 | th_max = 1024 | th_width =   32
ggml_metal_library_compile_pipeline: compiling pipeline: base = 'kernel_unary_f32_f32_4', name = 'kernel_unary_f32_f32_4_op=106_cnt=1'
ggml_metal_library_compile_pipeline: loaded kernel_unary_f32_f32_4_op=106_cnt=1           0xb48e6e680 | th_max = 1024 | th_width =   32
ggml_metal_library_compile_pipeline: compiling pipeline: base = 'kernel_mul_mm_q8_0_f32', name = 'kernel_mul_mm_q8_0_f32_bci=0_bco=0_ne12=1_ne13=1_r2=1_r3=1'
ggml_metal_library_compile_pipeline: loaded kernel_mul_mm_q8_0_f32_bci=0_bco=0_ne12=1_ne13=1_r2=1_r3=1      0xb48e6ea00 | th_max = 1024 | th_width =   32
ggml_metal_library_compile_pipeline: compiling pipeline: base = 'kernel_rms_norm_f32_4', name = 'kernel_rms_norm_f32_4'
ggml_metal_library_compile_pipeline: loaded kernel_rms_norm_f32_4                         0xb48e6ed80 | th_max = 1024 | th_width =   32
ggml_metal_library_compile_pipeline: compiling pipeline: base = 'kernel_bin_fuse_f32_f32_f32_4', name = 'kernel_bin_fuse_f32_f32_f32_4_op=1_nf=1_rb=0_cb=0'
ggml_metal_library_compile_pipeline: loaded kernel_bin_fuse_f32_f32_f32_4_op=1_nf=1_rb=0_cb=0      0xb48e6f100 | th_max = 1024 | th_width =   32
ggml_metal_library_compile_pipeline: compiling pipeline: base = 'kernel_cpy_f32_bf16', name = 'kernel_cpy_f32_bf16'
ggml_metal_library_compile_pipeline: loaded kernel_cpy_f32_bf16                           0xb48e6f480 | th_max = 1024 | th_width =   32
ggml_metal_library_compile_pipeline: compiling pipeline: base = 'kernel_arange_f32', name = 'kernel_arange_f32'
ggml_metal_library_compile_pipeline: loaded kernel_arange_f32                             0xb48e6f800 | th_max = 1024 | th_width =   32
ggml_metal_library_compile_pipeline: compiling pipeline: base = 'kernel_unary_f32_f32_4', name = 'kernel_unary_f32_f32_4_op=111_cnt=1'
ggml_metal_library_compile_pipeline: loaded kernel_unary_f32_f32_4_op=111_cnt=1           0xb48e6fb80 | th_max = 1024 | th_width =   32
ggml_metal_library_compile_pipeline: compiling pipeline: base = 'kernel_unary_f32_f32_4', name = 'kernel_unary_f32_f32_4_op=10_cnt=1'
ggml_metal_library_compile_pipeline: loaded kernel_unary_f32_f32_4_op=10_cnt=1            0xb48ed0000 | th_max = 1024 | th_width =   32
ggml_metal_library_compile_pipeline: compiling pipeline: base = 'kernel_cpy_f32_f16', name = 'kernel_cpy_f32_f16'
ggml_metal_library_compile_pipeline: loaded kernel_cpy_f32_f16                            0xb48ed0380 | th_max = 1024 | th_width =   32
ggml_metal_library_compile_pipeline: compiling pipeline: base = 'kernel_repeat_f16', name = 'kernel_repeat_f16'
ggml_metal_library_compile_pipeline: loaded kernel_repeat_f16                             0xb48ed0700 | th_max = 1024 | th_width =   32
ggml_metal_library_compile_pipeline: compiling pipeline: base = 'kernel_flash_attn_ext_blk', name = 'kernel_flash_attn_ext_blk_nqptg=8_ncpsg=64'
ggml_metal_library_compile_pipeline: loaded kernel_flash_attn_ext_blk_nqptg=8_ncpsg=64      0xb48ed0a80 | th_max = 1024 | th_width =   32
ggml_metal_library_compile_pipeline: compiling pipeline: base = 'kernel_flash_attn_ext_bf16_dk128_dv128', name = 'kernel_flash_attn_ext_bf16_dk128_dv128_mask=1_sinks=0_bias=0_scap=0_kvpad=0_bcm=0_ns10=128_ns20=128_nsg=4'
ggml_metal_library_compile_pipeline: loaded kernel_flash_attn_ext_bf16_dk128_dv128_mask=1_sinks=0_bias=0_scap=0_kvpad=0_bcm=0_ns10=128_ns20=128_nsg=4      0xb48ed0e00 | th_max = 1024 | th_width =   32
ggml_metal_library_compile_pipeline: compiling pipeline: base = 'kernel_mul_mv_ext_q8_0_f32_r1_5', name = 'kernel_mul_mv_ext_q8_0_f32_r1_5_nsg=2_nxpsg=8_ne12=1_r2=1_r3=1'
ggml_metal_library_compile_pipeline: loaded kernel_mul_mv_ext_q8_0_f32_r1_5_nsg=2_nxpsg=8_ne12=1_r2=1_r3=1      0xb48ed1180 | th_max = 1024 | th_width =   32
ggml_metal_library_compile_pipeline: compiling pipeline: base = 'kernel_pad_f32', name = 'kernel_pad_f32'
ggml_metal_library_compile_pipeline: loaded kernel_pad_f32                                0xb48ed1500 | th_max = 1024 | th_width =   32
ggml_metal_library_compile_pipeline: compiling pipeline: base = 'kernel_unary_f32_f32_4', name = 'kernel_unary_f32_f32_4_op=103_cnt=0'
ggml_metal_library_compile_pipeline: loaded kernel_unary_f32_f32_4_op=103_cnt=0           0xb48ed1880 | th_max = 1024 | th_width =   32
      [flow] [#...................]  1/12    7.4s  ~82s left   
      [flow] [###.................]  2/12   14.3s  ~71s left   
      [flow] [#####...............]  3/12   20.9s  ~63s left   
      [flow] [######..............]  4/12   27.6s  ~55s left   
      [flow] [########............]  5/12   34.6s  ~48s left   
      [flow] [##########..........]  6/12   41.4s  ~41s left   
      [flow] [###########.........]  7/12   48.1s  ~34s left   
      [flow] [#############.......]  8/12   54.8s  ~27s left   
      [flow] [###############.....]  9/12   62.0s  ~21s left   
      [flow] [################....] 10/12   69.1s  ~14s left   
      [flow] [##################..] 11/12   73.0s  ~7s left    
      [flow] [####################] 12/12   76.6s  ~0s left    
      [flow] 12 steps, 22 forwards, 76.6s
ggml_metal_free: deallocating
      [cond] flow (load + runner + sampler) (77.0s)
ggml_metal_init: allocating
ggml_metal_init: found device: Apple M4 Max
ggml_metal_init: picking default device: Apple M4 Max
ggml_metal_init: use fusion         = true
ggml_metal_init: use concurrency    = true
ggml_metal_init: use graph optimize = true
[trellis] using MTL0 (53084 MB) [auto]
ggml_metal_library_compile_pipeline: compiling pipeline: base = 'kernel_conv_3d_f16_f32', name = 'kernel_conv_3d_f16_f32'
ggml_metal_library_compile_pipeline: loaded kernel_conv_3d_f16_f32                        0xb48ed1c00 | th_max = 1024 | th_width =   32
ggml_metal_library_compile_pipeline: compiling pipeline: base = 'kernel_bin_fuse_f32_f32_f32', name = 'kernel_bin_fuse_f32_f32_f32_op=0_nf=1_rb=0_cb=1'
ggml_metal_library_compile_pipeline: loaded kernel_bin_fuse_f32_f32_f32_op=0_nf=1_rb=0_cb=1      0xb48ed1f80 | th_max = 1024 | th_width =   32
ggml_metal_library_compile_pipeline: compiling pipeline: base = 'kernel_unary_f32_f32_4', name = 'kernel_unary_f32_f32_4_op=106_cnt=0'
ggml_metal_library_compile_pipeline: loaded kernel_unary_f32_f32_4_op=106_cnt=0           0xb48ed2680 | th_max = 1024 | th_width =   32
ggml_metal_library_compile_pipeline: compiling pipeline: base = 'kernel_norm_mul_f32_4', name = 'kernel_norm_mul_f32_4'
ggml_metal_library_compile_pipeline: loaded kernel_norm_mul_f32_4                         0xb48ed2a00 | th_max = 1024 | th_width =   32
ggml_metal_free: deallocating
      [cond] ss_decode (load + decode + coords) (9.7s)
      [cond] SS accounted (87.7s)
      active voxels @res32 = 4438  (87.7s)
[3/6] shape SLAT flow (LR 512 -> upsample -> HR 1024 cascade, max_tok=49152)
ggml_metal_init: allocating
ggml_metal_init: found device: Apple M4 Max
ggml_metal_init: picking default device: Apple M4 Max
ggml_metal_init: use fusion         = true
ggml_metal_init: use concurrency    = true
ggml_metal_init: use graph optimize = true
[trellis] using MTL0 (53084 MB) [auto]
ggml_metal_init: allocating
ggml_metal_init: found device: Apple M4 Max
ggml_metal_init: picking default device: Apple M4 Max
ggml_metal_init: use fusion         = true
ggml_metal_init: use concurrency    = true
ggml_metal_init: use graph optimize = true
[trellis] using MTL0 (53084 MB) [auto]
      [cond] load dinov3 + naf (0.0s)
      [cond] naf lowering on MTL0: groupnorm=native pad/pool=native conv=im2col (--naf-native-gn)
ggml_metal_library_compile_pipeline: compiling pipeline: base = 'kernel_get_rows_f32', name = 'kernel_get_rows_f32'
ggml_metal_library_compile_pipeline: loaded kernel_get_rows_f32                           0xb48ed2300 | th_max = 1024 | th_width =   32
ggml_metal_library_compile_pipeline: compiling pipeline: base = 'kernel_bin_fuse_f32_f32_f32', name = 'kernel_bin_fuse_f32_f32_f32_op=2_nf=1_rb=0_cb=1'
ggml_metal_library_compile_pipeline: loaded kernel_bin_fuse_f32_f32_f32_op=2_nf=1_rb=0_cb=1      0xb48ed3480 | th_max = 1024 | th_width =   32
ggml_metal_library_compile_pipeline: compiling pipeline: base = 'kernel_mul_mv_f16_f16_short', name = 'kernel_mul_mv_f16_f16_short_nsg=1_ne12=1_r2=1_r3=1'
ggml_metal_library_compile_pipeline: loaded kernel_mul_mv_f16_f16_short_nsg=1_ne12=1_r2=1_r3=1      0xb48ed2d80 | th_max = 1024 | th_width =   32
ggml_metal_library_compile_pipeline: compiling pipeline: base = 'kernel_group_norm_f32', name = 'kernel_group_norm_f32'
ggml_metal_library_compile_pipeline: loaded kernel_group_norm_f32                         0xb48ed3b80 | th_max = 1024 | th_width =   32
ggml_metal_library_compile_pipeline: compiling pipeline: base = 'kernel_pad_reflect_1d_f32', name = 'kernel_pad_reflect_1d_f32'
ggml_metal_library_compile_pipeline: loaded kernel_pad_reflect_1d_f32                     0xb48ed3800 | th_max = 1024 | th_width =   32
ggml_metal_library_compile_pipeline: compiling pipeline: base = 'kernel_unary_f32_f32_4', name = 'kernel_unary_f32_f32_4_op=108_cnt=0'
ggml_metal_library_compile_pipeline: loaded kernel_unary_f32_f32_4_op=108_cnt=0           0xb48f44700 | th_max = 1024 | th_width =   32
ggml_metal_library_compile_pipeline: compiling pipeline: base = 'kernel_sum_rows_f32_f32_4', name = 'kernel_sum_rows_f32_f32_4_op=10'
ggml_metal_library_compile_pipeline: loaded kernel_sum_rows_f32_f32_4_op=10               0xb48f44a80 | th_max = 1024 | th_width =   32
ggml_metal_library_compile_pipeline: compiling pipeline: base = 'kernel_mul_mm_f32_f32', name = 'kernel_mul_mm_f32_f32_bci=0_bco=1_ne12=4_ne13=256_r2=1_r3=1'
ggml_metal_library_compile_pipeline: loaded kernel_mul_mm_f32_f32_bci=0_bco=1_ne12=4_ne13=256_r2=1_r3=1      0xb48f44380 | th_max = 1024 | th_width =   32
ggml_metal_library_compile_pipeline: compiling pipeline: base = 'kernel_mul_mm_f32_f32', name = 'kernel_mul_mm_f32_f32_bci=1_bco=0_ne12=4_ne13=256_r2=1_r3=1'
ggml_metal_library_compile_pipeline: loaded kernel_mul_mm_f32_f32_bci=1_bco=0_ne12=4_ne13=256_r2=1_r3=1      0xb48f45180 | th_max = 1024 | th_width =   32
      [cond-v] cond_slat_gpu S=512 R=32 T=512 view 0: host taps 0.00 | chunk_prep 0.00 | persistent alloc/free 0.04 | dino x1: build 0.00 up 0.00 compute 0.13 free 0.00 | naf_enc x2: build 0.04 up 0.00 compute 1.70 free 0.00 | naf_qk x4: build 0.03 up 0.01 compute 0.07 free 0.00 | naf_attn x4: build 0.09 up 0.00 compute 0.18 free 0.00  (attn chunks skipped 0; laps 2.29 of view 2.29s)
      [cond-v] cond_slat_gpu S=512 R=32 T=512 view 1: host taps 0.00 | chunk_prep 0.00 | persistent alloc/free 0.04 | dino x1: build 0.03 up 0.01 compute 0.26 free 0.00 | naf_enc x2: build 0.03 up 0.00 compute 1.70 free 0.00 | naf_qk x4: build 0.03 up 0.01 compute 0.08 free 0.00 | naf_attn x4: build 0.09 up 0.00 compute 0.15 free 0.00  (attn chunks skipped 0; laps 2.44 of view 2.44s)
      [cond-v] cond_slat_gpu S=512 R=32 T=512 view 2: host taps 0.00 | chunk_prep 0.00 | persistent alloc/free 0.05 | dino x1: build 0.01 up 0.00 compute 0.29 free 0.00 | naf_enc x2: build 0.03 up 0.00 compute 1.70 free 0.00 | naf_qk x4: build 0.04 up 0.01 compute 0.08 free 0.00 | naf_attn x4: build 0.09 up 0.00 compute 0.12 free 0.00  (attn chunks skipped 0; laps 2.43 of view 2.44s)
      [cond-v] cond_slat_gpu S=512 R=32 T=512 view 3: host taps 0.00 | chunk_prep 0.00 | persistent alloc/free 0.05 | dino x1: build 0.00 up 0.00 compute 0.33 free 0.00 | naf_enc x2: build 0.04 up 0.00 compute 1.69 free 0.00 | naf_qk x4: build 0.03 up 0.01 compute 0.07 free 0.00 | naf_attn x4: build 0.06 up 0.00 compute 0.13 free 0.00  (attn chunks skipped 0; laps 2.41 of view 2.41s)
      [cond-v] cond_slat_gpu: readback + interleave + free 0.00
ggml_metal_free: deallocating
ggml_metal_free: deallocating
      [cond] cond_slat S=512 R=32 T=512 (device sparse) (9.8s)
      [cond] noise (0.0s)
ggml_metal_init: allocating
ggml_metal_init: found device: Apple M4 Max
ggml_metal_init: picking default device: Apple M4 Max
ggml_metal_init: use fusion         = true
ggml_metal_init: use concurrency    = true
ggml_metal_init: use graph optimize = true
[trellis] using MTL0 (53084 MB) [auto]
      [flow] [....................]  0/12    0.0s  starting    
      [flow] [#...................]  1/12    7.8s  ~86s left   
      [flow] [###.................]  2/12   15.1s  ~75s left   
      [flow] [#####...............]  3/12   22.5s  ~67s left   
      [flow] [######..............]  4/12   33.0s  ~66s left   
      [flow] [########............]  5/12   43.8s  ~61s left   
      [flow] [##########..........]  6/12   54.1s  ~54s left   
      [flow] [###########.........]  7/12   63.6s  ~45s left   
      [flow] [#############.......]  8/12   73.9s  ~37s left   
      [flow] [###############.....]  9/12   78.6s  ~26s left   
      [flow] [################....] 10/12   83.4s  ~17s left   
      [flow] [##################..] 11/12   88.0s  ~8s left    
      [flow] [####################] 12/12   92.3s  ~0s left    
      [flow] 12 steps, 20 forwards, 92.3s
ggml_metal_free: deallocating
      [cond] flow (load + runner + sampler) (92.7s)
      [stats] LR slat (res32, MV) n=142016 mean=-0.1535 std=5.3917 min=-23.518 max=25.449 nan/inf=0
      [cond] denorm + stats (0.0s)
      [cond] LR shape SLAT accounted (102.6s)
      LR shape SLAT (102.6s)
ggml_metal_init: allocating
ggml_metal_init: found device: Apple M4 Max
ggml_metal_init: picking default device: Apple M4 Max
ggml_metal_init: use fusion         = true
ggml_metal_init: use concurrency    = true
ggml_metal_init: use graph optimize = true
[trellis] using MTL0 (53084 MB) [auto]
      [cond] load shape_dec (0.5s)
      [cond-v] sparse_upsample N=4438: from_latent 0.02
ggml_metal_library_compile_pipeline: compiling pipeline: base = 'kernel_cpy_f16_f16', name = 'kernel_cpy_f16_f16'
ggml_metal_library_compile_pipeline: loaded kernel_cpy_f16_f16                            0xb48f44e00 | th_max = 1024 | th_width =   32
ggml_metal_library_compile_pipeline: compiling pipeline: base = 'kernel_cpy_i32_i32', name = 'kernel_cpy_i32_i32'
ggml_metal_library_compile_pipeline: loaded kernel_cpy_i32_i32                            0xb48f45880 | th_max = 1024 | th_width =   32
ggml_metal_library_compile_pipeline: compiling pipeline: base = 'kernel_mul_mm_f16_f32', name = 'kernel_mul_mm_f16_f32_bci=0_bco=1_ne12=1_ne13=1_r2=1_r3=1'
ggml_metal_library_compile_pipeline: loaded kernel_mul_mm_f16_f32_bci=0_bco=1_ne12=1_ne13=1_r2=1_r3=1      0xb48f45c00 | th_max = 1024 | th_width =   32
ggml_metal_library_compile_pipeline: compiling pipeline: base = 'kernel_repeat_f32', name = 'kernel_repeat_f32'
ggml_metal_library_compile_pipeline: loaded kernel_repeat_f32                             0xb48f44000 | th_max = 1024 | th_width =   32
      [cond-v] sparse_upsample stage0 C=1024 N=4438: neighbor_table 0.00 | convnext x4 0.40 | c2s 0.46  -> N=18293
      [cond-v] sparse_upsample stage1 C=512 N=18293: neighbor_table 0.01 | convnext x16 1.77 | c2s 0.69  -> N=74166
      [cond-v] sparse_upsample stage2 C=256 N=74166: neighbor_table 0.10 | convnext x8 1.21 | c2s 0.99  -> N=300174
ggml_metal_library_compile_pipeline: compiling pipeline: base = 'kernel_mul_mm_f16_f32', name = 'kernel_mul_mm_f16_f32_bci=0_bco=0_ne12=1_ne13=1_r2=1_r3=1'
ggml_metal_library_compile_pipeline: loaded kernel_mul_mm_f16_f32_bci=0_bco=0_ne12=1_ne13=1_r2=1_r3=1      0xb48f46300 | th_max = 1024 | th_width =   32
      [cond-v] sparse_upsample stage3 C=128 N=300174: neighbor_table 0.17 | convnext x4 0.95 | c2s 1.68  -> N=1211912
ggml_metal_free: deallocating
      [cond] shape_upsample (decoder stages, coords only) (8.5s)
      upsampled coords @res512=1211912 -> quantized @res1024 (grid 64, Pixal3D round/grid-1 formula) = 17614 tokens
      [cond] quantize res512 -> grid (std::set) (0.0s)
ggml_metal_init: allocating
ggml_metal_init: found device: Apple M4 Max
ggml_metal_init: picking default device: Apple M4 Max
ggml_metal_init: use fusion         = true
ggml_metal_init: use concurrency    = true
ggml_metal_init: use graph optimize = true
[trellis] using MTL0 (53084 MB) [auto]
ggml_metal_init: allocating
ggml_metal_init: found device: Apple M4 Max
ggml_metal_init: picking default device: Apple M4 Max
ggml_metal_init: use fusion         = true
ggml_metal_init: use concurrency    = true
ggml_metal_init: use graph optimize = true
[trellis] using MTL0 (53084 MB) [auto]
      [cond] load dinov3 + naf (0.1s)
ggml_metal_library_compile_pipeline: compiling pipeline: base = 'kernel_pool_2d_avg_f32', name = 'kernel_pool_2d_avg_f32'
ggml_metal_library_compile_pipeline: loaded kernel_pool_2d_avg_f32                        0xb48f45f80 | th_max = 1024 | th_width =   32
ggml_metal_library_compile_pipeline: compiling pipeline: base = 'kernel_mul_mm_f32_f32', name = 'kernel_mul_mm_f32_f32_bci=0_bco=1_ne12=4_ne13=1024_r2=1_r3=1'
ggml_metal_library_compile_pipeline: loaded kernel_mul_mm_f32_f32_bci=0_bco=1_ne12=4_ne13=1024_r2=1_r3=1      0xb48f46a00 | th_max = 1024 | th_width =   32
ggml_metal_library_compile_pipeline: compiling pipeline: base = 'kernel_mul_mm_f32_f32', name = 'kernel_mul_mm_f32_f32_bci=1_bco=0_ne12=4_ne13=1024_r2=1_r3=1'
ggml_metal_library_compile_pipeline: loaded kernel_mul_mm_f32_f32_bci=1_bco=0_ne12=4_ne13=1024_r2=1_r3=1      0xb48f46d80 | th_max = 1024 | th_width =   32
      [cond-v] cond_slat_gpu S=1024 R=64 T=512 view 0: host taps 0.01 | chunk_prep 0.00 | persistent alloc/free 0.20 | dino x1: build 0.03 up 0.00 compute 1.92 free 0.00 | naf_enc x1: build 0.10 up 0.00 compute 6.66 free 0.00 | naf_qk x4: build 0.04 up 0.01 compute 0.10 free 0.00 | naf_attn x4: build 0.12 up 0.00 compute 0.19 free 0.00  (attn chunks skipped 0; laps 9.38 of view 9.38s)
      [cond-v] cond_slat_gpu S=1024 R=64 T=512 view 1: host taps 0.03 | chunk_prep 0.00 | persistent alloc/free 0.20 | dino x1: build 0.12 up 0.01 compute 2.19 free 0.00 | naf_enc x1: build 0.14 up 0.00 compute 6.68 free 0.00 | naf_qk x4: build 0.03 up 0.01 compute 0.07 free 0.00 | naf_attn x4: build 0.11 up 0.00 compute 0.23 free 0.00  (attn chunks skipped 0; laps 9.82 of view 9.82s)
      [cond-v] cond_slat_gpu S=1024 R=64 T=512 view 2: host taps 0.01 | chunk_prep 0.00 | persistent alloc/free 0.14 | dino x1: build 0.07 up 0.00 compute 2.47 free 0.00 | naf_enc x1: build 0.10 up 0.00 compute 6.76 free 0.00 | naf_qk x4: build 0.05 up 0.01 compute 0.08 free 0.00 | naf_attn x4: build 0.10 up 0.00 compute 0.27 free 0.00  (attn chunks skipped 0; laps 10.06 of view 10.07s)
      [cond-v] cond_slat_gpu S=1024 R=64 T=512 view 3: host taps 0.01 | chunk_prep 0.00 | persistent alloc/free 0.25 | dino x1: build 0.03 up 0.00 compute 2.57 free 0.00 | naf_enc x1: build 0.16 up 0.00 compute 6.67 free 0.00 | naf_qk x4: build 0.04 up 0.01 compute 0.07 free 0.00 | naf_attn x4: build 0.10 up 0.00 compute 0.22 free 0.00  (attn chunks skipped 0; laps 10.13 of view 10.14s)
      [cond-v] cond_slat_gpu: readback + interleave + free 0.02
ggml_metal_free: deallocating
ggml_metal_free: deallocating
      [cond] cond_slat S=1024 R=grid T=512 (device sparse) (39.7s)
      [cond] noise (0.0s)
ggml_metal_init: allocating
ggml_metal_init: found device: Apple M4 Max
ggml_metal_init: picking default device: Apple M4 Max
ggml_metal_init: use fusion         = true
ggml_metal_init: use concurrency    = true
ggml_metal_init: use graph optimize = true
[trellis] using MTL0 (53084 MB) [auto]
      [flow] [....................]  0/12    0.0s  starting    
      [flow] [#...................]  1/12   94.5s  ~1039s left 
      [flow] [###.................]  2/12  202.3s  ~1012s left 
      [flow] [#####...............]  3/12  291.0s  ~873s left  
      [flow] [######..............]  4/12  381.8s  ~764s left  
      [flow] [########............]  5/12  477.4s  ~668s left  
      [flow] [##########..........]  6/12  588.2s  ~588s left  
      [flow] [###########.........]  7/12  681.1s  ~487s left  
      [flow] [#############.......]  8/12  786.0s  ~393s left  
      [flow] [###############.....]  9/12  842.4s  ~281s left  
      [flow] [################....] 10/12  900.2s  ~180s left  
      [flow] [##################..] 11/12  968.2s  ~88s left   
      [flow] [####################] 12/12  1019.9s  ~0s left    
      [flow] 12 steps, 20 forwards, 1019.9s
ggml_metal_free: deallocating
      [cond] flow (load + runner + sampler) (1020.4s)
      [stats] HR slat (MV) n=563648 mean=-0.0573 std=5.2681 min=-23.789 max=23.178 nan/inf=0
      [cond] denorm + stats (+ dump) (0.0s)
      [cond] HR shape SLAT accounted (1069.2s)
      HR shape SLAT (1069.2s)
[4/6] FlexiDualGrid shape decode -> mesh @res1024
ggml_metal_init: allocating
ggml_metal_init: found device: Apple M4 Max
ggml_metal_init: picking default device: Apple M4 Max
ggml_metal_init: use fusion         = true
ggml_metal_init: use concurrency    = true
ggml_metal_init: use graph optimize = true
[trellis] using MTL0 (53084 MB) [auto]
      [cond] load shape_dec (0.1s)
      [cond-v] shape_dec N=17614: from_latent 0.08
      [cond-v] shape_dec stage0 C=1024 N=17614: neighbor_table 0.00 | convnext x4 1.80 | c2s 1.83  -> N=71670
      [cond-v] shape_dec stage1 C=512 N=71670: neighbor_table 0.02 | convnext x16 9.21 | c2s 1.95  -> N=290966
      [cond-v] shape_dec stage2 C=256 N=290966: neighbor_table 0.07 | convnext x8 5.56 | c2s 3.24  -> N=1176093
ggml_metal_library_compile_pipeline: compiling pipeline: base = 'kernel_bin_fuse_f32_f32_f32', name = 'kernel_bin_fuse_f32_f32_f32_op=0_nf=1_rb=0_cb=0'
ggml_metal_library_compile_pipeline: loaded kernel_bin_fuse_f32_f32_f32_op=0_nf=1_rb=0_cb=0      0xb48f45500 | th_max = 1024 | th_width =   32
      [cond-v] shape_dec stage3 C=128 N=1176093: neighbor_table 0.31 | convnext x4 4.62 | c2s+head 6.65  -> N=4785132
ggml_metal_free: deallocating
      [cond] shape_decode (decoder stages) (35.3s)
      decoded voxels @res1024 = 4785132
      [cond] dual_grid_to_mesh (0.7s)
      mesh V=4785132 F=9581578
      filled 3313 small holes -> V=4788445 F=9602050
      [cond] fill_holes (1.9s)
      [cond] shape decode accounted (38.2s)
      shape decode (38.2s)
[5/6] texture SLAT flow (HR 1024, NAF@1024) + PBR decode
ggml_metal_init: allocating
ggml_metal_init: found device: Apple M4 Max
ggml_metal_init: picking default device: Apple M4 Max
ggml_metal_init: use fusion         = true
ggml_metal_init: use concurrency    = true
ggml_metal_init: use graph optimize = true
[trellis] using MTL0 (53084 MB) [auto]
ggml_metal_init: allocating
ggml_metal_init: found device: Apple M4 Max
ggml_metal_init: picking default device: Apple M4 Max
ggml_metal_init: use fusion         = true
ggml_metal_init: use concurrency    = true
ggml_metal_init: use graph optimize = true
[trellis] using MTL0 (53084 MB) [auto]
      [cond] load dinov3 + naf (0.0s)
      [cond-v] cond_slat_gpu S=1024 R=64 T=1024 view 0: host taps 0.01 | chunk_prep 0.00 | persistent alloc/free 0.21 | dino x1: build 0.03 up 0.00 compute 1.95 free 0.00 | naf_enc x2: build 0.14 up 0.00 compute 6.54 free 0.00 | naf_qk x16: build 0.11 up 0.03 compute 0.37 free 0.00 | naf_attn x14: build 0.23 up 0.00 compute 0.63 free 0.00  (attn chunks skipped 2; laps 10.25 of view 10.27s)
      [cond-v] cond_slat_gpu S=1024 R=64 T=1024 view 1: host taps 0.01 | chunk_prep 0.00 | persistent alloc/free 0.19 | dino x1: build 0.04 up 0.00 compute 1.77 free 0.00 | naf_enc x2: build 0.14 up 0.00 compute 7.01 free 0.00 | naf_qk x16: build 0.11 up 0.03 compute 0.28 free 0.00 | naf_attn x14: build 0.24 up 0.00 compute 0.56 free 0.00  (attn chunks skipped 2; laps 10.38 of view 10.39s)
      [cond-v] cond_slat_gpu S=1024 R=64 T=1024 view 2: host taps 0.01 | chunk_prep 0.00 | persistent alloc/free 0.18 | dino x1: build 0.04 up 0.00 compute 2.53 free 0.00 | naf_enc x2: build 0.19 up 0.00 compute 7.48 free 0.00 | naf_qk x16: build 0.11 up 0.03 compute 0.31 free 0.00 | naf_attn x16: build 0.27 up 0.00 compute 0.66 free 0.00  (attn chunks skipped 0; laps 11.81 of view 11.83s)
      [cond-v] cond_slat_gpu S=1024 R=64 T=1024 view 3: host taps 0.01 | chunk_prep 0.01 | persistent alloc/free 0.30 | dino x1: build 0.04 up 0.00 compute 2.62 free 0.00 | naf_enc x2: build 0.16 up 0.00 compute 6.88 free 0.00 | naf_qk x16: build 0.19 up 0.06 compute 0.30 free 0.01 | naf_attn x14: build 0.44 up 0.00 compute 0.64 free 0.00  (attn chunks skipped 2; laps 11.67 of view 11.70s)
      [cond-v] cond_slat_gpu: readback + interleave + free 0.02
ggml_metal_free: deallocating
ggml_metal_free: deallocating
      [cond] cond_slat S=1024 R=grid T=1024 (device sparse) (45.2s)
ggml_metal_init: allocating
ggml_metal_init: found device: Apple M4 Max
ggml_metal_init: picking default device: Apple M4 Max
ggml_metal_init: use fusion         = true
ggml_metal_init: use concurrency    = true
ggml_metal_init: use graph optimize = true
[trellis] using MTL0 (53084 MB) [auto]
      [flow] [....................]  0/12    0.0s  starting    
      [flow] [#...................]  1/12   48.6s  ~535s left  
      [flow] [###.................]  2/12   97.4s  ~487s left  
      [flow] [#####...............]  3/12  146.4s  ~439s left  
      [flow] [######..............]  4/12  190.6s  ~381s left  
      [flow] [########............]  5/12  263.7s  ~369s left  
      [flow] [##########..........]  6/12  333.7s  ~334s left  
      [flow] [###########.........]  7/12  379.8s  ~271s left  
      [flow] [#############.......]  8/12  435.2s  ~218s left  
      [flow] [###############.....]  9/12  501.5s  ~167s left  
      [flow] [################....] 10/12  563.3s  ~113s left  
      [flow] [##################..] 11/12  619.1s  ~56s left   
      [flow] [####################] 12/12  688.1s  ~0s left    
      [flow] 12 steps, 12 forwards, 688.1s
ggml_metal_free: deallocating
      [cond] flow (load + runner + sampler + denorm) (688.6s)
ggml_metal_init: allocating
ggml_metal_init: found device: Apple M4 Max
ggml_metal_init: picking default device: Apple M4 Max
ggml_metal_init: use fusion         = true
ggml_metal_init: use concurrency    = true
ggml_metal_init: use graph optimize = true
[trellis] using MTL0 (53084 MB) [auto]
      [cond] load tex_dec (0.3s)
      [cond-v] tex_dec N=17614: from_latent 0.07
      [cond-v] tex_dec stage0 C=1024 N=17614: neighbor_table 0.00 | convnext x4 2.29 | c2s 2.03  -> N=71670
      [cond-v] tex_dec stage1 C=512 N=71670: neighbor_table 0.02 | convnext x16 10.31 | c2s 2.06  -> N=290966
      [cond-v] tex_dec stage2 C=256 N=290966: neighbor_table 0.08 | convnext x8 8.67 | c2s 4.16  -> N=1176093
      [cond-v] tex_dec stage3 C=128 N=1176093: neighbor_table 0.29 | convnext x4 5.94 | c2s+head 7.98  -> N=4785132
ggml_metal_free: deallocating
      [cond] tex_decode (decoder stages) (43.9s)
      PBR voxels=4785132 @res1024
      [cond] pbr unpack (0.2s)
      [cond] texture SLAT + decode accounted (778.3s)
      texture SLAT + decode (778.3s)
[6/6] write /Users/s25705/Downloads/pixal3d-metal-groupnorm/docs/results/2026-09-20-metal-groupnorm/e2e/old.glb
  weld: V 4788445->4775887 (12558 near-duplicates merged, eps=0.00012)
  fill_holes: 3979 boundary loops filled (+17348 faces)
      [post] weld + fill_small_holes (7.5s)
      [post] bvh build (2.8s)
  remesh_dc: 11898655 active voxels -> V=9298979 F=18604828 (eps=0.0009794, project_back=0.00)
    [clean] faces=18604828, flipped 0 for consistent winding
  remesh postproc: dropped 78 floater comps -> V=9146135 F=18298692
      [post] remesh_dc + clean + drop_small_components (19.5s)
  decimate_qem(target=1000000): V 9146135->480035, F 18298692->963576 (thresh=1.0e-07, 16 threads)
  weld: V 480035->480025 (10 near-duplicates merged, eps=0.00012)
  decimated postproc: dropped 5 more comps -> F=960030
      [post] decimate + weld + fill + drop (15.6s)
  uv_bake: 1 components (0 tiny, 0 faces -> strip S=0), 0 duplicate faces dropped
  uv_bake: 2585 merge clusters
  uv_bake: 1320 uncharted faces kept with point-collapsed UVs
  uv_bake: atlas 4096x4096 (xatlas 1183x1201), Vo=666366 Fo=960030
      [post] uv unwrap + PBR bake (60.6s)
      textured GLB (atlas 4096, +/Users/s25705/Downloads/pixal3d-metal-groupnorm/docs/results/2026-09-20-metal-groupnorm/e2e/old_base.png)
      [post] GLB + PNG write (4.7s)
      [post] PLY write (1.4s)
      postprocess total (112.0s)
done in 2188.2s -> /Users/s25705/Downloads/pixal3d-metal-groupnorm/docs/results/2026-09-20-metal-groupnorm/e2e/old.glb (+ /Users/s25705/Downloads/pixal3d-metal-groupnorm/docs/results/2026-09-20-metal-groupnorm/e2e/old.ply)
