[trellis] generating model with seed 1
[1/6] Pixal3D multiview: load /Users/s25705/Downloads/pixal3d-metal-groupnorm/docker/linux-webgpu-gate/e2e/views
      V=4 views, mesh_scale=1.0000
      flow weights: mv  (load 0.2s)
[2/6] SS proj conditioning + flow
ggml_metal_device_init: tensor API disabled for pre-M5 and pre-A19 devices
ggml_metal_library_init: using embedded metal library
ggml_metal_library_init: loaded in 0.012 sec
ggml_metal_rsets_init: creating a residency set collection (keep_alive = 180 s)
ggml_metal_device_init: GPU name:   MTL0 (Apple M4 Max)
ggml_metal_device_init: GPU family: MTLGPUFamilyApple9  (1009)
ggml_metal_device_init: GPU family: MTLGPUFamilyCommon3 (3003)
ggml_metal_device_init: GPU family: MTLGPUFamilyMetal4  (5002)
ggml_metal_device_init: simdgroup reduction   = true
ggml_metal_device_init: simdgroup matrix mul. = true
ggml_metal_device_init: has unified memory    = true
ggml_metal_device_init: has bfloat            = true
ggml_metal_device_init: has tensor            = false
ggml_metal_device_init: use residency sets    = true
ggml_metal_device_init: use shared buffers    = true
ggml_metal_device_init: recommendedMaxWorkingSetSize  = 55662.79 MB
ggml_metal_init: allocating
ggml_metal_init: found device: Apple M4 Max
ggml_metal_init: picking default device: Apple M4 Max
ggml_metal_init: use fusion         = true
ggml_metal_init: use concurrency    = true
ggml_metal_init: use graph optimize = true
[trellis] using MTL0 (53084 MB) [auto]
      [cond] load dinov3 (0.1s)
      [cond-v] cond_ss S=512 R=16: alloc 16 MB + calc_mats (0.00s)
ggml_metal_library_compile_pipeline: compiling pipeline: base = 'kernel_cpy_f16_f32', name = 'kernel_cpy_f16_f32'
ggml_metal_library_compile_pipeline: loaded kernel_cpy_f16_f32                            0x10327ea90 | th_max = 1024 | th_width =   32
ggml_metal_library_compile_pipeline: compiling pipeline: base = 'kernel_concat', name = 'kernel_concat'
ggml_metal_library_compile_pipeline: loaded kernel_concat                                 0x10327f310 | th_max = 1024 | th_width =   32
ggml_metal_library_compile_pipeline: compiling pipeline: base = 'kernel_im2col_f16', name = 'kernel_im2col_f16'
ggml_metal_library_compile_pipeline: loaded kernel_im2col_f16                             0x10327fb90 | th_max = 1024 | th_width =   32
ggml_metal_library_compile_pipeline: compiling pipeline: base = 'kernel_mul_mm_f16_f16', name = 'kernel_mul_mm_f16_f16_bci=0_bco=0_ne12=1_ne13=1_r2=1_r3=1'
ggml_metal_library_compile_pipeline: loaded kernel_mul_mm_f16_f16_bci=0_bco=0_ne12=1_ne13=1_r2=1_r3=1      0x103280710 | th_max = 1024 | th_width =   32
ggml_metal_library_compile_pipeline: compiling pipeline: base = 'kernel_cpy_f32_f32', name = 'kernel_cpy_f32_f32'
ggml_metal_library_compile_pipeline: loaded kernel_cpy_f32_f32                            0x103280f90 | th_max = 1024 | th_width =   32
ggml_metal_library_compile_pipeline: compiling pipeline: base = 'kernel_bin_fuse_f32_f32_f32_4', name = 'kernel_bin_fuse_f32_f32_f32_4_op=0_nf=1_rb=0_cb=0'
ggml_metal_library_compile_pipeline: loaded kernel_bin_fuse_f32_f32_f32_4_op=0_nf=1_rb=0_cb=0      0x103281610 | th_max = 1024 | th_width =   32
ggml_metal_library_compile_pipeline: compiling pipeline: base = 'kernel_norm_mul_add_f32_4', name = 'kernel_norm_mul_add_f32_4'
ggml_metal_library_compile_pipeline: loaded kernel_norm_mul_add_f32_4                     0x103281990 | th_max = 1024 | th_width =   32
ggml_metal_library_compile_pipeline: compiling pipeline: base = 'kernel_mul_mm_q8_0_f32', name = 'kernel_mul_mm_q8_0_f32_bci=0_bco=1_ne12=1_ne13=1_r2=1_r3=1'
ggml_metal_library_compile_pipeline: loaded kernel_mul_mm_q8_0_f32_bci=0_bco=1_ne12=1_ne13=1_r2=1_r3=1      0x103282010 | th_max = 1024 | th_width =   32
ggml_metal_library_compile_pipeline: compiling pipeline: base = 'kernel_bin_fuse_f32_f32_f32_4', name = 'kernel_bin_fuse_f32_f32_f32_4_op=2_nf=1_rb=0_cb=0'
ggml_metal_library_compile_pipeline: loaded kernel_bin_fuse_f32_f32_f32_4_op=2_nf=1_rb=0_cb=0      0xab4a14000 | th_max = 1024 | th_width =   32
ggml_metal_library_compile_pipeline: compiling pipeline: base = 'kernel_unary_f32_f32_4', name = 'kernel_unary_f32_f32_4_op=10_cnt=0'
ggml_metal_library_compile_pipeline: loaded kernel_unary_f32_f32_4_op=10_cnt=0            0xab4a14380 | th_max = 1024 | th_width =   32
ggml_metal_library_compile_pipeline: compiling pipeline: base = 'kernel_mul_mm_f32_f32', name = 'kernel_mul_mm_f32_f32_bci=0_bco=1_ne12=16_ne13=1_r2=1_r3=1'
ggml_metal_library_compile_pipeline: loaded kernel_mul_mm_f32_f32_bci=0_bco=1_ne12=16_ne13=1_r2=1_r3=1      0xab4a14700 | th_max = 1024 | th_width =   32
ggml_metal_library_compile_pipeline: compiling pipeline: base = 'kernel_soft_max_f32', name = 'kernel_soft_max_f32'
ggml_metal_library_compile_pipeline: loaded kernel_soft_max_f32                           0xab4a14a80 | th_max = 1024 | th_width =   32
ggml_metal_library_compile_pipeline: compiling pipeline: base = 'kernel_mul_mm_f32_f32', name = 'kernel_mul_mm_f32_f32_bci=1_bco=1_ne12=16_ne13=1_r2=1_r3=1'
ggml_metal_library_compile_pipeline: loaded kernel_mul_mm_f32_f32_bci=1_bco=1_ne12=16_ne13=1_r2=1_r3=1      0xab4a14e00 | th_max = 1024 | th_width =   32
ggml_metal_library_compile_pipeline: compiling pipeline: base = 'kernel_unary_f32_f32_4', name = 'kernel_unary_f32_f32_4_op=104_cnt=0'
ggml_metal_library_compile_pipeline: loaded kernel_unary_f32_f32_4_op=104_cnt=0           0xab4a15180 | th_max = 1024 | th_width =   32
ggml_metal_library_compile_pipeline: compiling pipeline: base = 'kernel_norm_f32_4', name = 'kernel_norm_f32_4'
ggml_metal_library_compile_pipeline: loaded kernel_norm_f32_4                             0xab4a15880 | th_max = 1024 | th_width =   32
      [cond-v] dinov3 S=512 ntok=1029: build+alloc 0.00 | upload 0.00 | compute 0.15 | readback 0.00 | free 0.00  (activations 88 MB)
      [cond-v] cond_ss view 0: normalize 0.00 | dino 0.16 | chw 0.02 | proj 0.14 | accum 0.00  (view 0.31s)
      [cond-v] dinov3 S=512 ntok=1029: build+alloc 0.00 | upload 0.00 | compute 0.25 | readback 0.00 | free 0.00  (activations 88 MB)
      [cond-v] cond_ss view 1: normalize 0.00 | dino 0.26 | chw 0.02 | proj 0.02 | accum 0.00  (view 0.30s)
      [cond-v] dinov3 S=512 ntok=1029: build+alloc 0.00 | upload 0.00 | compute 0.20 | readback 0.00 | free 0.00  (activations 88 MB)
      [cond-v] cond_ss view 2: normalize 0.00 | dino 0.20 | chw 0.01 | proj 0.07 | accum 0.00  (view 0.28s)
      [cond-v] dinov3 S=512 ntok=1029: build+alloc 0.01 | upload 0.00 | compute 0.27 | readback 0.00 | free 0.00  (activations 88 MB)
      [cond-v] cond_ss view 3: normalize 0.00 | dino 0.27 | chw 0.01 | proj 0.02 | accum 0.01  (view 0.31s)
ggml_metal_free: deallocating
      [cond] cond_ss S=512 R=16 (host path) (1.2s)
ggml_metal_init: allocating
ggml_metal_init: found device: Apple M4 Max
ggml_metal_init: picking default device: Apple M4 Max
ggml_metal_init: use fusion         = true
ggml_metal_init: use concurrency    = true
ggml_metal_init: use graph optimize = true
[trellis] using MTL0 (53084 MB) [auto]
      [flow] [....................]  0/12    0.0s  starting    
ggml_metal_library_compile_pipeline: compiling pipeline: base = 'kernel_mul_mv_f16_f32_short', name = 'kernel_mul_mv_f16_f32_short_nsg=1_ne12=1_r2=1_r3=1'
ggml_metal_library_compile_pipeline: loaded kernel_mul_mv_f16_f32_short_nsg=1_ne12=1_r2=1_r3=1      0xab4a15500 | th_max = 1024 | th_width =   32
ggml_metal_library_compile_pipeline: compiling pipeline: base = 'kernel_mul_mv_q8_0_f32', name = 'kernel_mul_mv_q8_0_f32_nsg=4_ne12=1_r2=1_r3=1'
ggml_metal_library_compile_pipeline: loaded kernel_mul_mv_q8_0_f32_nsg=4_ne12=1_r2=1_r3=1      0xab4a15c00 | th_max = 1024 | th_width =   32
ggml_metal_library_compile_pipeline: compiling pipeline: base = 'kernel_bin_fuse_f32_f32_f32_4', name = 'kernel_bin_fuse_f32_f32_f32_4_op=0_nf=1_rb=1_cb=0'
ggml_metal_library_compile_pipeline: loaded kernel_bin_fuse_f32_f32_f32_4_op=0_nf=1_rb=1_cb=0      0xab4a16300 | th_max = 1024 | th_width =   32
ggml_metal_library_compile_pipeline: compiling pipeline: base = 'kernel_unary_f32_f32_4', name = 'kernel_unary_f32_f32_4_op=106_cnt=1'
ggml_metal_library_compile_pipeline: loaded kernel_unary_f32_f32_4_op=106_cnt=1           0xab4a16680 | th_max = 1024 | th_width =   32
ggml_metal_library_compile_pipeline: compiling pipeline: base = 'kernel_mul_mm_q8_0_f32', name = 'kernel_mul_mm_q8_0_f32_bci=0_bco=0_ne12=1_ne13=1_r2=1_r3=1'
ggml_metal_library_compile_pipeline: loaded kernel_mul_mm_q8_0_f32_bci=0_bco=0_ne12=1_ne13=1_r2=1_r3=1      0xab4a16a00 | th_max = 1024 | th_width =   32
ggml_metal_library_compile_pipeline: compiling pipeline: base = 'kernel_rms_norm_f32_4', name = 'kernel_rms_norm_f32_4'
ggml_metal_library_compile_pipeline: loaded kernel_rms_norm_f32_4                         0xab4a16d80 | th_max = 1024 | th_width =   32
ggml_metal_library_compile_pipeline: compiling pipeline: base = 'kernel_bin_fuse_f32_f32_f32_4', name = 'kernel_bin_fuse_f32_f32_f32_4_op=1_nf=1_rb=0_cb=0'
ggml_metal_library_compile_pipeline: loaded kernel_bin_fuse_f32_f32_f32_4_op=1_nf=1_rb=0_cb=0      0xab4a17100 | th_max = 1024 | th_width =   32
ggml_metal_library_compile_pipeline: compiling pipeline: base = 'kernel_cpy_f32_bf16', name = 'kernel_cpy_f32_bf16'
ggml_metal_library_compile_pipeline: loaded kernel_cpy_f32_bf16                           0xab4a17480 | th_max = 1024 | th_width =   32
ggml_metal_library_compile_pipeline: compiling pipeline: base = 'kernel_arange_f32', name = 'kernel_arange_f32'
ggml_metal_library_compile_pipeline: loaded kernel_arange_f32                             0xab4a17800 | th_max = 1024 | th_width =   32
ggml_metal_library_compile_pipeline: compiling pipeline: base = 'kernel_unary_f32_f32_4', name = 'kernel_unary_f32_f32_4_op=111_cnt=1'
ggml_metal_library_compile_pipeline: loaded kernel_unary_f32_f32_4_op=111_cnt=1           0xab4a17b80 | th_max = 1024 | th_width =   32
ggml_metal_library_compile_pipeline: compiling pipeline: base = 'kernel_unary_f32_f32_4', name = 'kernel_unary_f32_f32_4_op=10_cnt=1'
ggml_metal_library_compile_pipeline: loaded kernel_unary_f32_f32_4_op=10_cnt=1            0xab4aa4000 | th_max = 1024 | th_width =   32
ggml_metal_library_compile_pipeline: compiling pipeline: base = 'kernel_cpy_f32_f16', name = 'kernel_cpy_f32_f16'
ggml_metal_library_compile_pipeline: loaded kernel_cpy_f32_f16                            0xab4aa4380 | th_max = 1024 | th_width =   32
ggml_metal_library_compile_pipeline: compiling pipeline: base = 'kernel_repeat_f16', name = 'kernel_repeat_f16'
ggml_metal_library_compile_pipeline: loaded kernel_repeat_f16                             0xab4aa4700 | th_max = 1024 | th_width =   32
ggml_metal_library_compile_pipeline: compiling pipeline: base = 'kernel_flash_attn_ext_blk', name = 'kernel_flash_attn_ext_blk_nqptg=8_ncpsg=64'
ggml_metal_library_compile_pipeline: loaded kernel_flash_attn_ext_blk_nqptg=8_ncpsg=64      0xab4aa4a80 | th_max = 1024 | th_width =   32
ggml_metal_library_compile_pipeline: compiling pipeline: base = 'kernel_flash_attn_ext_bf16_dk128_dv128', name = 'kernel_flash_attn_ext_bf16_dk128_dv128_mask=1_sinks=0_bias=0_scap=0_kvpad=0_bcm=0_ns10=128_ns20=128_nsg=4'
ggml_metal_library_compile_pipeline: loaded kernel_flash_attn_ext_bf16_dk128_dv128_mask=1_sinks=0_bias=0_scap=0_kvpad=0_bcm=0_ns10=128_ns20=128_nsg=4      0xab4aa4e00 | th_max = 1024 | th_width =   32
ggml_metal_library_compile_pipeline: compiling pipeline: base = 'kernel_mul_mv_ext_q8_0_f32_r1_5', name = 'kernel_mul_mv_ext_q8_0_f32_r1_5_nsg=2_nxpsg=8_ne12=1_r2=1_r3=1'
ggml_metal_library_compile_pipeline: loaded kernel_mul_mv_ext_q8_0_f32_r1_5_nsg=2_nxpsg=8_ne12=1_r2=1_r3=1      0xab4aa5180 | th_max = 1024 | th_width =   32
ggml_metal_library_compile_pipeline: compiling pipeline: base = 'kernel_pad_f32', name = 'kernel_pad_f32'
ggml_metal_library_compile_pipeline: loaded kernel_pad_f32                                0xab4aa5500 | th_max = 1024 | th_width =   32
ggml_metal_library_compile_pipeline: compiling pipeline: base = 'kernel_unary_f32_f32_4', name = 'kernel_unary_f32_f32_4_op=103_cnt=0'
ggml_metal_library_compile_pipeline: loaded kernel_unary_f32_f32_4_op=103_cnt=0           0xab4aa5880 | th_max = 1024 | th_width =   32
      [flow] [#...................]  1/12   11.1s  ~122s left  
      [flow] [###.................]  2/12   20.6s  ~103s left  
      [flow] [#####...............]  3/12   30.7s  ~92s left   
      [flow] [######..............]  4/12   39.8s  ~80s left   
      [flow] [########............]  5/12   48.6s  ~68s left   
      [flow] [##########..........]  6/12   58.1s  ~58s left   
      [flow] [###########.........]  7/12   67.9s  ~49s left   
      [flow] [#############.......]  8/12   76.4s  ~38s left   
      [flow] [###############.....]  9/12   83.6s  ~28s left   
      [flow] [################....] 10/12   90.6s  ~18s left   
      [flow] [##################..] 11/12   94.5s  ~9s left    
      [flow] [####################] 12/12   99.0s  ~0s left    
      [flow] 12 steps, 22 forwards, 99.0s
ggml_metal_free: deallocating
      [cond] flow (load + runner + sampler) (99.4s)
ggml_metal_init: allocating
ggml_metal_init: found device: Apple M4 Max
ggml_metal_init: picking default device: Apple M4 Max
ggml_metal_init: use fusion         = true
ggml_metal_init: use concurrency    = true
ggml_metal_init: use graph optimize = true
[trellis] using MTL0 (53084 MB) [auto]
ggml_metal_library_compile_pipeline: compiling pipeline: base = 'kernel_conv_3d_f16_f32', name = 'kernel_conv_3d_f16_f32'
ggml_metal_library_compile_pipeline: loaded kernel_conv_3d_f16_f32                        0xab4aa5c00 | th_max = 1024 | th_width =   32
ggml_metal_library_compile_pipeline: compiling pipeline: base = 'kernel_bin_fuse_f32_f32_f32', name = 'kernel_bin_fuse_f32_f32_f32_op=0_nf=1_rb=0_cb=1'
ggml_metal_library_compile_pipeline: loaded kernel_bin_fuse_f32_f32_f32_op=0_nf=1_rb=0_cb=1      0xab4aa5f80 | th_max = 1024 | th_width =   32
ggml_metal_library_compile_pipeline: compiling pipeline: base = 'kernel_unary_f32_f32_4', name = 'kernel_unary_f32_f32_4_op=106_cnt=0'
ggml_metal_library_compile_pipeline: loaded kernel_unary_f32_f32_4_op=106_cnt=0           0xab4aa6680 | th_max = 1024 | th_width =   32
ggml_metal_library_compile_pipeline: compiling pipeline: base = 'kernel_norm_mul_f32_4', name = 'kernel_norm_mul_f32_4'
ggml_metal_library_compile_pipeline: loaded kernel_norm_mul_f32_4                         0xab4aa6a00 | th_max = 1024 | th_width =   32
ggml_metal_free: deallocating
      [cond] ss_decode (load + decode + coords) (10.8s)
      [cond] SS accounted (111.5s)
      active voxels @res32 = 4438  (111.5s)
[3/6] shape SLAT flow (LR 512 -> upsample -> HR 1024 cascade, max_tok=49152)
ggml_metal_init: allocating
ggml_metal_init: found device: Apple M4 Max
ggml_metal_init: picking default device: Apple M4 Max
ggml_metal_init: use fusion         = true
ggml_metal_init: use concurrency    = true
ggml_metal_init: use graph optimize = true
[trellis] using MTL0 (53084 MB) [auto]
ggml_metal_init: allocating
ggml_metal_init: found device: Apple M4 Max
ggml_metal_init: picking default device: Apple M4 Max
ggml_metal_init: use fusion         = true
ggml_metal_init: use concurrency    = true
ggml_metal_init: use graph optimize = true
[trellis] using MTL0 (53084 MB) [auto]
      [cond] load dinov3 + naf (0.1s)
      [cond] naf lowering on MTL0: groupnorm=ggml_norm[n/8,8] pad/pool=native conv=im2col
ggml_metal_library_compile_pipeline: compiling pipeline: base = 'kernel_get_rows_f32', name = 'kernel_get_rows_f32'
ggml_metal_library_compile_pipeline: loaded kernel_get_rows_f32                           0xab4aa6300 | th_max = 1024 | th_width =   32
ggml_metal_library_compile_pipeline: compiling pipeline: base = 'kernel_bin_fuse_f32_f32_f32', name = 'kernel_bin_fuse_f32_f32_f32_op=2_nf=1_rb=0_cb=1'
ggml_metal_library_compile_pipeline: loaded kernel_bin_fuse_f32_f32_f32_op=2_nf=1_rb=0_cb=1      0xab4aa7480 | th_max = 1024 | th_width =   32
ggml_metal_library_compile_pipeline: compiling pipeline: base = 'kernel_mul_mv_f16_f16_short', name = 'kernel_mul_mv_f16_f16_short_nsg=1_ne12=1_r2=1_r3=1'
ggml_metal_library_compile_pipeline: loaded kernel_mul_mv_f16_f16_short_nsg=1_ne12=1_r2=1_r3=1      0xab4aa6d80 | th_max = 1024 | th_width =   32
ggml_metal_library_compile_pipeline: compiling pipeline: base = 'kernel_pad_reflect_1d_f32', name = 'kernel_pad_reflect_1d_f32'
ggml_metal_library_compile_pipeline: loaded kernel_pad_reflect_1d_f32                     0xab4aa7800 | th_max = 1024 | th_width =   32
ggml_metal_library_compile_pipeline: compiling pipeline: base = 'kernel_unary_f32_f32_4', name = 'kernel_unary_f32_f32_4_op=108_cnt=0'
ggml_metal_library_compile_pipeline: loaded kernel_unary_f32_f32_4_op=108_cnt=0           0xab4aa7100 | th_max = 1024 | th_width =   32
ggml_metal_library_compile_pipeline: compiling pipeline: base = 'kernel_sum_rows_f32_f32_4', name = 'kernel_sum_rows_f32_f32_4_op=10'
ggml_metal_library_compile_pipeline: loaded kernel_sum_rows_f32_f32_4_op=10               0xab4c80000 | th_max = 1024 | th_width =   32
ggml_metal_library_compile_pipeline: compiling pipeline: base = 'kernel_mul_mm_f32_f32', name = 'kernel_mul_mm_f32_f32_bci=0_bco=1_ne12=4_ne13=256_r2=1_r3=1'
ggml_metal_library_compile_pipeline: loaded kernel_mul_mm_f32_f32_bci=0_bco=1_ne12=4_ne13=256_r2=1_r3=1      0xab4c80a80 | th_max = 1024 | th_width =   32
ggml_metal_library_compile_pipeline: compiling pipeline: base = 'kernel_mul_mm_f32_f32', name = 'kernel_mul_mm_f32_f32_bci=1_bco=0_ne12=4_ne13=256_r2=1_r3=1'
ggml_metal_library_compile_pipeline: loaded kernel_mul_mm_f32_f32_bci=1_bco=0_ne12=4_ne13=256_r2=1_r3=1      0xab4c80e00 | th_max = 1024 | th_width =   32
      [cond-v] cond_slat_gpu S=512 R=32 T=512 view 0: host taps 0.00 | chunk_prep 0.00 | persistent alloc/free 0.19 | dino x1: build 0.00 up 0.00 compute 0.12 free 0.00 | naf_enc x2: build 0.07 up 0.00 compute 0.83 free 0.00 | naf_qk x4: build 0.04 up 0.03 compute 0.13 free 0.02 | naf_attn x4: build 0.13 up 0.00 compute 0.08 free 0.00  (attn chunks skipped 0; laps 1.66 of view 1.68s)
      [cond-v] cond_slat_gpu S=512 R=32 T=512 view 1: host taps 0.00 | chunk_prep 0.00 | persistent alloc/free 0.26 | dino x1: build 0.01 up 0.00 compute 0.19 free 0.00 | naf_enc x2: build 0.05 up 0.00 compute 0.92 free 0.00 | naf_qk x4: build 0.04 up 0.04 compute 0.08 free 0.00 | naf_attn x4: build 0.16 up 0.01 compute 0.13 free 0.01  (attn chunks skipped 0; laps 1.90 of view 1.93s)
      [cond-v] cond_slat_gpu S=512 R=32 T=512 view 2: host taps 0.00 | chunk_prep 0.00 | persistent alloc/free 0.08 | dino x1: build 0.01 up 0.00 compute 0.32 free 0.00 | naf_enc x2: build 0.10 up 0.00 compute 0.88 free 0.00 | naf_qk x4: build 0.04 up 0.07 compute 0.08 free 0.00 | naf_attn x4: build 0.12 up 0.00 compute 0.16 free 0.00  (attn chunks skipped 0; laps 1.88 of view 1.89s)
      [cond-v] cond_slat_gpu S=512 R=32 T=512 view 3: host taps 0.00 | chunk_prep 0.00 | persistent alloc/free 0.08 | dino x1: build 0.01 up 0.00 compute 0.28 free 0.00 | naf_enc x2: build 0.06 up 0.00 compute 0.99 free 0.00 | naf_qk x4: build 0.03 up 0.01 compute 0.09 free 0.00 | naf_attn x4: build 0.11 up 0.00 compute 0.14 free 0.00  (attn chunks skipped 0; laps 1.81 of view 1.81s)
      [cond-v] cond_slat_gpu: readback + interleave + free 0.02
ggml_metal_free: deallocating
ggml_metal_free: deallocating
      [cond] cond_slat S=512 R=32 T=512 (device sparse) (7.6s)
      [cond] noise (0.0s)
ggml_metal_init: allocating
ggml_metal_init: found device: Apple M4 Max
ggml_metal_init: picking default device: Apple M4 Max
ggml_metal_init: use fusion         = true
ggml_metal_init: use concurrency    = true
ggml_metal_init: use graph optimize = true
[trellis] using MTL0 (53084 MB) [auto]
      [flow] [....................]  0/12    0.0s  starting    
      [flow] [#...................]  1/12   10.0s  ~110s left  
      [flow] [###.................]  2/12   20.3s  ~101s left  
      [flow] [#####...............]  3/12   30.7s  ~92s left   
      [flow] [######..............]  4/12   40.8s  ~82s left   
      [flow] [########............]  5/12   50.4s  ~71s left   
      [flow] [##########..........]  6/12   60.0s  ~60s left   
      [flow] [###########.........]  7/12   71.0s  ~51s left   
      [flow] [#############.......]  8/12   81.4s  ~41s left   
      [flow] [###############.....]  9/12   86.3s  ~29s left   
      [flow] [################....] 10/12   90.6s  ~18s left   
      [flow] [##################..] 11/12   95.7s  ~9s left    
      [flow] [####################] 12/12  101.4s  ~0s left    
      [flow] 12 steps, 20 forwards, 101.4s
ggml_metal_free: deallocating
      [cond] flow (load + runner + sampler) (102.2s)
      [stats] LR slat (res32, MV) n=142016 mean=-0.1533 std=5.3920 min=-23.509 max=25.440 nan/inf=0
      [cond] denorm + stats (0.0s)
      [cond] LR shape SLAT accounted (109.9s)
      LR shape SLAT (109.9s)
ggml_metal_init: allocating
ggml_metal_init: found device: Apple M4 Max
ggml_metal_init: picking default device: Apple M4 Max
ggml_metal_init: use fusion         = true
ggml_metal_init: use concurrency    = true
ggml_metal_init: use graph optimize = true
[trellis] using MTL0 (53084 MB) [auto]
      [cond] load shape_dec (0.3s)
      [cond-v] sparse_upsample N=4438: from_latent 0.01
ggml_metal_library_compile_pipeline: compiling pipeline: base = 'kernel_cpy_f16_f16', name = 'kernel_cpy_f16_f16'
ggml_metal_library_compile_pipeline: loaded kernel_cpy_f16_f16                            0xab4c80380 | th_max = 1024 | th_width =   32
ggml_metal_library_compile_pipeline: compiling pipeline: base = 'kernel_cpy_i32_i32', name = 'kernel_cpy_i32_i32'
ggml_metal_library_compile_pipeline: loaded kernel_cpy_i32_i32                            0xab4c81500 | th_max = 1024 | th_width =   32
ggml_metal_library_compile_pipeline: compiling pipeline: base = 'kernel_mul_mm_f16_f32', name = 'kernel_mul_mm_f16_f32_bci=0_bco=1_ne12=1_ne13=1_r2=1_r3=1'
ggml_metal_library_compile_pipeline: loaded kernel_mul_mm_f16_f32_bci=0_bco=1_ne12=1_ne13=1_r2=1_r3=1      0xab4c81880 | th_max = 1024 | th_width =   32
ggml_metal_library_compile_pipeline: compiling pipeline: base = 'kernel_repeat_f32', name = 'kernel_repeat_f32'
ggml_metal_library_compile_pipeline: loaded kernel_repeat_f32                             0xab4c80700 | th_max = 1024 | th_width =   32
      [cond-v] sparse_upsample stage0 C=1024 N=4438: neighbor_table 0.00 | convnext x4 0.17 | c2s 0.51  -> N=18288
      [cond-v] sparse_upsample stage1 C=512 N=18288: neighbor_table 0.01 | convnext x16 2.07 | c2s 0.52  -> N=74151
      [cond-v] sparse_upsample stage2 C=256 N=74151: neighbor_table 0.02 | convnext x8 1.42 | c2s 0.80  -> N=300139
ggml_metal_library_compile_pipeline: compiling pipeline: base = 'kernel_mul_mm_f16_f32', name = 'kernel_mul_mm_f16_f32_bci=0_bco=0_ne12=1_ne13=1_r2=1_r3=1'
ggml_metal_library_compile_pipeline: loaded kernel_mul_mm_f16_f32_bci=0_bco=0_ne12=1_ne13=1_r2=1_r3=1      0xab4c81f80 | th_max = 1024 | th_width =   32
      [cond-v] sparse_upsample stage3 C=128 N=300139: neighbor_table 0.07 | convnext x4 1.11 | c2s 1.37  -> N=1211617
ggml_metal_free: deallocating
      [cond] shape_upsample (decoder stages, coords only) (8.1s)
      upsampled coords @res512=1211617 -> quantized @res1024 (grid 64, Pixal3D round/grid-1 formula) = 17612 tokens
      [cond] quantize res512 -> grid (std::set) (0.1s)
ggml_metal_init: allocating
ggml_metal_init: found device: Apple M4 Max
ggml_metal_init: picking default device: Apple M4 Max
ggml_metal_init: use fusion         = true
ggml_metal_init: use concurrency    = true
ggml_metal_init: use graph optimize = true
[trellis] using MTL0 (53084 MB) [auto]
ggml_metal_init: allocating
ggml_metal_init: found device: Apple M4 Max
ggml_metal_init: picking default device: Apple M4 Max
ggml_metal_init: use fusion         = true
ggml_metal_init: use concurrency    = true
ggml_metal_init: use graph optimize = true
[trellis] using MTL0 (53084 MB) [auto]
      [cond] load dinov3 + naf (0.1s)
ggml_metal_library_compile_pipeline: compiling pipeline: base = 'kernel_pool_2d_avg_f32', name = 'kernel_pool_2d_avg_f32'
ggml_metal_library_compile_pipeline: loaded kernel_pool_2d_avg_f32                        0xab4c81c00 | th_max = 1024 | th_width =   32
ggml_metal_library_compile_pipeline: compiling pipeline: base = 'kernel_mul_mm_f32_f32', name = 'kernel_mul_mm_f32_f32_bci=0_bco=1_ne12=4_ne13=1024_r2=1_r3=1'
ggml_metal_library_compile_pipeline: loaded kernel_mul_mm_f32_f32_bci=0_bco=1_ne12=4_ne13=1024_r2=1_r3=1      0xab4c82680 | th_max = 1024 | th_width =   32
ggml_metal_library_compile_pipeline: compiling pipeline: base = 'kernel_mul_mm_f32_f32', name = 'kernel_mul_mm_f32_f32_bci=1_bco=0_ne12=4_ne13=1024_r2=1_r3=1'
ggml_metal_library_compile_pipeline: loaded kernel_mul_mm_f32_f32_bci=1_bco=0_ne12=4_ne13=1024_r2=1_r3=1      0xab4c82a00 | th_max = 1024 | th_width =   32
      [cond-v] cond_slat_gpu S=1024 R=64 T=512 view 0: host taps 0.02 | chunk_prep 0.00 | persistent alloc/free 0.06 | dino x1: build 0.04 up 0.00 compute 2.11 free 0.00 | naf_enc x1: build 0.16 up 0.00 compute 3.39 free 0.00 | naf_qk x4: build 0.03 up 0.01 compute 0.11 free 0.00 | naf_attn x4: build 0.11 up 0.00 compute 0.33 free 0.00  (attn chunks skipped 0; laps 6.38 of view 6.38s)
      [cond-v] cond_slat_gpu S=1024 R=64 T=512 view 1: host taps 0.01 | chunk_prep 0.00 | persistent alloc/free 0.07 | dino x1: build 0.04 up 0.00 compute 2.02 free 0.00 | naf_enc x1: build 0.15 up 0.00 compute 3.28 free 0.00 | naf_qk x4: build 0.03 up 0.01 compute 0.07 free 0.00 | naf_attn x4: build 0.12 up 0.00 compute 0.25 free 0.00  (attn chunks skipped 0; laps 6.04 of view 6.04s)
      [cond-v] cond_slat_gpu S=1024 R=64 T=512 view 2: host taps 0.01 | chunk_prep 0.00 | persistent alloc/free 0.07 | dino x1: build 0.09 up 0.00 compute 1.97 free 0.00 | naf_enc x1: build 0.12 up 0.00 compute 3.35 free 0.00 | naf_qk x4: build 0.03 up 0.01 compute 0.07 free 0.00 | naf_attn x4: build 0.11 up 0.00 compute 0.24 free 0.00  (attn chunks skipped 0; laps 6.07 of view 6.07s)
      [cond-v] cond_slat_gpu S=1024 R=64 T=512 view 3: host taps 0.01 | chunk_prep 0.00 | persistent alloc/free 0.07 | dino x1: build 0.03 up 0.00 compute 2.03 free 0.00 | naf_enc x1: build 0.14 up 0.00 compute 3.41 free 0.00 | naf_qk x4: build 0.03 up 0.01 compute 0.08 free 0.00 | naf_attn x4: build 0.11 up 0.00 compute 0.25 free 0.00  (attn chunks skipped 0; laps 6.17 of view 6.17s)
      [cond-v] cond_slat_gpu: readback + interleave + free 0.01
ggml_metal_free: deallocating
ggml_metal_free: deallocating
      [cond] cond_slat S=1024 R=grid T=512 (device sparse) (25.0s)
      [cond] noise (0.0s)
ggml_metal_init: allocating
ggml_metal_init: found device: Apple M4 Max
ggml_metal_init: picking default device: Apple M4 Max
ggml_metal_init: use fusion         = true
ggml_metal_init: use concurrency    = true
ggml_metal_init: use graph optimize = true
[trellis] using MTL0 (53084 MB) [auto]
      [flow] [....................]  0/12    0.0s  starting    
      [flow] [#...................]  1/12   86.9s  ~956s left  
      [flow] [###.................]  2/12  242.6s  ~1213s left 
      [flow] [#####...............]  3/12  433.0s  ~1299s left 
      [flow] [######..............]  4/12  672.8s  ~1346s left 
      [flow] [########............]  5/12  774.5s  ~1084s left 
      [flow] [##########..........]  6/12  812.3s  ~812s left  
      [flow] [###########.........]  7/12  855.4s  ~611s left  
      [flow] [#############.......]  8/12  911.4s  ~456s left  
      [flow] [###############.....]  9/12  966.4s  ~322s left  
      [flow] [################....] 10/12  1008.3s  ~202s left  
      [flow] [##################..] 11/12  1053.3s  ~96s left   
      [flow] [####################] 12/12  1086.9s  ~0s left    
      [flow] 12 steps, 20 forwards, 1086.9s
ggml_metal_free: deallocating
      [cond] flow (load + runner + sampler) (1087.3s)
      [stats] HR slat (MV) n=563584 mean=-0.0829 std=5.2482 min=-23.643 max=24.318 nan/inf=0
      [cond] denorm + stats (+ dump) (0.0s)
      [cond] HR shape SLAT accounted (1120.9s)
      HR shape SLAT (1120.9s)
[4/6] FlexiDualGrid shape decode -> mesh @res1024
ggml_metal_init: allocating
ggml_metal_init: found device: Apple M4 Max
ggml_metal_init: picking default device: Apple M4 Max
ggml_metal_init: use fusion         = true
ggml_metal_init: use concurrency    = true
ggml_metal_init: use graph optimize = true
[trellis] using MTL0 (53084 MB) [auto]
      [cond] load shape_dec (0.2s)
      [cond-v] shape_dec N=17612: from_latent 0.05
      [cond-v] shape_dec stage0 C=1024 N=17612: neighbor_table 0.00 | convnext x4 0.89 | c2s 1.04  -> N=71652
      [cond-v] shape_dec stage1 C=512 N=71652: neighbor_table 0.01 | convnext x16 7.07 | c2s 1.99  -> N=290607
      [cond-v] shape_dec stage2 C=256 N=290607: neighbor_table 0.10 | convnext x8 4.95 | c2s 3.44  -> N=1173180
ggml_metal_library_compile_pipeline: compiling pipeline: base = 'kernel_bin_fuse_f32_f32_f32', name = 'kernel_bin_fuse_f32_f32_f32_op=0_nf=1_rb=0_cb=0'
ggml_metal_library_compile_pipeline: loaded kernel_bin_fuse_f32_f32_f32_op=0_nf=1_rb=0_cb=0      0xab4c81180 | th_max = 1024 | th_width =   32
      [cond-v] shape_dec stage3 C=128 N=1173180: neighbor_table 1.70 | convnext x4 5.37 | c2s+head 5.28  -> N=4710169
ggml_metal_free: deallocating
      [cond] shape_decode (decoder stages) (31.9s)
      decoded voxels @res1024 = 4710169
      [cond] dual_grid_to_mesh (0.5s)
      mesh V=4710169 F=9429680
      filled 3483 small holes -> V=4713652 F=9450990
      [cond] fill_holes (1.3s)
      [cond] shape decode accounted (33.9s)
      shape decode (33.9s)
[5/6] texture SLAT flow (HR 1024, NAF@1024) + PBR decode
ggml_metal_init: allocating
ggml_metal_init: found device: Apple M4 Max
ggml_metal_init: picking default device: Apple M4 Max
ggml_metal_init: use fusion         = true
ggml_metal_init: use concurrency    = true
ggml_metal_init: use graph optimize = true
[trellis] using MTL0 (53084 MB) [auto]
ggml_metal_init: allocating
ggml_metal_init: found device: Apple M4 Max
ggml_metal_init: picking default device: Apple M4 Max
ggml_metal_init: use fusion         = true
ggml_metal_init: use concurrency    = true
ggml_metal_init: use graph optimize = true
[trellis] using MTL0 (53084 MB) [auto]
      [cond] load dinov3 + naf (0.1s)
      [cond-v] cond_slat_gpu S=1024 R=64 T=1024 view 0: host taps 0.01 | chunk_prep 0.00 | persistent alloc/free 0.13 | dino x1: build 0.03 up 0.00 compute 1.16 free 0.00 | naf_enc x2: build 0.12 up 0.00 compute 4.48 free 0.00 | naf_qk x16: build 0.09 up 0.02 compute 0.33 free 0.00 | naf_attn x14: build 0.19 up 0.00 compute 0.54 free 0.00  (attn chunks skipped 2; laps 7.11 of view 7.13s)
      [cond-v] cond_slat_gpu S=1024 R=64 T=1024 view 1: host taps 0.01 | chunk_prep 0.00 | persistent alloc/free 0.13 | dino x1: build 0.03 up 0.00 compute 2.30 free 0.00 | naf_enc x2: build 0.12 up 0.00 compute 3.77 free 0.00 | naf_qk x16: build 0.09 up 0.02 compute 0.31 free 0.00 | naf_attn x14: build 0.19 up 0.00 compute 0.49 free 0.00  (attn chunks skipped 2; laps 7.46 of view 7.47s)
      [cond-v] cond_slat_gpu S=1024 R=64 T=1024 view 2: host taps 0.00 | chunk_prep 0.00 | persistent alloc/free 0.70 | dino x1: build 0.03 up 0.00 compute 2.58 free 0.00 | naf_enc x2: build 0.29 up 0.04 compute 3.87 free 0.00 | naf_qk x16: build 0.18 up 0.08 compute 0.30 free 0.01 | naf_attn x16: build 0.47 up 0.04 compute 0.55 free 0.00  (attn chunks skipped 0; laps 9.15 of view 9.20s)
      [cond-v] cond_slat_gpu S=1024 R=64 T=1024 view 3: host taps 0.02 | chunk_prep 0.01 | persistent alloc/free 0.72 | dino x1: build 0.07 up 0.00 compute 1.81 free 0.00 | naf_enc x2: build 0.24 up 0.02 compute 3.26 free 0.00 | naf_qk x16: build 0.27 up 0.15 compute 0.34 free 0.02 | naf_attn x14: build 0.47 up 0.05 compute 0.50 free 0.00  (attn chunks skipped 2; laps 7.96 of view 8.05s)
      [cond-v] cond_slat_gpu: readback + interleave + free 0.04
ggml_metal_free: deallocating
ggml_metal_free: deallocating
      [cond] cond_slat S=1024 R=grid T=1024 (device sparse) (32.6s)
ggml_metal_init: allocating
ggml_metal_init: found device: Apple M4 Max
ggml_metal_init: picking default device: Apple M4 Max
ggml_metal_init: use fusion         = true
ggml_metal_init: use concurrency    = true
ggml_metal_init: use graph optimize = true
[trellis] using MTL0 (53084 MB) [auto]
      [flow] [....................]  0/12    0.0s  starting    
      [flow] [#...................]  1/12   37.7s  ~415s left  
      [flow] [###.................]  2/12   77.7s  ~388s left  
      [flow] [#####...............]  3/12  114.7s  ~344s left  
      [flow] [######..............]  4/12  153.6s  ~307s left  
      [flow] [########............]  5/12  192.0s  ~269s left  
      [flow] [##########..........]  6/12  229.2s  ~229s left  
      [flow] [###########.........]  7/12  264.2s  ~189s left  
      [flow] [#############.......]  8/12  299.6s  ~150s left  
      [flow] [###############.....]  9/12  335.6s  ~112s left  
      [flow] [################....] 10/12  375.4s  ~75s left   
      [flow] [##################..] 11/12  410.9s  ~37s left   
      [flow] [####################] 12/12  450.1s  ~0s left    
      [flow] 12 steps, 12 forwards, 450.1s
ggml_metal_free: deallocating
      [cond] flow (load + runner + sampler + denorm) (451.4s)
ggml_metal_init: allocating
ggml_metal_init: found device: Apple M4 Max
ggml_metal_init: picking default device: Apple M4 Max
ggml_metal_init: use fusion         = true
ggml_metal_init: use concurrency    = true
ggml_metal_init: use graph optimize = true
[trellis] using MTL0 (53084 MB) [auto]
      [cond] load tex_dec (1.0s)
      [cond-v] tex_dec N=17612: from_latent 0.07
      [cond-v] tex_dec stage0 C=1024 N=17612: neighbor_table 0.01 | convnext x4 0.69 | c2s 1.19  -> N=71652
      [cond-v] tex_dec stage1 C=512 N=71652: neighbor_table 0.02 | convnext x16 6.60 | c2s 1.63  -> N=290607
      [cond-v] tex_dec stage2 C=256 N=290607: neighbor_table 0.06 | convnext x8 4.34 | c2s 2.66  -> N=1173180
      [cond-v] tex_dec stage3 C=128 N=1173180: neighbor_table 0.27 | convnext x4 3.38 | c2s+head 3.94  -> N=4710169
ggml_metal_free: deallocating
      [cond] tex_decode (decoder stages) (24.8s)
      PBR voxels=4710169 @res1024
      [cond] pbr unpack (0.0s)
      [cond] texture SLAT + decode accounted (510.0s)
      texture SLAT + decode (510.0s)
[6/6] write /Users/s25705/Downloads/pixal3d-metal-groupnorm/docs/results/2026-09-20-metal-groupnorm/e2e/new.glb
  weld: V 4713652->4708575 (5077 near-duplicates merged, eps=0.00012)
  fill_holes: 3959 boundary loops filled (+16350 faces)
      [post] weld + fill_small_holes (4.6s)
      [post] bvh build (1.8s)
  remesh_dc: 11871285 active voxels -> V=9287647 F=18582744 (eps=0.0009794, project_back=0.00)
    [clean] faces=18582744, flipped 0 for consistent winding
  remesh postproc: dropped 23 floater comps -> V=9075082 F=18157032
      [post] remesh_dc + clean + drop_small_components (13.0s)
  decimate_qem(target=1000000): V 9075082->473663, F 18157032->951646 (thresh=1.0e-07, 16 threads)
  weld: V 473663->473641 (22 near-duplicates merged, eps=0.00012)
  decimated postproc: dropped 1 more comps -> F=951638
      [post] decimate + weld + fill + drop (8.4s)
  uv_bake: 1 components (0 tiny, 0 faces -> strip S=0), 0 duplicate faces dropped
  uv_bake: 2195 merge clusters
  uv_bake: 1334 uncharted faces kept with point-collapsed UVs
  uv_bake: atlas 4096x4096 (xatlas 1184x1203), Vo=656387 Fo=951638
      [post] uv unwrap + PBR bake (42.1s)
      textured GLB (atlas 4096, +/Users/s25705/Downloads/pixal3d-metal-groupnorm/docs/results/2026-09-20-metal-groupnorm/e2e/new_base.png)
      [post] GLB + PNG write (3.3s)
      [post] PLY write (1.0s)
      postprocess total (74.2s)
done in 1960.5s -> /Users/s25705/Downloads/pixal3d-metal-groupnorm/docs/results/2026-09-20-metal-groupnorm/e2e/new.glb (+ /Users/s25705/Downloads/pixal3d-metal-groupnorm/docs/results/2026-09-20-metal-groupnorm/e2e/new.ply)
