=== trellis-cli --views ===
Fri Sep 11 18:35:11 UTC 2026
[trellis] generating model with seed 1
[1/6] Pixal3D multiview: load /opt/gate/views
      V=4 views, mesh_scale=1.0000
[2/6] SS proj conditioning + flow
ggml_vulkan: Found 1 Vulkan devices:
ggml_vulkan: 0 = NVIDIA L4 (NVIDIA) | uma: 0 | fp16: 1 | bf16: 0 | warp size: 32 | shared memory: 49152 | int dot: 1 | matrix cores: NV_coopmat2
[trellis] using Vulkan0 (23034 MB)
[trellis] using Vulkan0 (23034 MB)
      [flow] [....................]  0/12    0.0s  starting    
      [flow] [#...................]  1/12    8.4s  ~93s left   
      [flow] [###.................]  2/12   10.7s  ~54s left   
      [flow] [#####...............]  3/12   13.0s  ~39s left   
      [flow] [######..............]  4/12   15.3s  ~31s left   
      [flow] [########............]  5/12   17.5s  ~25s left   
      [flow] [##########..........]  6/12   19.8s  ~20s left   
      [flow] [###########.........]  7/12   22.1s  ~16s left   
      [flow] [#############.......]  8/12   24.3s  ~12s left   
      [flow] [###############.....]  9/12   26.6s  ~9s left    
      [flow] [################....] 10/12   28.9s  ~6s left    
      [flow] [##################..] 11/12   30.0s  ~3s left    
      [flow] [####################] 12/12   31.2s  ~0s left    
      [flow] 12 steps, 22 forwards, 31.2s
[trellis] using Vulkan0 (23034 MB)
      active voxels @res32 = 4339  (47.1s)
[3/6] shape SLAT flow (LR 512 -> upsample -> HR 1024 cascade, max_tok=49152)
[trellis] using Vulkan0 (23034 MB)
[trellis] using Vulkan0 (23034 MB)
[trellis] using Vulkan0 (23034 MB)
      [flow] [....................]  0/12    0.0s  starting    
      [flow] [#...................]  1/12    2.8s  ~30s left   
      [flow] [###.................]  2/12    5.3s  ~27s left   
      [flow] [#####...............]  3/12    7.9s  ~24s left   
      [flow] [######..............]  4/12   10.4s  ~21s left   
      [flow] [########............]  5/12   13.0s  ~18s left   
      [flow] [##########..........]  6/12   15.6s  ~16s left   
      [flow] [###########.........]  7/12   18.2s  ~13s left   
      [flow] [#############.......]  8/12   20.7s  ~10s left   
      [flow] [###############.....]  9/12   22.0s  ~7s left    
      [flow] [################....] 10/12   23.3s  ~5s left    
      [flow] [##################..] 11/12   24.6s  ~2s left    
      [flow] [####################] 12/12   25.9s  ~0s left    
      [flow] 12 steps, 20 forwards, 25.9s
      [stats] LR slat (res32, MV) n=138848 mean=-0.2986 std=5.4198 min=-25.091 max=24.122 nan/inf=0
      LR shape SLAT (52.5s)
[trellis] using Vulkan0 (23034 MB)
      upsampled coords @res512=1177378 -> quantized @res1024 (grid 64, Pixal3D round/grid-1 formula) = 17302 tokens
[trellis] using Vulkan0 (23034 MB)
[trellis] using Vulkan0 (23034 MB)
[trellis] using Vulkan0 (23034 MB)
      [flow] [....................]  0/12    0.0s  starting    
      [flow] [#...................]  1/12   25.4s  ~280s left  
      [flow] [###.................]  2/12   50.5s  ~252s left  
      [flow] [#####...............]  3/12   75.5s  ~227s left  
      [flow] [######..............]  4/12  100.6s  ~201s left  
      [flow] [########............]  5/12  125.8s  ~176s left  
      [flow] [##########..........]  6/12  151.0s  ~151s left  
      [flow] [###########.........]  7/12  176.2s  ~126s left  
      [flow] [#############.......]  8/12  201.5s  ~101s left  
      [flow] [###############.....]  9/12  214.1s  ~71s left   
      [flow] [################....] 10/12  226.7s  ~45s left   
      [flow] [##################..] 11/12  239.3s  ~22s left   
      [flow] [####################] 12/12  251.9s  ~0s left    
      [flow] 12 steps, 20 forwards, 251.9s
      [stats] HR slat (MV) n=553664 mean=-0.0979 std=5.2654 min=-23.329 max=25.561 nan/inf=0
      HR shape SLAT (330.4s)
[4/6] FlexiDualGrid shape decode -> mesh @res1024
[trellis] using Vulkan0 (23034 MB)
      decoded voxels @res1024 = 4606357
      mesh V=4606357 F=9232160
      filled 3154 small holes -> V=4609511 F=9251414
      shape decode (28.4s)
[5/6] texture SLAT flow (HR 1024, NAF@1024) + PBR decode
[trellis] using Vulkan0 (23034 MB)
[trellis] using Vulkan0 (23034 MB)
[trellis] naf_ggml_S1024_T1024: backend Vulkan0 does not support node 249 MUL_MAT 'node_249' dst=f32[256,256,4,4096] src= f32[81,256,4,4096], f32[81,256,4,4096]
[trellis] naf_ggml_S1024_T1024: backend Vulkan0 does not support node 250 PERMUTE ' (permuted)' dst=f32[256,4,256,4096] src= f32[256,256,4,4096]
[trellis] naf_ggml_S1024_T1024: backend Vulkan0 does not support node 251 CONT ' (permuted) (cont)' dst=f32[256,4,256,4096] src= f32[256,4,256,4096]
[trellis] naf_ggml_S1024_T1024: backend Vulkan0 does not support node 252 RESHAPE ' (permuted) (cont) (reshaped)' dst=f32[1024,1048576,1,1] src= f32[256,4,256,4096]
[trellis] naf_ggml_S1024_T1024: backend Vulkan0 does not support node 253 RESHAPE ' (permuted) (cont) (reshaped) (reshaped)' dst=f32[1024,1048576,1,1] src= f32[1024,1048576,1,1]
[trellis] naf_ggml_S1024_T1024: 5 unsupported node(s) on Vulkan0
[trellis] naf_ggml_S1024_T1024: backend Vulkan0 does not support node 249 MUL_MAT 'node_249' dst=f32[256,256,4,4096] src= f32[81,256,4,4096], f32[81,256,4,4096]
[trellis] naf_ggml_S1024_T1024: backend Vulkan0 does not support node 250 PERMUTE ' (permuted)' dst=f32[256,4,256,4096] src= f32[256,256,4,4096]
[trellis] naf_ggml_S1024_T1024: backend Vulkan0 does not support node 251 CONT ' (permuted) (cont)' dst=f32[256,4,256,4096] src= f32[256,4,256,4096]
[trellis] naf_ggml_S1024_T1024: backend Vulkan0 does not support node 252 RESHAPE ' (permuted) (cont) (reshaped)' dst=f32[1024,1048576,1,1] src= f32[256,4,256,4096]
[trellis] naf_ggml_S1024_T1024: backend Vulkan0 does not support node 253 RESHAPE ' (permuted) (cont) (reshaped) (reshaped)' dst=f32[1024,1048576,1,1] src= f32[1024,1048576,1,1]
[trellis] naf_ggml_S1024_T1024: 5 unsupported node(s) on Vulkan0
[trellis] naf_ggml_S1024_T1024: backend Vulkan0 does not support node 249 MUL_MAT 'node_249' dst=f32[256,256,4,4096] src= f32[81,256,4,4096], f32[81,256,4,4096]
[trellis] naf_ggml_S1024_T1024: backend Vulkan0 does not support node 250 PERMUTE ' (permuted)' dst=f32[256,4,256,4096] src= f32[256,256,4,4096]
[trellis] naf_ggml_S1024_T1024: backend Vulkan0 does not support node 251 CONT ' (permuted) (cont)' dst=f32[256,4,256,4096] src= f32[256,4,256,4096]
[trellis] naf_ggml_S1024_T1024: backend Vulkan0 does not support node 252 RESHAPE ' (permuted) (cont) (reshaped)' dst=f32[1024,1048576,1,1] src= f32[256,4,256,4096]
[trellis] naf_ggml_S1024_T1024: backend Vulkan0 does not support node 253 RESHAPE ' (permuted) (cont) (reshaped) (reshaped)' dst=f32[1024,1048576,1,1] src= f32[1024,1048576,1,1]
[trellis] naf_ggml_S1024_T1024: 5 unsupported node(s) on Vulkan0
[trellis] naf_ggml_S1024_T1024: backend Vulkan0 does not support node 249 MUL_MAT 'node_249' dst=f32[256,256,4,4096] src= f32[81,256,4,4096], f32[81,256,4,4096]
[trellis] naf_ggml_S1024_T1024: backend Vulkan0 does not support node 250 PERMUTE ' (permuted)' dst=f32[256,4,256,4096] src= f32[256,256,4,4096]
[trellis] naf_ggml_S1024_T1024: backend Vulkan0 does not support node 251 CONT ' (permuted) (cont)' dst=f32[256,4,256,4096] src= f32[256,4,256,4096]
[trellis] naf_ggml_S1024_T1024: backend Vulkan0 does not support node 252 RESHAPE ' (permuted) (cont) (reshaped)' dst=f32[1024,1048576,1,1] src= f32[256,4,256,4096]
[trellis] naf_ggml_S1024_T1024: backend Vulkan0 does not support node 253 RESHAPE ' (permuted) (cont) (reshaped) (reshaped)' dst=f32[1024,1048576,1,1] src= f32[1024,1048576,1,1]
[trellis] naf_ggml_S1024_T1024: 5 unsupported node(s) on Vulkan0
[trellis] using Vulkan0 (23034 MB)
      [flow] [....................]  0/12    0.0s  starting    
      [flow] [#...................]  1/12   12.7s  ~140s left  
      [flow] [###.................]  2/12   25.2s  ~126s left  
      [flow] [#####...............]  3/12   37.7s  ~113s left  
      [flow] [######..............]  4/12   50.2s  ~100s left  
      [flow] [########............]  5/12   62.7s  ~88s left   
      [flow] [##########..........]  6/12   75.2s  ~75s left   
      [flow] [###########.........]  7/12   87.8s  ~63s left   
      [flow] [#############.......]  8/12  100.3s  ~50s left   
      [flow] [###############.....]  9/12  112.9s  ~38s left   
      [flow] [################....] 10/12  125.5s  ~25s left   
      [flow] [##################..] 11/12  138.1s  ~13s left   
      [flow] [####################] 12/12  150.7s  ~0s left    
      [flow] 12 steps, 12 forwards, 150.7s
[trellis] using Vulkan0 (23034 MB)
      PBR voxels=4606357 @res1024
      texture SLAT + decode (332.4s)
[6/6] write /nfs/pixal3d_web_gate/l4-clean-vulkan2-20260912/clean_install.glb
  weld: V 4609511->4602810 (6701 near-duplicates merged, eps=0.00012)
  fill_holes: 3629 boundary loops filled (+14886 faces)
  remesh_dc: 11721255 active voxels -> V=9088522 F=18179156 (eps=0.0009794, project_back=0.00)
    [clean] faces=18179156, flipped 0 for consistent winding
  remesh postproc: dropped 13 floater comps -> V=9052822 F=18107764
[decimate_vk] using NVIDIA L4
  decimate_qem_vk(target=1000000): V 9052822->494985, F 18107764->991056 (thresh=1.0e-07)
  weld: V 494985->494977 (8 near-duplicates merged, eps=0.00012)
  uv_bake: 1 components (0 tiny, 0 faces -> strip S=0), 0 duplicate faces dropped
  uv_bake: 1303 merge clusters
  uv_bake: 1372 uncharted faces kept with point-collapsed UVs
  uv_bake: atlas 4096x4096 (xatlas 1194x1197), Vo=670138 Fo=991056
      textured GLB (atlas 4096, +/nfs/pixal3d_web_gate/l4-clean-vulkan2-20260912/clean_install_base.png)
done in 1188.8s -> /nfs/pixal3d_web_gate/l4-clean-vulkan2-20260912/clean_install.glb (+ /nfs/pixal3d_web_gate/l4-clean-vulkan2-20260912/clean_install.ply)
Fri Sep 11 18:55:00 UTC 2026
generate rc=0
total 246284
drwxr-xr-x 2 root root      4096 Sep 11 18:54 .
drwxr-xr-x 5 root root      4096 Sep 11 18:30 ..
-rw-r--r-- 1 root root  34254872 Sep 11 18:54 clean_install.glb
-rw-r--r-- 1 root root 189504291 Sep 11 18:55 clean_install.ply
-rw-r--r-- 1 root root  27226034 Sep 11 18:54 clean_install_base.png
-rw-r--r-- 1 root root        51 Sep 11 18:30 env.txt
-rw-r--r-- 1 root root      9845 Sep 11 18:55 generate.log
-rw-r--r-- 1 root root    173579 Sep 11 18:35 install.log
