views: 1  S=1024 R=64 naf_T=512 mesh_scale=1.0000  chunk=0
coords: sparse N=4096 (gather 対象 4096)
ggml_metal_device_init: tensor API disabled for pre-M5 and pre-A19 devices
ggml_metal_library_init: using embedded metal library
ggml_metal_library_init: loaded in 0.009 sec
ggml_metal_rsets_init: creating a residency set collection (keep_alive = 180 s)
ggml_metal_device_init: GPU name:   MTL0 (Apple M4 Max)
ggml_metal_device_init: GPU family: MTLGPUFamilyApple9  (1009)
ggml_metal_device_init: GPU family: MTLGPUFamilyCommon3 (3003)
ggml_metal_device_init: GPU family: MTLGPUFamilyMetal4  (5002)
ggml_metal_device_init: simdgroup reduction   = true
ggml_metal_device_init: simdgroup matrix mul. = true
ggml_metal_device_init: has unified memory    = true
ggml_metal_device_init: has bfloat            = true
ggml_metal_device_init: has tensor            = false
ggml_metal_device_init: use residency sets    = true
ggml_metal_device_init: use shared buffers    = true
ggml_metal_device_init: recommendedMaxWorkingSetSize  = 55662.79 MB
ggml_metal_init: allocating
ggml_metal_init: found device: Apple M4 Max
ggml_metal_init: picking default device: Apple M4 Max
ggml_metal_init: use fusion         = true
ggml_metal_init: use concurrency    = true
ggml_metal_init: use graph optimize = true
[trellis] using MTL0 (53084 MB)
ggml_metal_init: allocating
ggml_metal_init: found device: Apple M4 Max
ggml_metal_init: picking default device: Apple M4 Max
ggml_metal_init: use fusion         = true
ggml_metal_init: use concurrency    = true
ggml_metal_init: use graph optimize = true
[trellis] using MTL0 (53084 MB)
backend: MTL0
ggml_metal_library_compile_pipeline: compiling pipeline: base = 'kernel_cpy_f16_f32', name = 'kernel_cpy_f16_f32'
ggml_metal_library_compile_pipeline: loaded kernel_cpy_f16_f32                            0x101624ce0 | th_max = 1024 | th_width =   32
ggml_metal_library_compile_pipeline: compiling pipeline: base = 'kernel_concat', name = 'kernel_concat'
ggml_metal_library_compile_pipeline: loaded kernel_concat                                 0x101625560 | th_max = 1024 | th_width =   32
ggml_metal_library_compile_pipeline: compiling pipeline: base = 'kernel_im2col_f16', name = 'kernel_im2col_f16'
ggml_metal_library_compile_pipeline: loaded kernel_im2col_f16                             0x101625de0 | th_max = 1024 | th_width =   32
ggml_metal_library_compile_pipeline: compiling pipeline: base = 'kernel_mul_mm_f16_f16', name = 'kernel_mul_mm_f16_f16_bci=0_bco=0_ne12=1_ne13=1_r2=1_r3=1'
ggml_metal_library_compile_pipeline: loaded kernel_mul_mm_f16_f16_bci=0_bco=0_ne12=1_ne13=1_r2=1_r3=1      0x101626660 | th_max = 1024 | th_width =   32
ggml_metal_library_compile_pipeline: compiling pipeline: base = 'kernel_cpy_f32_f32', name = 'kernel_cpy_f32_f32'
ggml_metal_library_compile_pipeline: loaded kernel_cpy_f32_f32                            0x101626ee0 | th_max = 1024 | th_width =   32
ggml_metal_library_compile_pipeline: compiling pipeline: base = 'kernel_bin_fuse_f32_f32_f32_4', name = 'kernel_bin_fuse_f32_f32_f32_4_op=0_nf=1_rb=0_cb=0'
ggml_metal_library_compile_pipeline: loaded kernel_bin_fuse_f32_f32_f32_4_op=0_nf=1_rb=0_cb=0      0x101627260 | th_max = 1024 | th_width =   32
ggml_metal_library_compile_pipeline: compiling pipeline: base = 'kernel_norm_mul_add_f32_4', name = 'kernel_norm_mul_add_f32_4'
ggml_metal_library_compile_pipeline: loaded kernel_norm_mul_add_f32_4                     0x1016275e0 | th_max = 1024 | th_width =   32
ggml_metal_library_compile_pipeline: compiling pipeline: base = 'kernel_mul_mm_q8_0_f32', name = 'kernel_mul_mm_q8_0_f32_bci=0_bco=1_ne12=1_ne13=1_r2=1_r3=1'
ggml_metal_library_compile_pipeline: loaded kernel_mul_mm_q8_0_f32_bci=0_bco=1_ne12=1_ne13=1_r2=1_r3=1      0x101627960 | th_max = 1024 | th_width =   32
ggml_metal_library_compile_pipeline: compiling pipeline: base = 'kernel_bin_fuse_f32_f32_f32_4', name = 'kernel_bin_fuse_f32_f32_f32_4_op=2_nf=1_rb=0_cb=0'
ggml_metal_library_compile_pipeline: loaded kernel_bin_fuse_f32_f32_f32_4_op=2_nf=1_rb=0_cb=0      0x9c7220000 | th_max = 1024 | th_width =   32
ggml_metal_library_compile_pipeline: compiling pipeline: base = 'kernel_unary_f32_f32_4', name = 'kernel_unary_f32_f32_4_op=10_cnt=0'
ggml_metal_library_compile_pipeline: loaded kernel_unary_f32_f32_4_op=10_cnt=0            0x9c7220380 | th_max = 1024 | th_width =   32
ggml_metal_library_compile_pipeline: compiling pipeline: base = 'kernel_mul_mm_f32_f32', name = 'kernel_mul_mm_f32_f32_bci=0_bco=1_ne12=16_ne13=1_r2=1_r3=1'
ggml_metal_library_compile_pipeline: loaded kernel_mul_mm_f32_f32_bci=0_bco=1_ne12=16_ne13=1_r2=1_r3=1      0x9c7220700 | th_max = 1024 | th_width =   32
ggml_metal_library_compile_pipeline: compiling pipeline: base = 'kernel_soft_max_f32', name = 'kernel_soft_max_f32'
ggml_metal_library_compile_pipeline: loaded kernel_soft_max_f32                           0x9c7220a80 | th_max = 1024 | th_width =   32
ggml_metal_library_compile_pipeline: compiling pipeline: base = 'kernel_mul_mm_f32_f32', name = 'kernel_mul_mm_f32_f32_bci=1_bco=1_ne12=16_ne13=1_r2=1_r3=1'
ggml_metal_library_compile_pipeline: loaded kernel_mul_mm_f32_f32_bci=1_bco=1_ne12=16_ne13=1_r2=1_r3=1      0x9c7220e00 | th_max = 1024 | th_width =   32
ggml_metal_library_compile_pipeline: compiling pipeline: base = 'kernel_unary_f32_f32_4', name = 'kernel_unary_f32_f32_4_op=104_cnt=0'
ggml_metal_library_compile_pipeline: loaded kernel_unary_f32_f32_4_op=104_cnt=0           0x9c7221180 | th_max = 1024 | th_width =   32
ggml_metal_library_compile_pipeline: compiling pipeline: base = 'kernel_norm_f32_4', name = 'kernel_norm_f32_4'
ggml_metal_library_compile_pipeline: loaded kernel_norm_f32_4                             0x9c7221880 | th_max = 1024 | th_width =   32
ggml_metal_library_compile_pipeline: compiling pipeline: base = 'kernel_get_rows_f32', name = 'kernel_get_rows_f32'
ggml_metal_library_compile_pipeline: loaded kernel_get_rows_f32                           0x9c7221f80 | th_max = 1024 | th_width =   32
ggml_metal_library_compile_pipeline: compiling pipeline: base = 'kernel_mul_mv_f16_f16_short', name = 'kernel_mul_mv_f16_f16_short_nsg=1_ne12=1_r2=1_r3=1'
ggml_metal_library_compile_pipeline: loaded kernel_mul_mv_f16_f16_short_nsg=1_ne12=1_r2=1_r3=1      0x9c7222300 | th_max = 1024 | th_width =   32
ggml_metal_library_compile_pipeline: compiling pipeline: base = 'kernel_bin_fuse_f32_f32_f32', name = 'kernel_bin_fuse_f32_f32_f32_op=0_nf=1_rb=0_cb=1'
ggml_metal_library_compile_pipeline: loaded kernel_bin_fuse_f32_f32_f32_op=0_nf=1_rb=0_cb=1      0x9c7222680 | th_max = 1024 | th_width =   32
ggml_metal_library_compile_pipeline: compiling pipeline: base = 'kernel_group_norm_f32', name = 'kernel_group_norm_f32'
ggml_metal_library_compile_pipeline: loaded kernel_group_norm_f32                         0x9c7222a00 | th_max = 1024 | th_width =   32
ggml_metal_library_compile_pipeline: compiling pipeline: base = 'kernel_bin_fuse_f32_f32_f32', name = 'kernel_bin_fuse_f32_f32_f32_op=2_nf=1_rb=0_cb=1'
ggml_metal_library_compile_pipeline: loaded kernel_bin_fuse_f32_f32_f32_op=2_nf=1_rb=0_cb=1      0x9c7222d80 | th_max = 1024 | th_width =   32
ggml_metal_library_compile_pipeline: compiling pipeline: base = 'kernel_unary_f32_f32_4', name = 'kernel_unary_f32_f32_4_op=106_cnt=0'
ggml_metal_library_compile_pipeline: loaded kernel_unary_f32_f32_4_op=106_cnt=0           0x9c7223100 | th_max = 1024 | th_width =   32
ggml_metal_library_compile_pipeline: compiling pipeline: base = 'kernel_pad_reflect_1d_f32', name = 'kernel_pad_reflect_1d_f32'
ggml_metal_library_compile_pipeline: loaded kernel_pad_reflect_1d_f32                     0x9c7223800 | th_max = 1024 | th_width =   32
ggml_metal_library_compile_pipeline: compiling pipeline: base = 'kernel_pool_2d_avg_f32', name = 'kernel_pool_2d_avg_f32'
ggml_metal_library_compile_pipeline: loaded kernel_pool_2d_avg_f32                        0x9c7223b80 | th_max = 1024 | th_width =   32
ggml_metal_library_compile_pipeline: compiling pipeline: base = 'kernel_unary_f32_f32_4', name = 'kernel_unary_f32_f32_4_op=108_cnt=0'
ggml_metal_library_compile_pipeline: loaded kernel_unary_f32_f32_4_op=108_cnt=0           0x9c7c9c000 | th_max = 1024 | th_width =   32
ggml_metal_library_compile_pipeline: compiling pipeline: base = 'kernel_sum_rows_f32_f32_4', name = 'kernel_sum_rows_f32_f32_4_op=10'
ggml_metal_library_compile_pipeline: loaded kernel_sum_rows_f32_f32_4_op=10               0x9c7c9c380 | th_max = 1024 | th_width =   32
ggml_metal_library_compile_pipeline: compiling pipeline: base = 'kernel_mul_mm_f32_f32', name = 'kernel_mul_mm_f32_f32_bci=0_bco=1_ne12=4_ne13=4096_r2=1_r3=1'
ggml_metal_library_compile_pipeline: loaded kernel_mul_mm_f32_f32_bci=0_bco=1_ne12=4_ne13=4096_r2=1_r3=1      0x9c7c9c700 | th_max = 1024 | th_width =   32
ggml_metal_library_compile_pipeline: compiling pipeline: base = 'kernel_mul_mm_f32_f32', name = 'kernel_mul_mm_f32_f32_bci=1_bco=0_ne12=4_ne13=4096_r2=1_r3=1'
ggml_metal_library_compile_pipeline: loaded kernel_mul_mm_f32_f32_bci=1_bco=0_ne12=4_ne13=4096_r2=1_r3=1      0x9c7c9ca80 | th_max = 1024 | th_width =   32
      [prof] naf_ggml S=1024 T=512 im2col: 209 nodes | whole graph 6.14s | node pass 6.14s (x1.00, ISOLATED single-node times: light ops overstated by the per-submit cost)
      [prof] naf_ggml S=1024 T=512 im2col by op:
      [prof]   GROUP_NORM                   3.68s   59.9%  (n=8, 459.51 ms/op)
      [prof]   IM2COL                       1.76s   28.6%  (n=10, 175.50 ms/op)
      [prof]   CONT                         0.42s    6.9%  (n=28, 15.09 ms/op)
      [prof]   MUL_MAT(f16)                 0.11s    1.8%  (n=10, 11.11 ms/op)
      [prof]   ADD                          0.04s    0.7%  (n=19, 2.34 ms/op)
      [prof] naf_ggml S=1024 T=512 im2col top 15 nodes:
      [prof]   #43    GROUP_NORM                  0.460s  [1024,1024,128,1] src0 f32[1024,1024,128]  node_43
      [prof]   #151   GROUP_NORM                  0.460s  [1024,1024,128,1] src0 f32[1024,1024,128]  node_151
      [prof]   #130   GROUP_NORM                  0.460s  [1024,1024,128,1] src0 f32[1024,1024,128]  node_130
      [prof]   #88    GROUP_NORM                  0.459s  [1024,1024,128,1] src0 f32[1024,1024,128]  node_88
      [prof]   #58    GROUP_NORM                  0.459s  [1024,1024,128,1] src0 f32[1024,1024,128]  node_58
      [prof]   #13    GROUP_NORM                  0.459s  [1024,1024,128,1] src0 f32[1024,1024,128]  node_13
      [prof]   #28    GROUP_NORM                  0.459s  [1024,1024,128,1] src0 f32[1024,1024,128]  node_28
      [prof]   #109   GROUP_NORM                  0.459s  [1024,1024,128,1] src0 f32[1024,1024,128]  node_109
      [prof]   #64    IM2COL                      0.221s  [128,1024,1024,1] src0 f16[1,1,128]  node_64
      [prof]   #49    IM2COL                      0.221s  [128,1024,1024,1] src0 f16[1,1,128]  node_49
      [prof]   #19    IM2COL                      0.221s  [128,1024,1024,1] src0 f16[1,1,128]  node_19
      [prof]   #34    IM2COL                      0.221s  [128,1024,1024,1] src0 f16[1,1,128]  node_34
      [prof]   #121   IM2COL                      0.215s  [1152,1024,1024,1] src0 f16[3,3,128]  node_121
      [prof]   #163   IM2COL                      0.215s  [1152,1024,1024,1] src0 f16[3,3,128]  node_163
      [prof]   #100   IM2COL                      0.215s  [1152,1024,1024,1] src0 f16[3,3,128]  node_100
naf-ops: S=1024 T=512 direct_conv=0 generic=0 generic_gn=0 nodes=209 activations=5568.3 MB output=1024.0 MB compute=6140 ms total(with op pass)=20.2 s
naf-ops: output finite check: 0 non-finite of 268435456
ggml_metal_free: deallocating
ggml_metal_free: deallocating
