[trellis] generating model with seed 1
[1/6] Pixal3D multiview: load <home>/tmp/pixal3d-public/docker/linux-webgpu-gate/e2e/views
      V=4 views, mesh_scale=1.0000
[2/6] SS proj conditioning + flow
ggml_metal_device_init: tensor API disabled for pre-M5 and pre-A19 devices
ggml_metal_library_init: using embedded metal library
ggml_metal_library_init: loaded in 0.008 sec
ggml_metal_rsets_init: creating a residency set collection (keep_alive = 180 s)
ggml_metal_device_init: GPU name:   MTL0 (Apple M4 Max)
ggml_metal_device_init: GPU family: MTLGPUFamilyApple9  (1009)
ggml_metal_device_init: GPU family: MTLGPUFamilyCommon3 (3003)
ggml_metal_device_init: GPU family: MTLGPUFamilyMetal4  (5002)
ggml_metal_device_init: simdgroup reduction   = true
ggml_metal_device_init: simdgroup matrix mul. = true
ggml_metal_device_init: has unified memory    = true
ggml_metal_device_init: has bfloat            = true
ggml_metal_device_init: has tensor            = false
ggml_metal_device_init: use residency sets    = true
ggml_metal_device_init: use shared buffers    = true
ggml_metal_device_init: recommendedMaxWorkingSetSize  = 55662.79 MB
ggml_metal_init: allocating
ggml_metal_init: found device: Apple M4 Max
ggml_metal_init: picking default device: Apple M4 Max
ggml_metal_init: use fusion         = true
ggml_metal_init: use concurrency    = true
ggml_metal_init: use graph optimize = true
[trellis] using MTL0 (53084 MB)
ggml_metal_library_compile_pipeline: compiling pipeline: base = 'kernel_cpy_f16_f32', name = 'kernel_cpy_f16_f32'
ggml_metal_library_compile_pipeline: loaded kernel_cpy_f16_f32                            0x1052f76f0 | th_max = 1024 | th_width =   32
ggml_metal_library_compile_pipeline: compiling pipeline: base = 'kernel_concat', name = 'kernel_concat'
ggml_metal_library_compile_pipeline: loaded kernel_concat                                 0x1052f7f70 | th_max = 1024 | th_width =   32
ggml_metal_library_compile_pipeline: compiling pipeline: base = 'kernel_im2col_f16', name = 'kernel_im2col_f16'
ggml_metal_library_compile_pipeline: loaded kernel_im2col_f16                             0x1052f87f0 | th_max = 1024 | th_width =   32
ggml_metal_library_compile_pipeline: compiling pipeline: base = 'kernel_mul_mm_f16_f16', name = 'kernel_mul_mm_f16_f16_bci=0_bco=0_ne12=1_ne13=1_r2=1_r3=1'
ggml_metal_library_compile_pipeline: loaded kernel_mul_mm_f16_f16_bci=0_bco=0_ne12=1_ne13=1_r2=1_r3=1      0x1052f9370 | th_max = 1024 | th_width =   32
ggml_metal_library_compile_pipeline: compiling pipeline: base = 'kernel_cpy_f32_f32', name = 'kernel_cpy_f32_f32'
ggml_metal_library_compile_pipeline: loaded kernel_cpy_f32_f32                            0x1052f9bf0 | th_max = 1024 | th_width =   32
ggml_metal_library_compile_pipeline: compiling pipeline: base = 'kernel_bin_fuse_f32_f32_f32_4', name = 'kernel_bin_fuse_f32_f32_f32_4_op=0_nf=1_rb=0_cb=0'
ggml_metal_library_compile_pipeline: loaded kernel_bin_fuse_f32_f32_f32_4_op=0_nf=1_rb=0_cb=0      0x1052fa270 | th_max = 1024 | th_width =   32
ggml_metal_library_compile_pipeline: compiling pipeline: base = 'kernel_norm_mul_add_f32_4', name = 'kernel_norm_mul_add_f32_4'
ggml_metal_library_compile_pipeline: loaded kernel_norm_mul_add_f32_4                     0x1052fa5f0 | th_max = 1024 | th_width =   32
ggml_metal_library_compile_pipeline: compiling pipeline: base = 'kernel_mul_mm_q8_0_f32', name = 'kernel_mul_mm_q8_0_f32_bci=0_bco=1_ne12=1_ne13=1_r2=1_r3=1'
ggml_metal_library_compile_pipeline: loaded kernel_mul_mm_q8_0_f32_bci=0_bco=1_ne12=1_ne13=1_r2=1_r3=1      0x1052fac70 | th_max = 1024 | th_width =   32
ggml_metal_library_compile_pipeline: compiling pipeline: base = 'kernel_bin_fuse_f32_f32_f32_4', name = 'kernel_bin_fuse_f32_f32_f32_4_op=2_nf=1_rb=0_cb=0'
ggml_metal_library_compile_pipeline: loaded kernel_bin_fuse_f32_f32_f32_4_op=2_nf=1_rb=0_cb=0      0xa08ea8000 | th_max = 1024 | th_width =   32
ggml_metal_library_compile_pipeline: compiling pipeline: base = 'kernel_unary_f32_f32_4', name = 'kernel_unary_f32_f32_4_op=10_cnt=0'
ggml_metal_library_compile_pipeline: loaded kernel_unary_f32_f32_4_op=10_cnt=0            0xa08ea8380 | th_max = 1024 | th_width =   32
ggml_metal_library_compile_pipeline: compiling pipeline: base = 'kernel_mul_mm_f32_f32', name = 'kernel_mul_mm_f32_f32_bci=0_bco=1_ne12=16_ne13=1_r2=1_r3=1'
ggml_metal_library_compile_pipeline: loaded kernel_mul_mm_f32_f32_bci=0_bco=1_ne12=16_ne13=1_r2=1_r3=1      0xa08ea8700 | th_max = 1024 | th_width =   32
ggml_metal_library_compile_pipeline: compiling pipeline: base = 'kernel_soft_max_f32', name = 'kernel_soft_max_f32'
ggml_metal_library_compile_pipeline: loaded kernel_soft_max_f32                           0xa08ea8a80 | th_max = 1024 | th_width =   32
ggml_metal_library_compile_pipeline: compiling pipeline: base = 'kernel_mul_mm_f32_f32', name = 'kernel_mul_mm_f32_f32_bci=1_bco=1_ne12=16_ne13=1_r2=1_r3=1'
ggml_metal_library_compile_pipeline: loaded kernel_mul_mm_f32_f32_bci=1_bco=1_ne12=16_ne13=1_r2=1_r3=1      0xa08ea8e00 | th_max = 1024 | th_width =   32
ggml_metal_library_compile_pipeline: compiling pipeline: base = 'kernel_unary_f32_f32_4', name = 'kernel_unary_f32_f32_4_op=104_cnt=0'
ggml_metal_library_compile_pipeline: loaded kernel_unary_f32_f32_4_op=104_cnt=0           0xa08ea9180 | th_max = 1024 | th_width =   32
ggml_metal_library_compile_pipeline: compiling pipeline: base = 'kernel_norm_f32_4', name = 'kernel_norm_f32_4'
ggml_metal_library_compile_pipeline: loaded kernel_norm_f32_4                             0xa08ea9880 | th_max = 1024 | th_width =   32
ggml_metal_free: deallocating
ggml_metal_init: allocating
ggml_metal_init: found device: Apple M4 Max
ggml_metal_init: picking default device: Apple M4 Max
ggml_metal_init: use fusion         = true
ggml_metal_init: use concurrency    = true
ggml_metal_init: use graph optimize = true
[trellis] using MTL0 (53084 MB)
      [flow] [....................]  0/12    0.0s  starting    
ggml_metal_library_compile_pipeline: compiling pipeline: base = 'kernel_mul_mv_f16_f32_short', name = 'kernel_mul_mv_f16_f32_short_nsg=1_ne12=1_r2=1_r3=1'
ggml_metal_library_compile_pipeline: loaded kernel_mul_mv_f16_f32_short_nsg=1_ne12=1_r2=1_r3=1      0xa08ea9500 | th_max = 1024 | th_width =   32
ggml_metal_library_compile_pipeline: compiling pipeline: base = 'kernel_mul_mv_q8_0_f32', name = 'kernel_mul_mv_q8_0_f32_nsg=4_ne12=1_r2=1_r3=1'
ggml_metal_library_compile_pipeline: loaded kernel_mul_mv_q8_0_f32_nsg=4_ne12=1_r2=1_r3=1      0xa08ea9c00 | th_max = 1024 | th_width =   32
ggml_metal_library_compile_pipeline: compiling pipeline: base = 'kernel_bin_fuse_f32_f32_f32_4', name = 'kernel_bin_fuse_f32_f32_f32_4_op=0_nf=1_rb=1_cb=0'
ggml_metal_library_compile_pipeline: loaded kernel_bin_fuse_f32_f32_f32_4_op=0_nf=1_rb=1_cb=0      0xa08eaa300 | th_max = 1024 | th_width =   32
ggml_metal_library_compile_pipeline: compiling pipeline: base = 'kernel_unary_f32_f32_4', name = 'kernel_unary_f32_f32_4_op=106_cnt=1'
ggml_metal_library_compile_pipeline: loaded kernel_unary_f32_f32_4_op=106_cnt=1           0xa08eaa680 | th_max = 1024 | th_width =   32
ggml_metal_library_compile_pipeline: compiling pipeline: base = 'kernel_mul_mm_q8_0_f32', name = 'kernel_mul_mm_q8_0_f32_bci=0_bco=0_ne12=1_ne13=1_r2=1_r3=1'
ggml_metal_library_compile_pipeline: loaded kernel_mul_mm_q8_0_f32_bci=0_bco=0_ne12=1_ne13=1_r2=1_r3=1      0xa08eaaa00 | th_max = 1024 | th_width =   32
ggml_metal_library_compile_pipeline: compiling pipeline: base = 'kernel_rms_norm_f32_4', name = 'kernel_rms_norm_f32_4'
ggml_metal_library_compile_pipeline: loaded kernel_rms_norm_f32_4                         0xa08eaad80 | th_max = 1024 | th_width =   32
ggml_metal_library_compile_pipeline: compiling pipeline: base = 'kernel_bin_fuse_f32_f32_f32', name = 'kernel_bin_fuse_f32_f32_f32_op=2_nf=1_rb=0_cb=0'
ggml_metal_library_compile_pipeline: loaded kernel_bin_fuse_f32_f32_f32_op=2_nf=1_rb=0_cb=0      0xa08eab100 | th_max = 1024 | th_width =   32
ggml_metal_library_compile_pipeline: compiling pipeline: base = 'kernel_bin_fuse_f32_f32_f32', name = 'kernel_bin_fuse_f32_f32_f32_op=0_nf=1_rb=0_cb=0'
ggml_metal_library_compile_pipeline: loaded kernel_bin_fuse_f32_f32_f32_op=0_nf=1_rb=0_cb=0      0xa08eab480 | th_max = 1024 | th_width =   32
ggml_metal_library_compile_pipeline: compiling pipeline: base = 'kernel_bin_fuse_f32_f32_f32', name = 'kernel_bin_fuse_f32_f32_f32_op=1_nf=1_rb=0_cb=0'
ggml_metal_library_compile_pipeline: loaded kernel_bin_fuse_f32_f32_f32_op=1_nf=1_rb=0_cb=0      0xa08eab800 | th_max = 1024 | th_width =   32
ggml_metal_library_compile_pipeline: compiling pipeline: base = 'kernel_unary_f32_f32', name = 'kernel_unary_f32_f32_op=10_cnt=0'
ggml_metal_library_compile_pipeline: loaded kernel_unary_f32_f32_op=10_cnt=0              0xa08eabb80 | th_max = 1024 | th_width =   32
ggml_metal_library_compile_pipeline: compiling pipeline: base = 'kernel_set_rows_f32_i32', name = 'kernel_set_rows_f32_i32'
ggml_metal_library_compile_pipeline: loaded kernel_set_rows_f32_i32                       0xa07c6c000 | th_max = 1024 | th_width =   32
ggml_metal_library_compile_pipeline: compiling pipeline: base = 'kernel_cpy_f32_bf16', name = 'kernel_cpy_f32_bf16'
ggml_metal_library_compile_pipeline: loaded kernel_cpy_f32_bf16                           0xa07c6c380 | th_max = 1024 | th_width =   32
ggml_metal_library_compile_pipeline: compiling pipeline: base = 'kernel_arange_f32', name = 'kernel_arange_f32'
ggml_metal_library_compile_pipeline: loaded kernel_arange_f32                             0xa07c6c700 | th_max = 1024 | th_width =   32
ggml_metal_library_compile_pipeline: compiling pipeline: base = 'kernel_unary_f32_f32_4', name = 'kernel_unary_f32_f32_4_op=111_cnt=1'
ggml_metal_library_compile_pipeline: loaded kernel_unary_f32_f32_4_op=111_cnt=1           0xa07c6ca80 | th_max = 1024 | th_width =   32
ggml_metal_library_compile_pipeline: compiling pipeline: base = 'kernel_unary_f32_f32_4', name = 'kernel_unary_f32_f32_4_op=10_cnt=1'
ggml_metal_library_compile_pipeline: loaded kernel_unary_f32_f32_4_op=10_cnt=1            0xa07c6ce00 | th_max = 1024 | th_width =   32
ggml_metal_library_compile_pipeline: compiling pipeline: base = 'kernel_cpy_f32_f16', name = 'kernel_cpy_f32_f16'
ggml_metal_library_compile_pipeline: loaded kernel_cpy_f32_f16                            0xa07c6d180 | th_max = 1024 | th_width =   32
ggml_metal_library_compile_pipeline: compiling pipeline: base = 'kernel_repeat_f16', name = 'kernel_repeat_f16'
ggml_metal_library_compile_pipeline: loaded kernel_repeat_f16                             0xa07c6d500 | th_max = 1024 | th_width =   32
ggml_metal_library_compile_pipeline: compiling pipeline: base = 'kernel_flash_attn_ext_blk', name = 'kernel_flash_attn_ext_blk_nqptg=8_ncpsg=64'
ggml_metal_library_compile_pipeline: loaded kernel_flash_attn_ext_blk_nqptg=8_ncpsg=64      0xa07c6d880 | th_max = 1024 | th_width =   32
ggml_metal_library_compile_pipeline: compiling pipeline: base = 'kernel_flash_attn_ext_bf16_dk128_dv128', name = 'kernel_flash_attn_ext_bf16_dk128_dv128_mask=1_sinks=0_bias=0_scap=0_kvpad=0_bcm=0_ns10=128_ns20=128_nsg=4'
ggml_metal_library_compile_pipeline: loaded kernel_flash_attn_ext_bf16_dk128_dv128_mask=1_sinks=0_bias=0_scap=0_kvpad=0_bcm=0_ns10=128_ns20=128_nsg=4      0xa07c6dc00 | th_max = 1024 | th_width =   32
ggml_metal_library_compile_pipeline: compiling pipeline: base = 'kernel_mul_mv_ext_q8_0_f32_r1_5', name = 'kernel_mul_mv_ext_q8_0_f32_r1_5_nsg=2_nxpsg=8_ne12=1_r2=1_r3=1'
ggml_metal_library_compile_pipeline: loaded kernel_mul_mv_ext_q8_0_f32_r1_5_nsg=2_nxpsg=8_ne12=1_r2=1_r3=1      0xa07c6df80 | th_max = 1024 | th_width =   32
ggml_metal_library_compile_pipeline: compiling pipeline: base = 'kernel_pad_f32', name = 'kernel_pad_f32'
ggml_metal_library_compile_pipeline: loaded kernel_pad_f32                                0xa07c6e300 | th_max = 1024 | th_width =   32
ggml_metal_library_compile_pipeline: compiling pipeline: base = 'kernel_unary_f32_f32_4', name = 'kernel_unary_f32_f32_4_op=103_cnt=0'
ggml_metal_library_compile_pipeline: loaded kernel_unary_f32_f32_4_op=103_cnt=0           0xa07c6e680 | th_max = 1024 | th_width =   32
      [flow] [#...................]  1/12    8.1s  ~89s left   
      [flow] [###.................]  2/12   16.2s  ~81s left   
      [flow] [#####...............]  3/12   24.3s  ~73s left   
      [flow] [######..............]  4/12   32.4s  ~65s left   
      [flow] [########............]  5/12   40.4s  ~57s left   
      [flow] [##########..........]  6/12   48.5s  ~49s left   
      [flow] [###########.........]  7/12   56.7s  ~41s left   
      [flow] [#############.......]  8/12   64.9s  ~32s left   
      [flow] [###############.....]  9/12   73.2s  ~24s left   
      [flow] [################....] 10/12   81.5s  ~16s left   
      [flow] [##################..] 11/12   85.6s  ~8s left    
      [flow] [####################] 12/12   89.7s  ~0s left    
      [flow] 12 steps, 22 forwards, 89.7s
ggml_metal_free: deallocating
ggml_metal_init: allocating
ggml_metal_init: found device: Apple M4 Max
ggml_metal_init: picking default device: Apple M4 Max
ggml_metal_init: use fusion         = true
ggml_metal_init: use concurrency    = true
ggml_metal_init: use graph optimize = true
[trellis] using MTL0 (53084 MB)
ggml_metal_library_compile_pipeline: compiling pipeline: base = 'kernel_conv_3d_f16_f32', name = 'kernel_conv_3d_f16_f32'
ggml_metal_library_compile_pipeline: loaded kernel_conv_3d_f16_f32                        0xa07c6ea00 | th_max = 1024 | th_width =   32
ggml_metal_library_compile_pipeline: compiling pipeline: base = 'kernel_bin_fuse_f32_f32_f32', name = 'kernel_bin_fuse_f32_f32_f32_op=0_nf=1_rb=0_cb=1'
ggml_metal_library_compile_pipeline: loaded kernel_bin_fuse_f32_f32_f32_op=0_nf=1_rb=0_cb=1      0xa07c6ed80 | th_max = 1024 | th_width =   32
ggml_metal_library_compile_pipeline: compiling pipeline: base = 'kernel_unary_f32_f32_4', name = 'kernel_unary_f32_f32_4_op=106_cnt=0'
ggml_metal_library_compile_pipeline: loaded kernel_unary_f32_f32_4_op=106_cnt=0           0xa07c6f480 | th_max = 1024 | th_width =   32
ggml_metal_library_compile_pipeline: compiling pipeline: base = 'kernel_norm_mul_f32_4', name = 'kernel_norm_mul_f32_4'
ggml_metal_library_compile_pipeline: loaded kernel_norm_mul_f32_4                         0xa07c6f800 | th_max = 1024 | th_width =   32
ggml_metal_free: deallocating
      active voxels @res32 = 4438  (95.8s)
[3/6] shape SLAT flow (LR 512 -> upsample -> HR 1024 cascade, max_tok=49152)
ggml_metal_init: allocating
ggml_metal_init: found device: Apple M4 Max
ggml_metal_init: picking default device: Apple M4 Max
ggml_metal_init: use fusion         = true
ggml_metal_init: use concurrency    = true
ggml_metal_init: use graph optimize = true
[trellis] using MTL0 (53084 MB)
ggml_metal_init: allocating
ggml_metal_init: found device: Apple M4 Max
ggml_metal_init: picking default device: Apple M4 Max
ggml_metal_init: use fusion         = true
ggml_metal_init: use concurrency    = true
ggml_metal_init: use graph optimize = true
[trellis] using MTL0 (53084 MB)
ggml_metal_library_compile_pipeline: compiling pipeline: base = 'kernel_get_rows_f32', name = 'kernel_get_rows_f32'
ggml_metal_library_compile_pipeline: loaded kernel_get_rows_f32                           0xa08f48000 | th_max = 1024 | th_width =   32
ggml_metal_library_compile_pipeline: compiling pipeline: base = 'kernel_mul_mv_f16_f16_short', name = 'kernel_mul_mv_f16_f16_short_nsg=1_ne12=1_r2=1_r3=1'
ggml_metal_library_compile_pipeline: loaded kernel_mul_mv_f16_f16_short_nsg=1_ne12=1_r2=1_r3=1      0xa08f48380 | th_max = 1024 | th_width =   32
ggml_metal_library_compile_pipeline: compiling pipeline: base = 'kernel_group_norm_f32', name = 'kernel_group_norm_f32'
ggml_metal_library_compile_pipeline: loaded kernel_group_norm_f32                         0xa08f48700 | th_max = 1024 | th_width =   32
ggml_metal_library_compile_pipeline: compiling pipeline: base = 'kernel_bin_fuse_f32_f32_f32', name = 'kernel_bin_fuse_f32_f32_f32_op=2_nf=1_rb=0_cb=1'
ggml_metal_library_compile_pipeline: loaded kernel_bin_fuse_f32_f32_f32_op=2_nf=1_rb=0_cb=1      0xa08f48a80 | th_max = 1024 | th_width =   32
ggml_metal_library_compile_pipeline: compiling pipeline: base = 'kernel_pad_reflect_1d_f32', name = 'kernel_pad_reflect_1d_f32'
ggml_metal_library_compile_pipeline: loaded kernel_pad_reflect_1d_f32                     0xa08f49180 | th_max = 1024 | th_width =   32
ggml_metal_library_compile_pipeline: compiling pipeline: base = 'kernel_unary_f32_f32_4', name = 'kernel_unary_f32_f32_4_op=108_cnt=0'
ggml_metal_library_compile_pipeline: loaded kernel_unary_f32_f32_4_op=108_cnt=0           0xa08f49500 | th_max = 1024 | th_width =   32
ggml_metal_library_compile_pipeline: compiling pipeline: base = 'kernel_sum_rows_f32_f32_4', name = 'kernel_sum_rows_f32_f32_4_op=10'
ggml_metal_library_compile_pipeline: loaded kernel_sum_rows_f32_f32_4_op=10               0xa08f49880 | th_max = 1024 | th_width =   32
ggml_metal_library_compile_pipeline: compiling pipeline: base = 'kernel_mul_mm_f32_f32', name = 'kernel_mul_mm_f32_f32_bci=0_bco=1_ne12=4_ne13=1024_r2=1_r3=1'
ggml_metal_library_compile_pipeline: loaded kernel_mul_mm_f32_f32_bci=0_bco=1_ne12=4_ne13=1024_r2=1_r3=1      0xa08f49c00 | th_max = 1024 | th_width =   32
ggml_metal_library_compile_pipeline: compiling pipeline: base = 'kernel_mul_mm_f32_f32', name = 'kernel_mul_mm_f32_f32_bci=1_bco=0_ne12=4_ne13=1024_r2=1_r3=1'
ggml_metal_library_compile_pipeline: loaded kernel_mul_mm_f32_f32_bci=1_bco=0_ne12=4_ne13=1024_r2=1_r3=1      0xa08f49f80 | th_max = 1024 | th_width =   32
ggml_metal_free: deallocating
ggml_metal_free: deallocating
ggml_metal_init: allocating
ggml_metal_init: found device: Apple M4 Max
ggml_metal_init: picking default device: Apple M4 Max
ggml_metal_init: use fusion         = true
ggml_metal_init: use concurrency    = true
ggml_metal_init: use graph optimize = true
[trellis] using MTL0 (53084 MB)
      [flow] [....................]  0/12    0.0s  starting    
      [flow] [#...................]  1/12    8.9s  ~98s left   
      [flow] [###.................]  2/12   17.9s  ~89s left   
      [flow] [#####...............]  3/12   26.9s  ~81s left   
      [flow] [######..............]  4/12   36.2s  ~72s left   
      [flow] [########............]  5/12   45.4s  ~64s left   
      [flow] [##########..........]  6/12   54.8s  ~55s left   
      [flow] [###########.........]  7/12   64.2s  ~46s left   
      [flow] [#############.......]  8/12   73.8s  ~37s left   
      [flow] [###############.....]  9/12   78.6s  ~26s left   
      [flow] [################....] 10/12   83.6s  ~17s left   
      [flow] [##################..] 11/12   89.2s  ~8s left    
      [flow] [####################] 12/12   94.7s  ~0s left    
      [flow] 12 steps, 20 forwards, 94.7s
ggml_metal_free: deallocating
      [stats] LR slat (res32, MV) n=142016 mean=-0.1531 std=5.3919 min=-23.514 max=25.448 nan/inf=0
      LR shape SLAT (109.4s)
ggml_metal_init: allocating
ggml_metal_init: found device: Apple M4 Max
ggml_metal_init: picking default device: Apple M4 Max
ggml_metal_init: use fusion         = true
ggml_metal_init: use concurrency    = true
ggml_metal_init: use graph optimize = true
[trellis] using MTL0 (53084 MB)
ggml_metal_library_compile_pipeline: compiling pipeline: base = 'kernel_cpy_f16_f16', name = 'kernel_cpy_f16_f16'
ggml_metal_library_compile_pipeline: loaded kernel_cpy_f16_f16                            0xa08f4ad80 | th_max = 1024 | th_width =   32
ggml_metal_library_compile_pipeline: compiling pipeline: base = 'kernel_cpy_i32_i32', name = 'kernel_cpy_i32_i32'
ggml_metal_library_compile_pipeline: loaded kernel_cpy_i32_i32                            0xa08f48e00 | th_max = 1024 | th_width =   32
ggml_metal_library_compile_pipeline: compiling pipeline: base = 'kernel_mul_mm_f16_f32', name = 'kernel_mul_mm_f16_f32_bci=0_bco=1_ne12=1_ne13=1_r2=1_r3=1'
ggml_metal_library_compile_pipeline: loaded kernel_mul_mm_f16_f32_bci=0_bco=1_ne12=1_ne13=1_r2=1_r3=1      0xa08f4aa00 | th_max = 1024 | th_width =   32
ggml_metal_library_compile_pipeline: compiling pipeline: base = 'kernel_repeat_f32', name = 'kernel_repeat_f32'
ggml_metal_library_compile_pipeline: loaded kernel_repeat_f32                             0xa08f4a680 | th_max = 1024 | th_width =   32
ggml_metal_library_compile_pipeline: compiling pipeline: base = 'kernel_mul_mm_f16_f32', name = 'kernel_mul_mm_f16_f32_bci=0_bco=0_ne12=1_ne13=1_r2=1_r3=1'
ggml_metal_library_compile_pipeline: loaded kernel_mul_mm_f16_f32_bci=0_bco=0_ne12=1_ne13=1_r2=1_r3=1      0xa08f4b480 | th_max = 1024 | th_width =   32
ggml_metal_free: deallocating
      upsampled coords @res512=1211860 -> quantized @res1024 (grid 64, Pixal3D round/grid-1 formula) = 17612 tokens
ggml_metal_init: allocating
ggml_metal_init: found device: Apple M4 Max
ggml_metal_init: picking default device: Apple M4 Max
ggml_metal_init: use fusion         = true
ggml_metal_init: use concurrency    = true
ggml_metal_init: use graph optimize = true
[trellis] using MTL0 (53084 MB)
ggml_metal_init: allocating
ggml_metal_init: found device: Apple M4 Max
ggml_metal_init: picking default device: Apple M4 Max
ggml_metal_init: use fusion         = true
ggml_metal_init: use concurrency    = true
ggml_metal_init: use graph optimize = true
[trellis] using MTL0 (53084 MB)
ggml_metal_library_compile_pipeline: compiling pipeline: base = 'kernel_pool_2d_avg_f32', name = 'kernel_pool_2d_avg_f32'
ggml_metal_library_compile_pipeline: loaded kernel_pool_2d_avg_f32                        0xa07c6f100 | th_max = 1024 | th_width =   32
ggml_metal_library_compile_pipeline: compiling pipeline: base = 'kernel_mul_mm_f32_f32', name = 'kernel_mul_mm_f32_f32_bci=0_bco=1_ne12=4_ne13=4096_r2=1_r3=1'
ggml_metal_library_compile_pipeline: loaded kernel_mul_mm_f32_f32_bci=0_bco=1_ne12=4_ne13=4096_r2=1_r3=1      0xa07c6fb80 | th_max = 1024 | th_width =   32
ggml_metal_library_compile_pipeline: compiling pipeline: base = 'kernel_mul_mm_f32_f32', name = 'kernel_mul_mm_f32_f32_bci=1_bco=0_ne12=4_ne13=4096_r2=1_r3=1'
ggml_metal_library_compile_pipeline: loaded kernel_mul_mm_f32_f32_bci=1_bco=0_ne12=4_ne13=4096_r2=1_r3=1      0xa08ea9f80 | th_max = 1024 | th_width =   32
ggml_metal_free: deallocating
ggml_metal_free: deallocating
ggml_metal_init: allocating
ggml_metal_init: found device: Apple M4 Max
ggml_metal_init: picking default device: Apple M4 Max
ggml_metal_init: use fusion         = true
ggml_metal_init: use concurrency    = true
ggml_metal_init: use graph optimize = true
[trellis] using MTL0 (53084 MB)
      [flow] [....................]  0/12    0.0s  starting    
      [flow] [#...................]  1/12   62.2s  ~684s left  
      [flow] [###.................]  2/12  123.5s  ~617s left  
      [flow] [#####...............]  3/12  182.5s  ~548s left  
      [flow] [######..............]  4/12  241.6s  ~483s left  
      [flow] [########............]  5/12  300.0s  ~420s left  
      [flow] [##########..........]  6/12  359.1s  ~359s left  
      [flow] [###########.........]  7/12  419.1s  ~299s left  
      [flow] [#############.......]  8/12  494.2s  ~247s left  
      [flow] [###############.....]  9/12  527.4s  ~176s left  
      [flow] [################....] 10/12  559.8s  ~112s left  
      [flow] [##################..] 11/12  595.0s  ~54s left   
      [flow] [####################] 12/12  627.5s  ~0s left    
      [flow] 12 steps, 20 forwards, 627.5s
ggml_metal_free: deallocating
      [stats] HR slat (MV) n=563584 mean=-0.0702 std=5.2749 min=-21.856 max=23.769 nan/inf=0
      HR shape SLAT (677.3s)
[4/6] FlexiDualGrid shape decode -> mesh @res1024
ggml_metal_init: allocating
ggml_metal_init: found device: Apple M4 Max
ggml_metal_init: picking default device: Apple M4 Max
ggml_metal_init: use fusion         = true
ggml_metal_init: use concurrency    = true
ggml_metal_init: use graph optimize = true
[trellis] using MTL0 (53084 MB)
ggml_metal_free: deallocating
      decoded voxels @res1024 = 4739865
      mesh V=4739865 F=9493442
      filled 3368 small holes -> V=4743233 F=9513876
      shape decode (23.2s)
[5/6] texture SLAT flow (HR 1024, NAF@1024) + PBR decode
ggml_metal_init: allocating
ggml_metal_init: found device: Apple M4 Max
ggml_metal_init: picking default device: Apple M4 Max
ggml_metal_init: use fusion         = true
ggml_metal_init: use concurrency    = true
ggml_metal_init: use graph optimize = true
[trellis] using MTL0 (53084 MB)
ggml_metal_init: allocating
ggml_metal_init: found device: Apple M4 Max
ggml_metal_init: picking default device: Apple M4 Max
ggml_metal_init: use fusion         = true
ggml_metal_init: use concurrency    = true
ggml_metal_init: use graph optimize = true
[trellis] using MTL0 (53084 MB)
ggml_metal_free: deallocating
ggml_metal_free: deallocating
ggml_metal_init: allocating
ggml_metal_init: found device: Apple M4 Max
ggml_metal_init: picking default device: Apple M4 Max
ggml_metal_init: use fusion         = true
ggml_metal_init: use concurrency    = true
ggml_metal_init: use graph optimize = true
[trellis] using MTL0 (53084 MB)
      [flow] [....................]  0/12    0.0s  starting    
      [flow] [#...................]  1/12   31.4s  ~345s left  
      [flow] [###.................]  2/12   65.9s  ~330s left  
      [flow] [#####...............]  3/12  104.4s  ~313s left  
      [flow] [######..............]  4/12  147.3s  ~295s left  
      [flow] [########............]  5/12  191.1s  ~268s left  
      [flow] [##########..........]  6/12  232.6s  ~233s left  
      [flow] [###########.........]  7/12  273.0s  ~195s left  
      [flow] [#############.......]  8/12  312.4s  ~156s left  
      [flow] [###############.....]  9/12  353.4s  ~118s left  
      [flow] [################....] 10/12  399.0s  ~80s left   
      [flow] [##################..] 11/12  435.8s  ~40s left   
      [flow] [####################] 12/12  478.0s  ~0s left    
      [flow] 12 steps, 12 forwards, 478.0s
ggml_metal_free: deallocating
ggml_metal_init: allocating
ggml_metal_init: found device: Apple M4 Max
ggml_metal_init: picking default device: Apple M4 Max
ggml_metal_init: use fusion         = true
ggml_metal_init: use concurrency    = true
ggml_metal_init: use graph optimize = true
[trellis] using MTL0 (53084 MB)
ggml_metal_free: deallocating
      PBR voxels=4739865 @res1024
      texture SLAT + decode (573.0s)
[6/6] write <scratchpad>/json.glb
  weld: V 4743233->4733352 (9881 near-duplicates merged, eps=0.00012)
  fill_holes: 3841 boundary loops filled (+15690 faces)
  remesh_dc: 11834789 active voxels -> V=9265912 F=18539204 (eps=0.0009794, project_back=0.00)
    [clean] faces=18539204, flipped 0 for consistent winding
  remesh postproc: dropped 68 floater comps -> V=9183186 F=18372632
  decimate_qem(target=1000000): V 9183186->478776, F 18372632->961394 (thresh=1.0e-07)
  weld: V 478776->478760 (16 near-duplicates merged, eps=0.00012)
  decimated postproc: dropped 3 more comps -> F=950170
  uv_bake: 2 components (0 tiny, 0 faces -> strip S=0), 0 duplicate faces dropped
  uv_bake: 2032 merge clusters
  uv_bake: 1219 uncharted faces kept with point-collapsed UVs
  uv_bake: atlas 4096x4096 (xatlas 1195x1179), Vo=639713 Fo=950170
      textured GLB (atlas 4096, +<scratchpad>/json_base.png)
done in 1669.8s -> <scratchpad>/json.glb (+ <scratchpad>/json.ply)
