views: 1  S=1024 R=64 naf_T=512 mesh_scale=1.0000  chunk=0
coords: sparse N=4096 (gather 対象 4096)
ggml_metal_device_init: tensor API disabled for pre-M5 and pre-A19 devices
ggml_metal_library_init: using embedded metal library
ggml_metal_library_init: loaded in 0.013 sec
ggml_metal_rsets_init: creating a residency set collection (keep_alive = 180 s)
ggml_metal_device_init: GPU name:   MTL0 (Apple M4 Max)
ggml_metal_device_init: GPU family: MTLGPUFamilyApple9  (1009)
ggml_metal_device_init: GPU family: MTLGPUFamilyCommon3 (3003)
ggml_metal_device_init: GPU family: MTLGPUFamilyMetal4  (5002)
ggml_metal_device_init: simdgroup reduction   = true
ggml_metal_device_init: simdgroup matrix mul. = true
ggml_metal_device_init: has unified memory    = true
ggml_metal_device_init: has bfloat            = true
ggml_metal_device_init: has tensor            = false
ggml_metal_device_init: use residency sets    = true
ggml_metal_device_init: use shared buffers    = true
ggml_metal_device_init: recommendedMaxWorkingSetSize  = 55662.79 MB
ggml_metal_init: allocating
ggml_metal_init: found device: Apple M4 Max
ggml_metal_init: picking default device: Apple M4 Max
ggml_metal_init: use fusion         = true
ggml_metal_init: use concurrency    = true
ggml_metal_init: use graph optimize = true
[trellis] using MTL0 (53084 MB)
ggml_metal_init: allocating
ggml_metal_init: found device: Apple M4 Max
ggml_metal_init: picking default device: Apple M4 Max
ggml_metal_init: use fusion         = true
ggml_metal_init: use concurrency    = true
ggml_metal_init: use graph optimize = true
[trellis] using MTL0 (53084 MB)
backend: MTL0
ggml_metal_library_compile_pipeline: compiling pipeline: base = 'kernel_cpy_f16_f32', name = 'kernel_cpy_f16_f32'
ggml_metal_library_compile_pipeline: loaded kernel_cpy_f16_f32                            0x104fa46c0 | th_max = 1024 | th_width =   32
ggml_metal_library_compile_pipeline: compiling pipeline: base = 'kernel_concat', name = 'kernel_concat'
ggml_metal_library_compile_pipeline: loaded kernel_concat                                 0x104fa4f40 | th_max = 1024 | th_width =   32
ggml_metal_library_compile_pipeline: compiling pipeline: base = 'kernel_im2col_f16', name = 'kernel_im2col_f16'
ggml_metal_library_compile_pipeline: loaded kernel_im2col_f16                             0x104fa5820 | th_max = 1024 | th_width =   32
ggml_metal_library_compile_pipeline: compiling pipeline: base = 'kernel_mul_mm_f16_f16', name = 'kernel_mul_mm_f16_f16_bci=0_bco=0_ne12=1_ne13=1_r2=1_r3=1'
ggml_metal_library_compile_pipeline: loaded kernel_mul_mm_f16_f16_bci=0_bco=0_ne12=1_ne13=1_r2=1_r3=1      0x104fa6400 | th_max = 1024 | th_width =   32
ggml_metal_library_compile_pipeline: compiling pipeline: base = 'kernel_cpy_f32_f32', name = 'kernel_cpy_f32_f32'
ggml_metal_library_compile_pipeline: loaded kernel_cpy_f32_f32                            0x104fa6c80 | th_max = 1024 | th_width =   32
ggml_metal_library_compile_pipeline: compiling pipeline: base = 'kernel_bin_fuse_f32_f32_f32_4', name = 'kernel_bin_fuse_f32_f32_f32_4_op=0_nf=1_rb=0_cb=0'
ggml_metal_library_compile_pipeline: loaded kernel_bin_fuse_f32_f32_f32_4_op=0_nf=1_rb=0_cb=0      0x104fa7300 | th_max = 1024 | th_width =   32
ggml_metal_library_compile_pipeline: compiling pipeline: base = 'kernel_norm_mul_add_f32_4', name = 'kernel_norm_mul_add_f32_4'
ggml_metal_library_compile_pipeline: loaded kernel_norm_mul_add_f32_4                     0x104fa7680 | th_max = 1024 | th_width =   32
ggml_metal_library_compile_pipeline: compiling pipeline: base = 'kernel_mul_mm_q8_0_f32', name = 'kernel_mul_mm_q8_0_f32_bci=0_bco=1_ne12=1_ne13=1_r2=1_r3=1'
ggml_metal_library_compile_pipeline: loaded kernel_mul_mm_q8_0_f32_bci=0_bco=1_ne12=1_ne13=1_r2=1_r3=1      0x104fa7d00 | th_max = 1024 | th_width =   32
ggml_metal_library_compile_pipeline: compiling pipeline: base = 'kernel_bin_fuse_f32_f32_f32_4', name = 'kernel_bin_fuse_f32_f32_f32_4_op=2_nf=1_rb=0_cb=0'
ggml_metal_library_compile_pipeline: loaded kernel_bin_fuse_f32_f32_f32_4_op=2_nf=1_rb=0_cb=0      0x8bee1c000 | th_max = 1024 | th_width =   32
ggml_metal_library_compile_pipeline: compiling pipeline: base = 'kernel_unary_f32_f32_4', name = 'kernel_unary_f32_f32_4_op=10_cnt=0'
ggml_metal_library_compile_pipeline: loaded kernel_unary_f32_f32_4_op=10_cnt=0            0x8bee1c380 | th_max = 1024 | th_width =   32
ggml_metal_library_compile_pipeline: compiling pipeline: base = 'kernel_mul_mm_f32_f32', name = 'kernel_mul_mm_f32_f32_bci=0_bco=1_ne12=16_ne13=1_r2=1_r3=1'
ggml_metal_library_compile_pipeline: loaded kernel_mul_mm_f32_f32_bci=0_bco=1_ne12=16_ne13=1_r2=1_r3=1      0x8bee1c700 | th_max = 1024 | th_width =   32
ggml_metal_library_compile_pipeline: compiling pipeline: base = 'kernel_soft_max_f32', name = 'kernel_soft_max_f32'
ggml_metal_library_compile_pipeline: loaded kernel_soft_max_f32                           0x8bee1ca80 | th_max = 1024 | th_width =   32
ggml_metal_library_compile_pipeline: compiling pipeline: base = 'kernel_mul_mm_f32_f32', name = 'kernel_mul_mm_f32_f32_bci=1_bco=1_ne12=16_ne13=1_r2=1_r3=1'
ggml_metal_library_compile_pipeline: loaded kernel_mul_mm_f32_f32_bci=1_bco=1_ne12=16_ne13=1_r2=1_r3=1      0x8bee1ce00 | th_max = 1024 | th_width =   32
ggml_metal_library_compile_pipeline: compiling pipeline: base = 'kernel_unary_f32_f32_4', name = 'kernel_unary_f32_f32_4_op=104_cnt=0'
ggml_metal_library_compile_pipeline: loaded kernel_unary_f32_f32_4_op=104_cnt=0           0x8bee1d180 | th_max = 1024 | th_width =   32
ggml_metal_library_compile_pipeline: compiling pipeline: base = 'kernel_norm_f32_4', name = 'kernel_norm_f32_4'
ggml_metal_library_compile_pipeline: loaded kernel_norm_f32_4                             0x8bee1d880 | th_max = 1024 | th_width =   32
ggml_metal_library_compile_pipeline: compiling pipeline: base = 'kernel_get_rows_f32', name = 'kernel_get_rows_f32'
ggml_metal_library_compile_pipeline: loaded kernel_get_rows_f32                           0x8bee1df80 | th_max = 1024 | th_width =   32
ggml_metal_library_compile_pipeline: compiling pipeline: base = 'kernel_mul_mv_f16_f16_short', name = 'kernel_mul_mv_f16_f16_short_nsg=1_ne12=1_r2=1_r3=1'
ggml_metal_library_compile_pipeline: loaded kernel_mul_mv_f16_f16_short_nsg=1_ne12=1_r2=1_r3=1      0x8bee1e300 | th_max = 1024 | th_width =   32
ggml_metal_library_compile_pipeline: compiling pipeline: base = 'kernel_bin_fuse_f32_f32_f32', name = 'kernel_bin_fuse_f32_f32_f32_op=0_nf=1_rb=0_cb=1'
ggml_metal_library_compile_pipeline: loaded kernel_bin_fuse_f32_f32_f32_op=0_nf=1_rb=0_cb=1      0x8bee1e680 | th_max = 1024 | th_width =   32
ggml_metal_library_compile_pipeline: compiling pipeline: base = 'kernel_bin_fuse_f32_f32_f32', name = 'kernel_bin_fuse_f32_f32_f32_op=2_nf=1_rb=0_cb=1'
ggml_metal_library_compile_pipeline: loaded kernel_bin_fuse_f32_f32_f32_op=2_nf=1_rb=0_cb=1      0x8bee1ea00 | th_max = 1024 | th_width =   32
ggml_metal_library_compile_pipeline: compiling pipeline: base = 'kernel_unary_f32_f32_4', name = 'kernel_unary_f32_f32_4_op=106_cnt=0'
ggml_metal_library_compile_pipeline: loaded kernel_unary_f32_f32_4_op=106_cnt=0           0x8bee1ed80 | th_max = 1024 | th_width =   32
ggml_metal_library_compile_pipeline: compiling pipeline: base = 'kernel_pad_reflect_1d_f32', name = 'kernel_pad_reflect_1d_f32'
ggml_metal_library_compile_pipeline: loaded kernel_pad_reflect_1d_f32                     0x8bee1f480 | th_max = 1024 | th_width =   32
ggml_metal_library_compile_pipeline: compiling pipeline: base = 'kernel_pool_2d_avg_f32', name = 'kernel_pool_2d_avg_f32'
ggml_metal_library_compile_pipeline: loaded kernel_pool_2d_avg_f32                        0x8bee1f800 | th_max = 1024 | th_width =   32
ggml_metal_library_compile_pipeline: compiling pipeline: base = 'kernel_unary_f32_f32_4', name = 'kernel_unary_f32_f32_4_op=108_cnt=0'
ggml_metal_library_compile_pipeline: loaded kernel_unary_f32_f32_4_op=108_cnt=0           0x8bee1fb80 | th_max = 1024 | th_width =   32
ggml_metal_library_compile_pipeline: compiling pipeline: base = 'kernel_sum_rows_f32_f32_4', name = 'kernel_sum_rows_f32_f32_4_op=10'
ggml_metal_library_compile_pipeline: loaded kernel_sum_rows_f32_f32_4_op=10               0x8bee3c000 | th_max = 1024 | th_width =   32
ggml_metal_library_compile_pipeline: compiling pipeline: base = 'kernel_mul_mm_f32_f32', name = 'kernel_mul_mm_f32_f32_bci=0_bco=1_ne12=4_ne13=4096_r2=1_r3=1'
ggml_metal_library_compile_pipeline: loaded kernel_mul_mm_f32_f32_bci=0_bco=1_ne12=4_ne13=4096_r2=1_r3=1      0x8bee3c380 | th_max = 1024 | th_width =   32
ggml_metal_library_compile_pipeline: compiling pipeline: base = 'kernel_mul_mm_f32_f32', name = 'kernel_mul_mm_f32_f32_bci=1_bco=0_ne12=4_ne13=4096_r2=1_r3=1'
ggml_metal_library_compile_pipeline: loaded kernel_mul_mm_f32_f32_bci=1_bco=0_ne12=4_ne13=4096_r2=1_r3=1      0x8bee3c700 | th_max = 1024 | th_width =   32
      [prof] naf_ggml S=1024 T=512 im2col generic-gn: 225 nodes | whole graph 4.60s | node pass 6.01s (x1.31, ISOLATED single-node times: light ops overstated by the per-submit cost)
      [prof] naf_ggml S=1024 T=512 im2col generic-gn by op:
      [prof]   IM2COL                       3.68s   61.2%  (n=10, 367.82 ms/op)
      [prof]   CONT                         1.57s   26.1%  (n=28, 56.08 ms/op)
      [prof]   MUL_MAT(f16)                 0.32s    5.3%  (n=10, 32.14 ms/op)
      [prof]   NORM                         0.10s    1.7%  (n=8, 12.47 ms/op)
      [prof]   ADD                          0.07s    1.2%  (n=19, 3.71 ms/op)
      [prof]   PAD_REFLECT_1D               0.05s    0.9%  (n=10, 5.49 ms/op)
      [prof]   GET_ROWS                     0.05s    0.9%  (n=3, 17.75 ms/op)
      [prof]   MUL                          0.03s    0.5%  (n=10, 3.28 ms/op)
      [prof] naf_ggml S=1024 T=512 im2col generic-gn top 15 nodes:
      [prof]   #179   IM2COL                      0.640s  [1152,1024,1024,1] src0 f16[3,3,128]  node_179
      [prof]   #110   IM2COL                      0.587s  [1152,1024,1024,1] src0 f16[3,3,128]  node_110
      [prof]   #156   IM2COL                      0.509s  [1152,1024,1024,1] src0 f16[3,3,128]  node_156
      [prof]   #133   IM2COL                      0.438s  [1152,1024,1024,1] src0 f16[3,3,128]  node_133
      [prof]   #21    IM2COL                      0.403s  [128,1024,1024,1] src0 f16[1,1,128]  node_21
      [prof]   #55    IM2COL                      0.379s  [128,1024,1024,1] src0 f16[1,1,128]  node_55
      [prof]   #72    IM2COL                      0.375s  [128,1024,1024,1] src0 f16[1,1,128]  node_72
      [prof]   #38    IM2COL                      0.322s  [128,1024,1024,1] src0 f16[1,1,128]  node_38
      [prof]   #3     CONT                        0.200s  [81,256,4,4096] src0 f32[81,256,4]   (reshaped) (permuted) (cont)
      [prof]   #109   CONT                        0.191s  [1026,1026,128,1] src0 f32[1026,1026,128]   (permuted) (cont)
      [prof]   #222   CONT                        0.174s  [256,4,64,4096] src0 f32[256,4,64]   (permuted) (cont)
      [prof]   #106   CONT                        0.095s  [1024,1026,128,1] src0 f32[1024,1026,128]   (permuted) (cont)
      [prof]   #185   CONT                        0.094s  [1024,1024,128,1] src0 f32[1024,1024,128]   (reshaped) (permuted) (cont)
      [prof]   #159   MUL_MAT(f16)                0.091s  [1048576,128,1,1] src0 f16[1152,1048576,1]  node_159
      [prof]   #182   MUL_MAT(f16)                0.080s  [1048576,128,1,1] src0 f16[1152,1048576,1]  node_182
naf-ops: S=1024 T=512 direct_conv=0 generic=0 generic_gn=1 nodes=225 activations=6082.3 MB output=1024.0 MB compute=4596 ms total(with op pass)=18.1 s
naf-ops: output finite check: 0 non-finite of 268435456
ggml_metal_free: deallocating
ggml_metal_free: deallocating
