[trellis] generating model with seed 42
[trellis] TRELLIS.2 multiview: V=4 mode=multidiffusion
      view0 Frame1.png
      view1 Frame2.png
      view2 Frame3.png
      view3 Frame4.png
      (birefnet.gguf not found -- falling back to threshold matte; bright highlights may punch holes)
[1/6] preprocess view1/4 /nfs/pixal3d_trellis2mv_ref_v2/inputs/yoimiya_4view/Frame1.png (alpha/threshold matte, 1024 cascade)
[1/6] preprocess view2/4 /nfs/pixal3d_trellis2mv_ref_v2/inputs/yoimiya_4view/Frame2.png (alpha/threshold matte, 1024 cascade)
[1/6] preprocess view3/4 /nfs/pixal3d_trellis2mv_ref_v2/inputs/yoimiya_4view/Frame3.png (alpha/threshold matte, 1024 cascade)
[1/6] preprocess view4/4 /nfs/pixal3d_trellis2mv_ref_v2/inputs/yoimiya_4view/Frame4.png (alpha/threshold matte, 1024 cascade)
[2/6] DINOv3 conditioning (per-view bank)
ggml_cuda_init: found 1 CUDA devices (Total VRAM: 81151 MiB):
  Device 0: NVIDIA A100-SXM4-80GB, compute capability 8.0, VMM: yes, VRAM: 81151 MiB
[trellis] using CUDA0: NVIDIA A100-SXM4-80GB (81151 MB) [auto]
      cond bank V=4 tokens=1029 / 1024-cond tokens=4101
      [stats] cond_512 view0 (DINOv3@512) n=1053696 mean=0.0000 std=1.0000 min=-29.333 max=24.911 nan/inf=0
      [stats] cond_1024 view0 (DINOv3@1024) n=4199424 mean=-0.0000 std=1.0000 min=-29.341 max=24.883 nan/inf=0
      [dbg] TRELLIS_DBG_TEX_MODE override: tex stage mode=stochastic (shape/SS stay multidiffusion)
[3/6] sparse-structure flow + decode
      [stage] entering ss_flow DitRunner (V=4, mode=multidiffusion)
[trellis] using CUDA0: NVIDIA A100-SXM4-80GB (81151 MB) [auto]
      [flow-mv-step] i= 0 seq=-1 view=0/4 guided=1 pred[nonfinite=0/32768 max|finite|=10.9]
      [flow-mv-step] i= 1 seq=-1 view=0/4 guided=1 pred[nonfinite=0/32768 max|finite|=11.3]
      [flow-mv-step] i= 2 seq=-1 view=0/4 guided=1 pred[nonfinite=0/32768 max|finite|=12.3]
      [flow-mv-step] i= 3 seq=-1 view=0/4 guided=1 pred[nonfinite=0/32768 max|finite|=12]
      [flow-mv-step] i= 4 seq=-1 view=0/4 guided=1 pred[nonfinite=0/32768 max|finite|=9.72]
      [flow-mv-step] i= 5 seq=-1 view=0/4 guided=1 pred[nonfinite=0/32768 max|finite|=11.8]
      [flow-mv-step] i= 6 seq=-1 view=0/4 guided=1 pred[nonfinite=0/32768 max|finite|=13.3]
      [flow-mv-step] i= 7 seq=-1 view=0/4 guided=1 pred[nonfinite=0/32768 max|finite|=9.81]
      [flow-mv-step] i= 8 seq=-1 view=0/4 guided=1 pred[nonfinite=0/32768 max|finite|=10.7]
      [flow-mv-step] i= 9 seq=-1 view=0/4 guided=1 pred[nonfinite=0/32768 max|finite|=10.3]
      [flow-mv-step] i=10 seq=-1 view=0/4 guided=0 pred[nonfinite=0/32768 max|finite|=5.43]
      [flow-mv-step] i=11 seq=-1 view=0/4 guided=0 pred[nonfinite=0/32768 max|finite|=5.66]
      [flow-mv] 12 steps, 4 views, 58 forwards, mode=multidiffusion, 16.8s
[trellis] using CUDA0: NVIDIA A100-SXM4-80GB (81151 MB) [auto]
      active voxels @res32 = 956
[4/7] shape SLAT flow (LR 512 -> upsample -> HR 1024 cascade, max_tok=49152)
      [stage] entering /nfs/trellis2-mv/gguf-f16/shape_flow_512.gguf DitRunner (V=4, N=956, shape_stochastic_counter=0)
[trellis] using CUDA0: NVIDIA A100-SXM4-80GB (81151 MB) [auto]
      [flow-mv-step] i= 0 seq=-1 view=0/4 guided=1 pred[nonfinite=0/30592 max|finite|=10.7]
      [flow-mv-step] i= 1 seq=-1 view=0/4 guided=1 pred[nonfinite=0/30592 max|finite|=8.84]
      [flow-mv-step] i= 2 seq=-1 view=0/4 guided=1 pred[nonfinite=0/30592 max|finite|=9.5]
      [flow-mv-step] i= 3 seq=-1 view=0/4 guided=1 pred[nonfinite=0/30592 max|finite|=8.24]
      [flow-mv-step] i= 4 seq=-1 view=0/4 guided=1 pred[nonfinite=0/30592 max|finite|=8.33]
      [flow-mv-step] i= 5 seq=-1 view=0/4 guided=1 pred[nonfinite=0/30592 max|finite|=7.49]
      [flow-mv-step] i= 6 seq=-1 view=0/4 guided=1 pred[nonfinite=0/30592 max|finite|=9.95]
      [flow-mv-step] i= 7 seq=-1 view=0/4 guided=1 pred[nonfinite=0/30592 max|finite|=7.75]
      [flow-mv-step] i= 8 seq=-1 view=0/4 guided=1 pred[nonfinite=0/30592 max|finite|=6.42]
      [flow-mv-step] i= 9 seq=-1 view=0/4 guided=0 pred[nonfinite=0/30592 max|finite|=5.65]
      [flow-mv-step] i=10 seq=-1 view=0/4 guided=0 pred[nonfinite=0/30592 max|finite|=5.72]
      [flow-mv-step] i=11 seq=-1 view=0/4 guided=0 pred[nonfinite=0/30592 max|finite|=5.52]
      [flow-mv] 12 steps, 4 views, 57 forwards, mode=multidiffusion, 3.9s
      [stats] LR slat (res32, decodes OK via upsample) n=30592 mean=0.0154 std=5.5955 min=-28.957 max=25.122 nan/inf=0
[trellis] using CUDA0: NVIDIA A100-SXM4-80GB (81151 MB) [auto]
      upsampled coords @res512=344371 -> quantized @res1024 (grid 64) = 4242 tokens
      [stage] entering /nfs/trellis2-mv/gguf-f16/shape_flow_1024.gguf DitRunner (V=4, N=4242, shape_stochastic_counter=0)
[trellis] using CUDA0: NVIDIA A100-SXM4-80GB (81151 MB) [auto]
      [flow-mv-step] i= 0 seq=-1 view=0/4 guided=1 pred[nonfinite=0/135744 max|finite|=11.3]
      [flow-mv-step] i= 1 seq=-1 view=0/4 guided=1 pred[nonfinite=0/135744 max|finite|=11.6]
      [flow-mv-step] i= 2 seq=-1 view=0/4 guided=1 pred[nonfinite=0/135744 max|finite|=9.09]
      [flow-mv-step] i= 3 seq=-1 view=0/4 guided=1 pred[nonfinite=0/135744 max|finite|=7.95]
      [flow-mv-step] i= 4 seq=-1 view=0/4 guided=1 pred[nonfinite=0/135744 max|finite|=13]
      [flow-mv-step] i= 5 seq=-1 view=0/4 guided=1 pred[nonfinite=0/135744 max|finite|=11.9]
      [flow-mv-step] i= 6 seq=-1 view=0/4 guided=1 pred[nonfinite=0/135744 max|finite|=9.06]
      [flow-mv-step] i= 7 seq=-1 view=0/4 guided=1 pred[nonfinite=0/135744 max|finite|=8.56]
      [flow-mv-step] i= 8 seq=-1 view=0/4 guided=1 pred[nonfinite=0/135744 max|finite|=6.35]
      [flow-mv-step] i= 9 seq=-1 view=0/4 guided=0 pred[nonfinite=0/135744 max|finite|=5.76]
      [flow-mv-step] i=10 seq=-1 view=0/4 guided=0 pred[nonfinite=0/135744 max|finite|=5.7]
      [flow-mv-step] i=11 seq=-1 view=0/4 guided=0 pred[nonfinite=0/135744 max|finite|=5.37]
      [flow-mv] 12 steps, 4 views, 57 forwards, mode=multidiffusion, 22.8s
      [stats] HR slat n=135744 mean=-0.0330 std=5.3893 min=-22.860 max=23.079 nan/inf=0
[5/7] FlexiDualGrid shape decode -> mesh @res1024
[trellis] using CUDA0: NVIDIA A100-SXM4-80GB (81151 MB) [auto]
      decoded voxels @res1024 = 1364750
      mesh V=1364750 F=2739766
      filled 1914 small holes -> V=1366664 F=2751454
[6/7] texture SLAT flow + PBR decode
      [stats] tex branch: mixed=0 decoded_voxels=1364750 DENSE_TEX=9000000 tex_res=1024 RES=1024
      [stage] entering /nfs/trellis2-mv/gguf-f16/tex_flow_1024.gguf DitRunner (V=4, N=4242)
[trellis] using CUDA0: NVIDIA A100-SXM4-80GB (81151 MB) [auto]
      [stats] tex concat: tN=4242 tbank.size()=4 tlc=4101
      [stats] tex slat guide (tslat, fixed shape_slat_norm half of concat) n=135744 mean=0.0015 std=0.9619 min=-4.211 max=4.221 nan/inf=0
      [flow-mv-step] i= 0 seq=0 view=0/4 guided=0 pred[nonfinite=0/135744 max|finite|=6.31]
      [flow-mv-step] i= 1 seq=1 view=1/4 guided=0 pred[nonfinite=0/135744 max|finite|=6.95]
      [flow-mv-step] i= 2 seq=2 view=2/4 guided=0 pred[nonfinite=0/135744 max|finite|=6.94]
      [flow-mv-step] i= 3 seq=3 view=3/4 guided=1 pred[nonfinite=0/135744 max|finite|=7.01]
      [flow-mv-step] i= 4 seq=4 view=0/4 guided=1 pred[nonfinite=0/135744 max|finite|=7.02]
      [flow-mv-step] i= 5 seq=5 view=1/4 guided=1 pred[nonfinite=0/135744 max|finite|=6.99]
      [flow-mv-step] i= 6 seq=6 view=2/4 guided=1 pred[nonfinite=0/135744 max|finite|=7]
      [flow-mv-step] i= 7 seq=7 view=3/4 guided=1 pred[nonfinite=0/135744 max|finite|=7]
      [flow-mv-step] i= 8 seq=8 view=0/4 guided=1 pred[nonfinite=0/135744 max|finite|=6.99]
      [flow-mv-step] i= 9 seq=9 view=1/4 guided=0 pred[nonfinite=0/135744 max|finite|=6.96]
      [flow-mv-step] i=10 seq=10 view=2/4 guided=0 pred[nonfinite=0/135744 max|finite|=6.95]
      [flow-mv-step] i=11 seq=11 view=3/4 guided=0 pred[nonfinite=0/135744 max|finite|=6.92]
      [flow-mv] 12 steps, 4 views, 12 forwards, mode=stochastic, 4.8s
      [stats] tex slat (norm, sampler output) n=135744 mean=-0.0142 std=1.2699 min=-4.205 max=4.504 nan/inf=0
      [stats] tex slat (denorm, tex_decode input) n=135744 mean=0.3201 std=3.5244 min=-10.534 max=12.284 nan/inf=0
      [stats-ch] tex slat (denorm, tex_decode input) (C=32, n=4242)
      [stats-ch]   ch00 mean=  0.0188 std= 1.3953 min=  -4.272 max=   8.344 nan/inf=0
      [stats-ch]   ch01 mean=  6.3162 std= 2.1664 min=  -1.659 max=  12.284 nan/inf=0
      [stats-ch]   ch02 mean= -1.9799 std= 1.4129 min=  -7.091 max=   4.623 nan/inf=0
      [stats-ch]   ch03 mean= -0.3793 std= 1.2126 min=  -4.590 max=   4.659 nan/inf=0
      [stats-ch]   ch04 mean=  2.9850 std= 2.1845 min=  -4.106 max=   8.994 nan/inf=0
      [stats-ch]   ch05 mean=  0.2305 std= 1.0901 min=  -4.018 max=   5.291 nan/inf=0
      [stats-ch]   ch06 mean= -0.0225 std= 2.1560 min=  -6.978 max=   7.824 nan/inf=0
      [stats-ch]   ch07 mean=  3.3103 std= 1.9911 min=  -6.403 max=   8.496 nan/inf=0
      [stats-ch]   ch08 mean= -4.2492 std= 1.8197 min=  -8.013 max=   5.253 nan/inf=0
      [stats-ch]   ch09 mean=  0.5961 std= 1.9031 min=  -6.050 max=   5.400 nan/inf=0
      [stats-ch]   ch10 mean=  1.1097 std= 1.2147 min=  -4.441 max=   4.963 nan/inf=0
      [stats-ch]   ch11 mean= -1.1875 std= 1.6616 min=  -5.392 max=   4.241 nan/inf=0
      [stats-ch]   ch12 mean=  6.1066 std= 1.9497 min=  -3.033 max=  10.834 nan/inf=0
      [stats-ch]   ch13 mean= -2.9762 std= 1.5347 min=  -9.423 max=   3.342 nan/inf=0
      [stats-ch]   ch14 mean= -6.5586 std= 2.1817 min= -10.476 max=   6.907 nan/inf=0
      [stats-ch]   ch15 mean= -1.7456 std= 1.2570 min=  -8.700 max=   2.324 nan/inf=0
      [stats-ch]   ch16 mean= -3.7930 std= 1.4662 min=  -7.683 max=   3.013 nan/inf=0
      [stats-ch]   ch17 mean=  5.6271 std= 1.4336 min=  -4.988 max=  10.182 nan/inf=0
      [stats-ch]   ch18 mean=  3.7769 std= 1.6110 min=  -4.710 max=   7.871 nan/inf=0
      [stats-ch]   ch19 mean=  2.4317 std= 1.0505 min=  -1.723 max=   7.366 nan/inf=0
      [stats-ch]   ch20 mean=  0.2423 std= 1.3394 min=  -6.075 max=   4.270 nan/inf=0
      [stats-ch]   ch21 mean=  0.6301 std= 1.1837 min=  -2.356 max=   7.165 nan/inf=0
      [stats-ch]   ch22 mean=  1.3037 std= 0.7797 min=  -3.908 max=   5.334 nan/inf=0
      [stats-ch]   ch23 mean= -5.7358 std= 1.5283 min= -10.534 max=   2.326 nan/inf=0
      [stats-ch]   ch24 mean= -2.3170 std= 1.6905 min= -10.060 max=   5.805 nan/inf=0
      [stats-ch]   ch25 mean=  0.6747 std= 2.6828 min=  -5.514 max=   8.669 nan/inf=0
      [stats-ch]   ch26 mean=  4.4797 std= 2.0477 min=  -6.240 max=   9.201 nan/inf=0
      [stats-ch]   ch27 mean=  0.4471 std= 1.1386 min=  -3.001 max=   4.124 nan/inf=0
      [stats-ch]   ch28 mean=  1.8127 std= 0.9101 min=  -4.758 max=   4.778 nan/inf=0
      [stats-ch]   ch29 mean=  0.2619 std= 1.9646 min=  -6.009 max=   6.457 nan/inf=0
      [stats-ch]   ch30 mean=  1.2421 std= 0.5138 min=  -3.355 max=   3.839 nan/inf=0
      [stats-ch]   ch31 mean= -2.4139 std= 1.6213 min=  -6.320 max=   3.821 nan/inf=0
[trellis] using CUDA0: NVIDIA A100-SXM4-80GB (81151 MB) [auto]
      [stats] tex_decode raw output (pbr, pre-clamp, [6,Mv]) n=8188500 mean=0.0058 std=0.9941 min=-1.153 max=1.097 nan/inf=0
      [stats-ch] tex_decode raw output (pbr, pre-clamp) (C=6, n=1364750)
      [stats-ch]   ch00 mean= -0.9868 std= 0.0655 min=  -1.086 max=   0.967 nan/inf=0
      [stats-ch]   ch01 mean= -0.9869 std= 0.0623 min=  -1.132 max=   0.996 nan/inf=0
      [stats-ch]   ch02 mean= -0.9872 std= 0.0624 min=  -1.153 max=   0.955 nan/inf=0
      [stats-ch]   ch03 mean=  0.9973 std= 0.0512 min=  -1.015 max=   1.090 nan/inf=0
      [stats-ch]   ch04 mean=  0.9987 std= 0.0302 min=  -0.085 max=   1.097 nan/inf=0
      [stats-ch]   ch05 mean=  0.9997 std= 0.0006 min=   0.984 max=   1.020 nan/inf=0
      PBR voxels=1364750 @res1024
      [stats] tex_decode base color, post-clamp (colors, [3,Mv]) n=4094250 mean=0.0065 std=0.0317 min=0.000 max=0.998 nan/inf=0
[7/7] write /nfs/trellis2-mv/b3-diag/DIAG_shapeMultidiff_texStoch/out.glb
  weld: V 1366664->1362073 (4591 near-duplicates merged, eps=0.00012)
  fill_holes: 1942 boundary loops filled (+8197 faces)
  remesh_dc: 2972264 active voxels -> V=2466139 F=4942840 (eps=0.001965, project_back=0.00)
    [clean] faces=4942840, flipped 0 for consistent winding
  remesh postproc: dropped 231 floater comps -> V=2357688 F=4726180
  decimate_qem_gpu(target=300000): V 2357688->143474, F 4726180->292944
  decimated postproc: dropped 7 more comps -> F=290422
  uv_bake: 2 components (0 tiny, 0 faces -> strip S=0), 0 duplicate faces dropped
  uv_bake: 3088 merge clusters
  uv_bake: 82 uncharted faces kept with point-collapsed UVs
  uv_bake: atlas 2048x2048 (xatlas 1222x1223), Vo=219166 Fo=290422
      textured GLB (atlas 2048, +/nfs/trellis2-mv/b3-diag/DIAG_shapeMultidiff_texStoch/out_base.png)
done in 85.3s -> /nfs/trellis2-mv/b3-diag/DIAG_shapeMultidiff_texStoch/out.glb (+ /nfs/trellis2-mv/b3-diag/DIAG_shapeMultidiff_texStoch/out.ply)
