[trellis] generating model with seed 42
[trellis] TRELLIS.2 multiview: V=4 mode=stochastic
      view0 Frame1.png
      view1 Frame2.png
      view2 Frame3.png
      view3 Frame4.png
      (birefnet.gguf not found -- falling back to threshold matte; bright highlights may punch holes)
[1/6] preprocess view1/4 /nfs/pixal3d_trellis2mv_ref_v2/inputs/yoimiya_4view/Frame1.png (alpha/threshold matte, 1024 cascade)
[1/6] preprocess view2/4 /nfs/pixal3d_trellis2mv_ref_v2/inputs/yoimiya_4view/Frame2.png (alpha/threshold matte, 1024 cascade)
[1/6] preprocess view3/4 /nfs/pixal3d_trellis2mv_ref_v2/inputs/yoimiya_4view/Frame3.png (alpha/threshold matte, 1024 cascade)
[1/6] preprocess view4/4 /nfs/pixal3d_trellis2mv_ref_v2/inputs/yoimiya_4view/Frame4.png (alpha/threshold matte, 1024 cascade)
[2/6] DINOv3 conditioning (per-view bank)
ggml_cuda_init: found 1 CUDA devices (Total VRAM: 81151 MiB):
  Device 0: NVIDIA A100-SXM4-80GB, compute capability 8.0, VMM: yes, VRAM: 81151 MiB
[trellis] using CUDA0: NVIDIA A100-SXM4-80GB (81151 MB) [auto]
      cond bank V=4 tokens=1029 / 1024-cond tokens=4101
      [stats] cond_512 view0 (DINOv3@512) n=1053696 mean=0.0000 std=1.0000 min=-29.333 max=24.911 nan/inf=0
      [stats] cond_1024 view0 (DINOv3@1024) n=4199424 mean=-0.0000 std=1.0000 min=-29.341 max=24.883 nan/inf=0
      [dbg] TRELLIS_DBG_TEX_MODE override: tex stage mode=multidiffusion (shape/SS stay stochastic)
[3/6] sparse-structure flow + decode
      [stage] entering ss_flow DitRunner (V=4, mode=stochastic)
[trellis] using CUDA0: NVIDIA A100-SXM4-80GB (81151 MB) [auto]
      [flow-mv-step] i= 0 seq=0 view=0/4 guided=1 pred[nonfinite=0/32768 max|finite|=8.6]
      [flow-mv-step] i= 1 seq=1 view=1/4 guided=1 pred[nonfinite=0/32768 max|finite|=12.8]
      [flow-mv-step] i= 2 seq=2 view=2/4 guided=1 pred[nonfinite=0/32768 max|finite|=13.9]
      [flow-mv-step] i= 3 seq=3 view=3/4 guided=1 pred[nonfinite=0/32768 max|finite|=11.9]
      [flow-mv-step] i= 4 seq=4 view=0/4 guided=1 pred[nonfinite=0/32768 max|finite|=9.4]
      [flow-mv-step] i= 5 seq=5 view=1/4 guided=1 pred[nonfinite=0/32768 max|finite|=12.9]
      [flow-mv-step] i= 6 seq=6 view=2/4 guided=1 pred[nonfinite=0/32768 max|finite|=14]
      [flow-mv-step] i= 7 seq=7 view=3/4 guided=1 pred[nonfinite=0/32768 max|finite|=11.1]
      [flow-mv-step] i= 8 seq=8 view=0/4 guided=1 pred[nonfinite=0/32768 max|finite|=12.1]
      [flow-mv-step] i= 9 seq=9 view=1/4 guided=1 pred[nonfinite=0/32768 max|finite|=19.4]
      [flow-mv-step] i=10 seq=10 view=2/4 guided=0 pred[nonfinite=0/32768 max|finite|=5.44]
      [flow-mv-step] i=11 seq=11 view=3/4 guided=0 pred[nonfinite=0/32768 max|finite|=5.52]
      [flow-mv] 12 steps, 4 views, 22 forwards, mode=stochastic, 6.4s
[trellis] using CUDA0: NVIDIA A100-SXM4-80GB (81151 MB) [auto]
      active voxels @res32 = 936
[4/7] shape SLAT flow (LR 512 -> upsample -> HR 1024 cascade, max_tok=49152)
      [stage] entering /nfs/trellis2-mv/gguf-f16/shape_flow_512.gguf DitRunner (V=4, N=936, shape_stochastic_counter=0)
[trellis] using CUDA0: NVIDIA A100-SXM4-80GB (81151 MB) [auto]
      [flow-mv-step] i= 0 seq=0 view=0/4 guided=1 pred[nonfinite=0/29952 max|finite|=8.63]
      [flow-mv-step] i= 1 seq=1 view=1/4 guided=1 pred[nonfinite=0/29952 max|finite|=11.3]
      [flow-mv-step] i= 2 seq=2 view=2/4 guided=1 pred[nonfinite=0/29952 max|finite|=12.3]
      [flow-mv-step] i= 3 seq=3 view=3/4 guided=1 pred[nonfinite=0/29952 max|finite|=11.3]
      [flow-mv-step] i= 4 seq=4 view=0/4 guided=1 pred[nonfinite=0/29952 max|finite|=11.5]
      [flow-mv-step] i= 5 seq=5 view=1/4 guided=1 pred[nonfinite=0/29952 max|finite|=12.7]
      [flow-mv-step] i= 6 seq=6 view=2/4 guided=1 pred[nonfinite=0/29952 max|finite|=8.85]
      [flow-mv-step] i= 7 seq=7 view=3/4 guided=1 pred[nonfinite=0/29952 max|finite|=12.3]
      [flow-mv-step] i= 8 seq=8 view=0/4 guided=1 pred[nonfinite=0/29952 max|finite|=10.7]
      [flow-mv-step] i= 9 seq=9 view=1/4 guided=0 pred[nonfinite=0/29952 max|finite|=5.46]
      [flow-mv-step] i=10 seq=10 view=2/4 guided=0 pred[nonfinite=0/29952 max|finite|=5.15]
      [flow-mv-step] i=11 seq=11 view=3/4 guided=0 pred[nonfinite=0/29952 max|finite|=5.11]
      [flow-mv] 12 steps, 4 views, 21 forwards, mode=stochastic, 1.4s
      [stats] LR slat (res32, decodes OK via upsample) n=29952 mean=0.0101 std=5.5632 min=-23.530 max=25.306 nan/inf=0
[trellis] using CUDA0: NVIDIA A100-SXM4-80GB (81151 MB) [auto]
      upsampled coords @res512=328867 -> quantized @res1024 (grid 64) = 4123 tokens
      [stage] entering /nfs/trellis2-mv/gguf-f16/shape_flow_1024.gguf DitRunner (V=4, N=4123, shape_stochastic_counter=12)
[trellis] using CUDA0: NVIDIA A100-SXM4-80GB (81151 MB) [auto]
      [flow-mv-step] i= 0 seq=12 view=0/4 guided=1 pred[nonfinite=0/131936 max|finite|=10.4]
      [flow-mv-step] i= 1 seq=13 view=1/4 guided=1 pred[nonfinite=0/131936 max|finite|=10.8]
      [flow-mv-step] i= 2 seq=14 view=2/4 guided=1 pred[nonfinite=0/131936 max|finite|=10.6]
      [flow-mv-step] i= 3 seq=15 view=3/4 guided=1 pred[nonfinite=0/131936 max|finite|=15.5]
      [flow-mv-step] i= 4 seq=16 view=0/4 guided=1 pred[nonfinite=0/131936 max|finite|=18.6]
      [flow-mv-step] i= 5 seq=17 view=1/4 guided=1 pred[nonfinite=0/131936 max|finite|=9.83]
      [flow-mv-step] i= 6 seq=18 view=2/4 guided=1 pred[nonfinite=0/131936 max|finite|=9.42]
      [flow-mv-step] i= 7 seq=19 view=3/4 guided=1 pred[nonfinite=0/131936 max|finite|=8.99]
      [flow-mv-step] i= 8 seq=20 view=0/4 guided=1 pred[nonfinite=0/131936 max|finite|=8.41]
      [flow-mv-step] i= 9 seq=21 view=1/4 guided=0 pred[nonfinite=0/131936 max|finite|=5.88]
      [flow-mv-step] i=10 seq=22 view=2/4 guided=0 pred[nonfinite=0/131936 max|finite|=5.94]
      [flow-mv-step] i=11 seq=23 view=3/4 guided=0 pred[nonfinite=0/131936 max|finite|=5.84]
      [flow-mv] 12 steps, 4 views, 21 forwards, mode=stochastic, 8.2s
      [stats] HR slat n=131936 mean=-0.0545 std=5.4118 min=-22.071 max=23.075 nan/inf=0
[5/7] FlexiDualGrid shape decode -> mesh @res1024
[trellis] using CUDA0: NVIDIA A100-SXM4-80GB (81151 MB) [auto]
      decoded voxels @res1024 = 1358340
      mesh V=1358340 F=2722828
      filled 1795 small holes -> V=1360135 F=2733886
[6/7] texture SLAT flow + PBR decode
      [stats] tex branch: mixed=0 decoded_voxels=1358340 DENSE_TEX=9000000 tex_res=1024 RES=1024
      [stage] entering /nfs/trellis2-mv/gguf-f16/tex_flow_1024.gguf DitRunner (V=4, N=4123)
[trellis] using CUDA0: NVIDIA A100-SXM4-80GB (81151 MB) [auto]
      [stats] tex concat: tN=4123 tbank.size()=4 tlc=4101
      [stats] tex slat guide (tslat, fixed shape_slat_norm half of concat) n=131936 mean=-0.0024 std=0.9683 min=-3.937 max=4.311 nan/inf=0
      [flow-mv-step] i= 0 seq=-1 view=0/4 guided=0 pred[nonfinite=0/131936 max|finite|=5.89]
      [flow-mv-step] i= 1 seq=-1 view=0/4 guided=0 pred[nonfinite=0/131936 max|finite|=6.77]
      [flow-mv-step] i= 2 seq=-1 view=0/4 guided=0 pred[nonfinite=0/131936 max|finite|=6.79]
      [flow-mv-step] i= 3 seq=-1 view=0/4 guided=1 pred[nonfinite=0/131936 max|finite|=6.69]
      [flow-mv-step] i= 4 seq=-1 view=0/4 guided=1 pred[nonfinite=0/131936 max|finite|=6.62]
      [flow-mv-step] i= 5 seq=-1 view=0/4 guided=1 pred[nonfinite=0/131936 max|finite|=6.56]
      [flow-mv-step] i= 6 seq=-1 view=0/4 guided=1 pred[nonfinite=0/131936 max|finite|=6.51]
      [flow-mv-step] i= 7 seq=-1 view=0/4 guided=1 pred[nonfinite=0/131936 max|finite|=6.46]
      [flow-mv-step] i= 8 seq=-1 view=0/4 guided=1 pred[nonfinite=0/131936 max|finite|=6.42]
      [flow-mv-step] i= 9 seq=-1 view=0/4 guided=0 pred[nonfinite=0/131936 max|finite|=6.32]
      [flow-mv-step] i=10 seq=-1 view=0/4 guided=0 pred[nonfinite=0/131936 max|finite|=6.18]
      [flow-mv-step] i=11 seq=-1 view=0/4 guided=0 pred[nonfinite=0/131936 max|finite|=6.01]
      [flow-mv] 12 steps, 4 views, 54 forwards, mode=multidiffusion, 21.2s
      [stats] tex slat (norm, sampler output) n=131936 mean=0.0068 std=1.2290 min=-3.243 max=4.905 nan/inf=0
      [stats] tex slat (denorm, tex_decode input) n=131936 mean=0.3821 std=3.4521 min=-11.464 max=12.495 nan/inf=0
      [stats-ch] tex slat (denorm, tex_decode input) (C=32, n=4123)
      [stats-ch]   ch00 mean=  0.4432 std= 1.5298 min=  -3.436 max=   7.588 nan/inf=0
      [stats-ch]   ch01 mean=  6.2065 std= 2.1923 min=  -1.132 max=  12.495 nan/inf=0
      [stats-ch]   ch02 mean= -1.6584 std= 1.4146 min=  -6.364 max=   6.366 nan/inf=0
      [stats-ch]   ch03 mean= -0.2246 std= 1.1998 min=  -3.972 max=   4.664 nan/inf=0
      [stats-ch]   ch04 mean=  2.8684 std= 2.0980 min=  -3.607 max=   8.595 nan/inf=0
      [stats-ch]   ch05 mean=  0.2885 std= 1.1184 min=  -4.235 max=   5.628 nan/inf=0
      [stats-ch]   ch06 mean= -0.0365 std= 2.1233 min=  -6.009 max=   7.542 nan/inf=0
      [stats-ch]   ch07 mean=  3.2669 std= 1.9399 min=  -6.133 max=   9.809 nan/inf=0
      [stats-ch]   ch08 mean= -4.0683 std= 1.7708 min=  -8.178 max=   4.726 nan/inf=0
      [stats-ch]   ch09 mean=  0.4683 std= 1.9339 min=  -8.023 max=   7.326 nan/inf=0
      [stats-ch]   ch10 mean=  0.8661 std= 1.3542 min=  -4.141 max=   6.198 nan/inf=0
      [stats-ch]   ch11 mean= -0.6482 std= 1.8314 min=  -5.281 max=   6.012 nan/inf=0
      [stats-ch]   ch12 mean=  5.7775 std= 2.0002 min=  -3.499 max=  11.884 nan/inf=0
      [stats-ch]   ch13 mean= -2.7191 std= 1.5743 min=  -6.961 max=   3.470 nan/inf=0
      [stats-ch]   ch14 mean= -6.3799 std= 2.0870 min= -11.464 max=   3.069 nan/inf=0
      [stats-ch]   ch15 mean= -1.4589 std= 1.5069 min=  -6.815 max=   3.879 nan/inf=0
      [stats-ch]   ch16 mean= -3.9300 std= 1.5260 min=  -7.751 max=   2.887 nan/inf=0
      [stats-ch]   ch17 mean=  5.3921 std= 1.5812 min=  -2.326 max=  10.157 nan/inf=0
      [stats-ch]   ch18 mean=  3.8236 std= 1.5760 min=  -1.749 max=   8.166 nan/inf=0
      [stats-ch]   ch19 mean=  2.8341 std= 1.2052 min=  -1.438 max=   7.706 nan/inf=0
      [stats-ch]   ch20 mean=  0.0963 std= 1.3983 min=  -6.109 max=   4.636 nan/inf=0
      [stats-ch]   ch21 mean=  1.0456 std= 1.2857 min=  -3.055 max=   7.428 nan/inf=0
      [stats-ch]   ch22 mean=  1.4453 std= 0.8911 min=  -4.465 max=   6.925 nan/inf=0
      [stats-ch]   ch23 mean= -5.6760 std= 1.5006 min=  -9.689 max=   1.570 nan/inf=0
      [stats-ch]   ch24 mean= -2.0897 std= 1.6419 min=  -6.923 max=   6.235 nan/inf=0
      [stats-ch]   ch25 mean=  0.5848 std= 2.4843 min=  -6.684 max=   7.545 nan/inf=0
      [stats-ch]   ch26 mean=  4.3554 std= 1.9545 min=  -4.941 max=   9.578 nan/inf=0
      [stats-ch]   ch27 mean=  0.3229 std= 1.2042 min=  -3.852 max=   4.823 nan/inf=0
      [stats-ch]   ch28 mean=  1.9245 std= 1.0643 min=  -5.251 max=   5.439 nan/inf=0
      [stats-ch]   ch29 mean=  0.2863 std= 1.8959 min=  -6.228 max=   7.811 nan/inf=0
      [stats-ch]   ch30 mean=  1.1251 std= 0.7479 min=  -2.770 max=   4.442 nan/inf=0
      [stats-ch]   ch31 mean= -2.3049 std= 1.6472 min=  -6.674 max=   4.601 nan/inf=0
[trellis] using CUDA0: NVIDIA A100-SXM4-80GB (81151 MB) [auto]
      [stats] tex_decode raw output (pbr, pre-clamp, [6,Mv]) n=8150040 mean=0.0234 std=0.9787 min=-1.052 max=1.154 nan/inf=0
      [stats-ch] tex_decode raw output (pbr, pre-clamp) (C=6, n=1358340)
      [stats-ch]   ch00 mean= -0.9501 std= 0.1290 min=  -1.009 max=   0.484 nan/inf=0
      [stats-ch]   ch01 mean= -0.9500 std= 0.1322 min=  -1.017 max=   0.522 nan/inf=0
      [stats-ch]   ch02 mean= -0.9477 std= 0.1333 min=  -1.014 max=   0.531 nan/inf=0
      [stats-ch]   ch03 mean=  0.9878 std= 0.1381 min=  -1.052 max=   1.154 nan/inf=0
      [stats-ch]   ch04 mean=  1.0003 std= 0.0010 min=   0.948 max=   1.052 nan/inf=0
      [stats-ch]   ch05 mean=  0.9998 std= 0.0006 min=   0.983 max=   1.016 nan/inf=0
      PBR voxels=1358340 @res1024
      [stats] tex_decode base color, post-clamp (colors, [3,Mv]) n=4075020 mean=0.0254 std=0.0657 min=0.000 max=0.766 nan/inf=0
[7/7] write /nfs/trellis2-mv/b3-diag/DIAG_shapeStoch_texMultidiff/out.glb
  weld: V 1360135->1355474 (4661 near-duplicates merged, eps=0.00012)
  fill_holes: 2054 boundary loops filled (+8712 faces)
  remesh_dc: 2966652 active voxels -> V=2449889 F=4911256 (eps=0.001965, project_back=0.00)
    [clean] faces=4911256, flipped 0 for consistent winding
  remesh postproc: dropped 215 floater comps -> V=2224581 F=4460492
  decimate_qem_gpu(target=300000): V 2224581->143533, F 4460492->293758
  decimated postproc: dropped 6 more comps -> F=290720
  uv_bake: 2 components (0 tiny, 0 faces -> strip S=0), 0 duplicate faces dropped
  uv_bake: 3201 merge clusters
  uv_bake: 101 uncharted faces kept with point-collapsed UVs
  uv_bake: atlas 2048x2048 (xatlas 1213x1229), Vo=219947 Fo=290720
      textured GLB (atlas 2048, +/nfs/trellis2-mv/b3-diag/DIAG_shapeStoch_texMultidiff/out_base.png)
done in 73.1s -> /nfs/trellis2-mv/b3-diag/DIAG_shapeStoch_texMultidiff/out.glb (+ /nfs/trellis2-mv/b3-diag/DIAG_shapeStoch_texMultidiff/out.ply)
