[trellis] generating model with seed 42
[trellis] TRELLIS.2 multiview: V=4 mode=multidiffusion
      view0 Frame1.png
      view1 Frame2.png
      view2 Frame3.png
      view3 Frame4.png
      (birefnet.gguf not found -- falling back to threshold matte; bright highlights may punch holes)
[1/6] preprocess view1/4 /nfs/pixal3d_trellis2mv_ref_v2/inputs/yoimiya_4view/Frame1.png (alpha/threshold matte, 1024 cascade)
[1/6] preprocess view2/4 /nfs/pixal3d_trellis2mv_ref_v2/inputs/yoimiya_4view/Frame2.png (alpha/threshold matte, 1024 cascade)
[1/6] preprocess view3/4 /nfs/pixal3d_trellis2mv_ref_v2/inputs/yoimiya_4view/Frame3.png (alpha/threshold matte, 1024 cascade)
[1/6] preprocess view4/4 /nfs/pixal3d_trellis2mv_ref_v2/inputs/yoimiya_4view/Frame4.png (alpha/threshold matte, 1024 cascade)
[2/6] DINOv3 conditioning (per-view bank)
ggml_cuda_init: found 1 CUDA devices (Total VRAM: 81151 MiB):
  Device 0: NVIDIA A100-SXM4-80GB, compute capability 8.0, VMM: yes, VRAM: 81151 MiB
[trellis] using CUDA0: NVIDIA A100-SXM4-80GB (81151 MB) [auto]
      cond bank V=4 tokens=1029 / 1024-cond tokens=4101
      [stats] cond_512 view0 (DINOv3@512) n=1053696 mean=0.0000 std=1.0000 min=-29.333 max=24.911 nan/inf=0
      [stats] cond_1024 view0 (DINOv3@1024) n=4199424 mean=-0.0000 std=1.0000 min=-29.341 max=24.883 nan/inf=0
[3/6] sparse-structure flow + decode
      [stage] entering ss_flow DitRunner (V=4, mode=multidiffusion)
[trellis] using CUDA0: NVIDIA A100-SXM4-80GB (81151 MB) [auto]
      [flow-mv-step] i= 0 seq=-1 view=0/4 guided=1 pred[nonfinite=0/32768 max|finite|=10.9]
      [flow-mv-step] i= 1 seq=-1 view=0/4 guided=1 pred[nonfinite=0/32768 max|finite|=11.3]
      [flow-mv-step] i= 2 seq=-1 view=0/4 guided=1 pred[nonfinite=0/32768 max|finite|=12.3]
      [flow-mv-step] i= 3 seq=-1 view=0/4 guided=1 pred[nonfinite=0/32768 max|finite|=12]
      [flow-mv-step] i= 4 seq=-1 view=0/4 guided=1 pred[nonfinite=0/32768 max|finite|=9.72]
      [flow-mv-step] i= 5 seq=-1 view=0/4 guided=1 pred[nonfinite=0/32768 max|finite|=11.8]
      [flow-mv-step] i= 6 seq=-1 view=0/4 guided=1 pred[nonfinite=0/32768 max|finite|=13.3]
      [flow-mv-step] i= 7 seq=-1 view=0/4 guided=1 pred[nonfinite=0/32768 max|finite|=9.81]
      [flow-mv-step] i= 8 seq=-1 view=0/4 guided=1 pred[nonfinite=0/32768 max|finite|=10.7]
      [flow-mv-step] i= 9 seq=-1 view=0/4 guided=1 pred[nonfinite=0/32768 max|finite|=10.3]
      [flow-mv-step] i=10 seq=-1 view=0/4 guided=0 pred[nonfinite=0/32768 max|finite|=5.43]
      [flow-mv-step] i=11 seq=-1 view=0/4 guided=0 pred[nonfinite=0/32768 max|finite|=5.66]
      [flow-mv] 12 steps, 4 views, 58 forwards, mode=multidiffusion, 16.8s
[trellis] using CUDA0: NVIDIA A100-SXM4-80GB (81151 MB) [auto]
      active voxels @res32 = 956
[4/7] shape SLAT flow (LR 512 -> upsample -> HR 1024 cascade, max_tok=49152)
      [stage] entering /nfs/trellis2-mv/gguf-f16/shape_flow_512.gguf DitRunner (V=4, N=956, shape_stochastic_counter=0)
[trellis] using CUDA0: NVIDIA A100-SXM4-80GB (81151 MB) [auto]
      [flow-mv-step] i= 0 seq=-1 view=0/4 guided=1 pred[nonfinite=0/30592 max|finite|=10.7]
      [flow-mv-step] i= 1 seq=-1 view=0/4 guided=1 pred[nonfinite=0/30592 max|finite|=8.84]
      [flow-mv-step] i= 2 seq=-1 view=0/4 guided=1 pred[nonfinite=0/30592 max|finite|=9.5]
      [flow-mv-step] i= 3 seq=-1 view=0/4 guided=1 pred[nonfinite=0/30592 max|finite|=8.24]
      [flow-mv-step] i= 4 seq=-1 view=0/4 guided=1 pred[nonfinite=0/30592 max|finite|=8.33]
      [flow-mv-step] i= 5 seq=-1 view=0/4 guided=1 pred[nonfinite=0/30592 max|finite|=7.49]
      [flow-mv-step] i= 6 seq=-1 view=0/4 guided=1 pred[nonfinite=0/30592 max|finite|=9.95]
      [flow-mv-step] i= 7 seq=-1 view=0/4 guided=1 pred[nonfinite=0/30592 max|finite|=7.75]
      [flow-mv-step] i= 8 seq=-1 view=0/4 guided=1 pred[nonfinite=0/30592 max|finite|=6.42]
      [flow-mv-step] i= 9 seq=-1 view=0/4 guided=0 pred[nonfinite=0/30592 max|finite|=5.65]
      [flow-mv-step] i=10 seq=-1 view=0/4 guided=0 pred[nonfinite=0/30592 max|finite|=5.72]
      [flow-mv-step] i=11 seq=-1 view=0/4 guided=0 pred[nonfinite=0/30592 max|finite|=5.52]
      [flow-mv] 12 steps, 4 views, 57 forwards, mode=multidiffusion, 3.9s
      [stats] LR slat (res32, decodes OK via upsample) n=30592 mean=0.0154 std=5.5955 min=-28.957 max=25.122 nan/inf=0
[trellis] using CUDA0: NVIDIA A100-SXM4-80GB (81151 MB) [auto]
      upsampled coords @res512=344371 -> quantized @res1024 (grid 64) = 4242 tokens
      [stage] entering /nfs/trellis2-mv/gguf-f16/shape_flow_1024.gguf DitRunner (V=4, N=4242, shape_stochastic_counter=0)
[trellis] using CUDA0: NVIDIA A100-SXM4-80GB (81151 MB) [auto]
      [flow-mv-step] i= 0 seq=-1 view=0/4 guided=1 pred[nonfinite=0/135744 max|finite|=11.3]
      [flow-mv-step] i= 1 seq=-1 view=0/4 guided=1 pred[nonfinite=0/135744 max|finite|=11.6]
      [flow-mv-step] i= 2 seq=-1 view=0/4 guided=1 pred[nonfinite=0/135744 max|finite|=9.09]
      [flow-mv-step] i= 3 seq=-1 view=0/4 guided=1 pred[nonfinite=0/135744 max|finite|=7.95]
      [flow-mv-step] i= 4 seq=-1 view=0/4 guided=1 pred[nonfinite=0/135744 max|finite|=13]
      [flow-mv-step] i= 5 seq=-1 view=0/4 guided=1 pred[nonfinite=0/135744 max|finite|=11.9]
      [flow-mv-step] i= 6 seq=-1 view=0/4 guided=1 pred[nonfinite=0/135744 max|finite|=9.06]
      [flow-mv-step] i= 7 seq=-1 view=0/4 guided=1 pred[nonfinite=0/135744 max|finite|=8.56]
      [flow-mv-step] i= 8 seq=-1 view=0/4 guided=1 pred[nonfinite=0/135744 max|finite|=6.35]
      [flow-mv-step] i= 9 seq=-1 view=0/4 guided=0 pred[nonfinite=0/135744 max|finite|=5.76]
      [flow-mv-step] i=10 seq=-1 view=0/4 guided=0 pred[nonfinite=0/135744 max|finite|=5.7]
      [flow-mv-step] i=11 seq=-1 view=0/4 guided=0 pred[nonfinite=0/135744 max|finite|=5.37]
      [flow-mv] 12 steps, 4 views, 57 forwards, mode=multidiffusion, 22.5s
      [stats] HR slat n=135744 mean=-0.0330 std=5.3893 min=-22.860 max=23.079 nan/inf=0
[5/7] FlexiDualGrid shape decode -> mesh @res1024
[trellis] using CUDA0: NVIDIA A100-SXM4-80GB (81151 MB) [auto]
      decoded voxels @res1024 = 1364750
      mesh V=1364750 F=2739766
      filled 1914 small holes -> V=1366664 F=2751454
[6/7] texture SLAT flow + PBR decode
      [stats] tex branch: mixed=0 decoded_voxels=1364750 DENSE_TEX=9000000 tex_res=1024 RES=1024
      [stage] entering /nfs/trellis2-mv/gguf-f16/tex_flow_1024.gguf DitRunner (V=4, N=4242)
[trellis] using CUDA0: NVIDIA A100-SXM4-80GB (81151 MB) [auto]
      [stats] tex concat: tN=4242 tbank.size()=4 tlc=4101
      [stats] tex slat guide (tslat, fixed shape_slat_norm half of concat) n=135744 mean=0.0015 std=0.9619 min=-4.211 max=4.221 nan/inf=0
      [flow-mv-step] i= 0 seq=-1 view=0/4 guided=0 pred[nonfinite=0/135744 max|finite|=6.16]
      [flow-mv-step] i= 1 seq=-1 view=0/4 guided=0 pred[nonfinite=0/135744 max|finite|=6.83]
      [flow-mv-step] i= 2 seq=-1 view=0/4 guided=0 pred[nonfinite=0/135744 max|finite|=6.81]
      [flow-mv-step] i= 3 seq=-1 view=0/4 guided=1 pred[nonfinite=0/135744 max|finite|=6.85]
      [flow-mv-step] i= 4 seq=-1 view=0/4 guided=1 pred[nonfinite=0/135744 max|finite|=6.88]
      [flow-mv-step] i= 5 seq=-1 view=0/4 guided=1 pred[nonfinite=0/135744 max|finite|=6.88]
      [flow-mv-step] i= 6 seq=-1 view=0/4 guided=1 pred[nonfinite=0/135744 max|finite|=6.89]
      [flow-mv-step] i= 7 seq=-1 view=0/4 guided=1 pred[nonfinite=0/135744 max|finite|=6.86]
      [flow-mv-step] i= 8 seq=-1 view=0/4 guided=1 pred[nonfinite=0/135744 max|finite|=6.79]
      [flow-mv-step] i= 9 seq=-1 view=0/4 guided=0 pred[nonfinite=0/135744 max|finite|=6.67]
      [flow-mv-step] i=10 seq=-1 view=0/4 guided=0 pred[nonfinite=0/135744 max|finite|=6.42]
      [flow-mv-step] i=11 seq=-1 view=0/4 guided=0 pred[nonfinite=0/135744 max|finite|=6.07]
      [flow-mv] 12 steps, 4 views, 54 forwards, mode=multidiffusion, 21.2s
      [stats] tex slat (norm, sampler output) n=135744 mean=0.0231 std=1.2079 min=-4.222 max=4.472 nan/inf=0
      [stats] tex slat (denorm, tex_decode input) n=135744 mean=0.4292 std=3.4072 min=-10.436 max=12.137 nan/inf=0
[trellis] using CUDA0: NVIDIA A100-SXM4-80GB (81151 MB) [auto]
      [stats] tex_decode raw output (pbr, pre-clamp, [6,Mv]) n=8188500 mean=0.0229 std=0.9771 min=-1.114 max=1.110 nan/inf=0
      PBR voxels=1364750 @res1024
      [stats] tex_decode base color, post-clamp (colors, [3,Mv]) n=4094250 mean=0.0238 std=0.0337 min=0.000 max=0.889 nan/inf=0
[7/7] write /nfs/trellis2-mv/b3-diag/DIAG_B4_4view_multidiff/out.glb
  weld: V 1366664->1362073 (4591 near-duplicates merged, eps=0.00012)
  fill_holes: 1942 boundary loops filled (+8197 faces)
  remesh_dc: 2972264 active voxels -> V=2466139 F=4942840 (eps=0.001965, project_back=0.00)
    [clean] faces=4942840, flipped 0 for consistent winding
  remesh postproc: dropped 231 floater comps -> V=2357688 F=4726180
  decimate_qem_gpu(target=300000): V 2357688->143721, F 4726180->293438
  decimated postproc: dropped 9 more comps -> F=290888
  uv_bake: 2 components (0 tiny, 0 faces -> strip S=0), 0 duplicate faces dropped
  uv_bake: 3100 merge clusters
  uv_bake: 81 uncharted faces kept with point-collapsed UVs
  uv_bake: atlas 2048x2048 (xatlas 1227x1230), Vo=219436 Fo=290888
      textured GLB (atlas 2048, +/nfs/trellis2-mv/b3-diag/DIAG_B4_4view_multidiff/out_base.png)
done in 100.4s -> /nfs/trellis2-mv/b3-diag/DIAG_B4_4view_multidiff/out.glb (+ /nfs/trellis2-mv/b3-diag/DIAG_B4_4view_multidiff/out.ply)
