[trellis] generating model with seed 42
[trellis] TRELLIS.2 multiview: V=2 mode=stochastic
      view0 Frame1.png
      view1 Frame4.png
      (birefnet.gguf not found -- falling back to threshold matte; bright highlights may punch holes)
[1/6] preprocess view1/2 /nfs/pixal3d_trellis2mv_ref_v2/inputs/yoimiya_2view/Frame1.png (alpha/threshold matte, 1024 cascade)
[1/6] preprocess view2/2 /nfs/pixal3d_trellis2mv_ref_v2/inputs/yoimiya_2view/Frame4.png (alpha/threshold matte, 1024 cascade)
[2/6] DINOv3 conditioning (per-view bank)
ggml_cuda_init: found 1 CUDA devices (Total VRAM: 81151 MiB):
  Device 0: NVIDIA A100-SXM4-80GB, compute capability 8.0, VMM: yes, VRAM: 81151 MiB
[trellis] using CUDA0: NVIDIA A100-SXM4-80GB (81151 MB) [auto]
      cond bank V=2 tokens=1029 / 1024-cond tokens=4101
      [stats] cond_512 view0 (DINOv3@512) n=1053696 mean=0.0000 std=1.0000 min=-29.333 max=24.911 nan/inf=0
      [stats] cond_1024 view0 (DINOv3@1024) n=4199424 mean=-0.0000 std=1.0000 min=-29.341 max=24.883 nan/inf=0
[3/6] sparse-structure flow + decode
      [stage] entering ss_flow DitRunner (V=2, mode=stochastic)
[trellis] using CUDA0: NVIDIA A100-SXM4-80GB (81151 MB) [auto]
      [flow-mv-step] i= 0 seq=0 view=0/2 guided=1 pred[nonfinite=0/32768 max|finite|=8.6]
      [flow-mv-step] i= 1 seq=1 view=1/2 guided=1 pred[nonfinite=0/32768 max|finite|=12.7]
      [flow-mv-step] i= 2 seq=2 view=0/2 guided=1 pred[nonfinite=0/32768 max|finite|=11.9]
      [flow-mv-step] i= 3 seq=3 view=1/2 guided=1 pred[nonfinite=0/32768 max|finite|=13.9]
      [flow-mv-step] i= 4 seq=4 view=0/2 guided=1 pred[nonfinite=0/32768 max|finite|=9.68]
      [flow-mv-step] i= 5 seq=5 view=1/2 guided=1 pred[nonfinite=0/32768 max|finite|=13.3]
      [flow-mv-step] i= 6 seq=6 view=0/2 guided=1 pred[nonfinite=0/32768 max|finite|=12.7]
      [flow-mv-step] i= 7 seq=7 view=1/2 guided=1 pred[nonfinite=0/32768 max|finite|=11.7]
      [flow-mv-step] i= 8 seq=8 view=0/2 guided=1 pred[nonfinite=0/32768 max|finite|=9.54]
      [flow-mv-step] i= 9 seq=9 view=1/2 guided=1 pred[nonfinite=0/32768 max|finite|=15.8]
      [flow-mv-step] i=10 seq=10 view=0/2 guided=0 pred[nonfinite=0/32768 max|finite|=5.51]
      [flow-mv-step] i=11 seq=11 view=1/2 guided=0 pred[nonfinite=0/32768 max|finite|=5.61]
      [flow-mv] 12 steps, 2 views, 22 forwards, mode=stochastic, 6.4s
[trellis] using CUDA0: NVIDIA A100-SXM4-80GB (81151 MB) [auto]
      active voxels @res32 = 958
[4/7] shape SLAT flow (LR 512 -> upsample -> HR 1024 cascade, max_tok=49152)
      [stage] entering /nfs/trellis2-mv/gguf-f16/shape_flow_512.gguf DitRunner (V=2, N=958, shape_stochastic_counter=0)
[trellis] using CUDA0: NVIDIA A100-SXM4-80GB (81151 MB) [auto]
      [flow-mv-step] i= 0 seq=0 view=0/2 guided=1 pred[nonfinite=0/30656 max|finite|=10.5]
      [flow-mv-step] i= 1 seq=1 view=1/2 guided=1 pred[nonfinite=0/30656 max|finite|=14.7]
      [flow-mv-step] i= 2 seq=2 view=0/2 guided=1 pred[nonfinite=0/30656 max|finite|=11]
      [flow-mv-step] i= 3 seq=3 view=1/2 guided=1 pred[nonfinite=0/30656 max|finite|=12.4]
      [flow-mv-step] i= 4 seq=4 view=0/2 guided=1 pred[nonfinite=0/30656 max|finite|=8.88]
      [flow-mv-step] i= 5 seq=5 view=1/2 guided=1 pred[nonfinite=0/30656 max|finite|=8.53]
      [flow-mv-step] i= 6 seq=6 view=0/2 guided=1 pred[nonfinite=0/30656 max|finite|=8.89]
      [flow-mv-step] i= 7 seq=7 view=1/2 guided=1 pred[nonfinite=0/30656 max|finite|=9.28]
      [flow-mv-step] i= 8 seq=8 view=0/2 guided=1 pred[nonfinite=0/30656 max|finite|=7.8]
      [flow-mv-step] i= 9 seq=9 view=1/2 guided=0 pred[nonfinite=0/30656 max|finite|=5.12]
      [flow-mv-step] i=10 seq=10 view=0/2 guided=0 pred[nonfinite=0/30656 max|finite|=5.35]
      [flow-mv-step] i=11 seq=11 view=1/2 guided=0 pred[nonfinite=0/30656 max|finite|=5.51]
      [flow-mv] 12 steps, 2 views, 21 forwards, mode=stochastic, 1.4s
      [stats] LR slat (res32, decodes OK via upsample) n=30656 mean=-0.0126 std=5.6213 min=-22.696 max=23.593 nan/inf=0
[trellis] using CUDA0: NVIDIA A100-SXM4-80GB (81151 MB) [auto]
      upsampled coords @res512=352180 -> quantized @res1024 (grid 64) = 4340 tokens
      [stage] entering /nfs/trellis2-mv/gguf-f16/shape_flow_1024.gguf DitRunner (V=2, N=4340, shape_stochastic_counter=12)
[trellis] using CUDA0: NVIDIA A100-SXM4-80GB (81151 MB) [auto]
      [flow-mv-step] i= 0 seq=12 view=0/2 guided=1 pred[nonfinite=0/138880 max|finite|=11.6]
      [flow-mv-step] i= 1 seq=13 view=1/2 guided=1 pred[nonfinite=0/138880 max|finite|=12.4]
      [flow-mv-step] i= 2 seq=14 view=0/2 guided=1 pred[nonfinite=0/138880 max|finite|=11.2]
      [flow-mv-step] i= 3 seq=15 view=1/2 guided=1 pred[nonfinite=0/138880 max|finite|=11.3]
      [flow-mv-step] i= 4 seq=16 view=0/2 guided=1 pred[nonfinite=0/138880 max|finite|=14]
      [flow-mv-step] i= 5 seq=17 view=1/2 guided=1 pred[nonfinite=0/138880 max|finite|=8.27]
      [flow-mv-step] i= 6 seq=18 view=0/2 guided=1 pred[nonfinite=0/138880 max|finite|=9.62]
      [flow-mv-step] i= 7 seq=19 view=1/2 guided=1 pred[nonfinite=0/138880 max|finite|=6.87]
      [flow-mv-step] i= 8 seq=20 view=0/2 guided=1 pred[nonfinite=0/138880 max|finite|=7.01]
      [flow-mv-step] i= 9 seq=21 view=1/2 guided=0 pred[nonfinite=0/138880 max|finite|=6.96]
      [flow-mv-step] i=10 seq=22 view=0/2 guided=0 pred[nonfinite=0/138880 max|finite|=7.05]
      [flow-mv-step] i=11 seq=23 view=1/2 guided=0 pred[nonfinite=0/138880 max|finite|=6.89]
      [flow-mv] 12 steps, 2 views, 21 forwards, mode=stochastic, 8.3s
      [stats] HR slat n=138880 mean=-0.0507 std=5.4486 min=-22.834 max=22.490 nan/inf=0
[5/7] FlexiDualGrid shape decode -> mesh @res1024
[trellis] using CUDA0: NVIDIA A100-SXM4-80GB (81151 MB) [auto]
      decoded voxels @res1024 = 1436016
      mesh V=1436016 F=2892646
      filled 1979 small holes -> V=1437995 F=2904834
[6/7] texture SLAT flow + PBR decode
      [stats] tex branch: mixed=0 decoded_voxels=1436016 DENSE_TEX=9000000 tex_res=1024 RES=1024
      [stage] entering /nfs/trellis2-mv/gguf-f16/tex_flow_1024.gguf DitRunner (V=2, N=4340)
[trellis] using CUDA0: NVIDIA A100-SXM4-80GB (81151 MB) [auto]
      [stats] tex concat: tN=4340 tbank.size()=2 tlc=4101
      [stats] tex slat guide (tslat, fixed shape_slat_norm half of concat) n=138880 mean=-0.0017 std=0.9741 min=-4.153 max=4.147 nan/inf=0
      [flow-mv-step] i= 0 seq=0 view=0/2 guided=0 pred[nonfinite=0/138880 max|finite|=6.49]
      [flow-mv-step] i= 1 seq=1 view=1/2 guided=0 pred[nonfinite=0/138880 max|finite|=6.93]
      [flow-mv-step] i= 2 seq=2 view=0/2 guided=0 pred[nonfinite=0/138880 max|finite|=6.95]
      [flow-mv-step] i= 3 seq=3 view=1/2 guided=1 pred[nonfinite=0/138880 max|finite|=6.9]
      [flow-mv-step] i= 4 seq=4 view=0/2 guided=1 pred[nonfinite=0/138880 max|finite|=6.86]
      [flow-mv-step] i= 5 seq=5 view=1/2 guided=1 pred[nonfinite=0/138880 max|finite|=6.76]
      [flow-mv-step] i= 6 seq=6 view=0/2 guided=1 pred[nonfinite=0/138880 max|finite|=6.77]
      [flow-mv-step] i= 7 seq=7 view=1/2 guided=1 pred[nonfinite=0/138880 max|finite|=6.63]
      [flow-mv-step] i= 8 seq=8 view=0/2 guided=1 pred[nonfinite=0/138880 max|finite|=6.58]
      [flow-mv-step] i= 9 seq=9 view=1/2 guided=0 pred[nonfinite=0/138880 max|finite|=6.51]
      [flow-mv-step] i=10 seq=10 view=0/2 guided=0 pred[nonfinite=0/138880 max|finite|=6.27]
      [flow-mv-step] i=11 seq=11 view=1/2 guided=0 pred[nonfinite=0/138880 max|finite|=6.2]
      [flow-mv] 12 steps, 2 views, 12 forwards, mode=stochastic, 4.8s
      [stats] tex slat (norm, sampler output) n=138880 mean=0.0397 std=1.1600 min=-3.553 max=4.477 nan/inf=0
      [stats] tex slat (denorm, tex_decode input) n=138880 mean=0.4785 std=3.3011 min=-10.897 max=12.255 nan/inf=0
[trellis] using CUDA0: NVIDIA A100-SXM4-80GB (81151 MB) [auto]
      [stats] tex_decode raw output (pbr, pre-clamp, [6,Mv]) n=8616096 mean=0.0454 std=0.9565 min=-1.024 max=1.018 nan/inf=0
      PBR voxels=1436016 @res1024
      [stats] tex_decode base color, post-clamp (colors, [3,Mv]) n=4308048 mean=0.0454 std=0.0428 min=0.000 max=0.884 nan/inf=0
[7/7] write /nfs/trellis2-mv/b3-diag/DIAG_B1_2view_stochastic/out.glb
  weld: V 1437995->1432511 (5484 near-duplicates merged, eps=0.00012)
  fill_holes: 1986 boundary loops filled (+8338 faces)
  remesh_dc: 3089474 active voxels -> V=2549532 F=5112880 (eps=0.001965, project_back=0.00)
    [clean] faces=5112880, flipped 0 for consistent winding
  remesh postproc: dropped 214 floater comps -> V=2479252 F=4972460
  decimate_qem_gpu(target=300000): V 2479252->138977, F 4972460->285228
  weld: V 138977->138976 (1 near-duplicates merged, eps=0.00012)
  uv_bake: 2 components (0 tiny, 0 faces -> strip S=0), 0 duplicate faces dropped
  uv_bake: 3637 merge clusters
  uv_bake: 77 uncharted faces kept with point-collapsed UVs
  uv_bake: atlas 2048x2048 (xatlas 1229x1224), Vo=220089 Fo=285228
      textured GLB (atlas 2048, +/nfs/trellis2-mv/b3-diag/DIAG_B1_2view_stochastic/out_base.png)
done in 56.6s -> /nfs/trellis2-mv/b3-diag/DIAG_B1_2view_stochastic/out.glb (+ /nfs/trellis2-mv/b3-diag/DIAG_B1_2view_stochastic/out.ply)
