=== 11_img sv 2026-09-20T00:52:10+09:00
[estimated] preprocessed 908x1024 -> 1052x1052 RGBA
[estimated] camera metadata (mesh_scale=1)
[camera] loading MoGe-2 Ruicheng/moge-2-vitl on cuda
[camera] view=input.png fx_normalized=1.251560330
[camera] wrote /tmp/pixal3d-estimated-o9h1cmh5/camera_estimation.json
[camera] source=moge-2 fov=0.760152808 rad (43.554 deg) distance=1.251560330 mesh_scale=1
[camera] wrote /tmp/pixal3d-estimated-o9h1cmh5/transforms.json
[estimated] running single-view Pixal3D weights
[trellis] generating model with seed 42
[1/6] Pixal3D multiview: load /tmp/pixal3d-estimated-o9h1cmh5
      V=1 views, mesh_scale=1.0000
      flow weights: sv
[2/6] SS proj conditioning + flow
ggml_cuda_init: found 1 CUDA devices (Total VRAM: 24563 MiB):
  Device 0: NVIDIA GeForce RTX 4090, compute capability 8.9, VMM: yes, VRAM: 24563 MiB
      [flow] [....................]  0/12    0.0s  starting    
      [flow] [#...................]  1/12    0.3s  ~4s left    
      [flow] [###.................]  2/12    0.7s  ~3s left    
      [flow] [#####...............]  3/12    1.0s  ~3s left    
      [flow] [######..............]  4/12    1.3s  ~3s left    
      [flow] [########............]  5/12    1.7s  ~2s left    
      [flow] [##########..........]  6/12    2.0s  ~2s left    
      [flow] [###########.........]  7/12    2.4s  ~2s left    
      [flow] [#############.......]  8/12    2.8s  ~1s left    
      [flow] [###############.....]  9/12    3.1s  ~1s left    
      [flow] [################....] 10/12    3.4s  ~1s left    
      [flow] [##################..] 11/12    3.6s  ~0s left    
      [flow] [####################] 12/12    3.7s  ~0s left    
      [flow] 12 steps, 22 forwards, 3.7s
      active voxels @res32 = 2927  (6.3s)
[3/6] shape SLAT flow (LR 512 -> upsample -> HR 1024 cascade, max_tok=49152)
      [flow] [....................]  0/12    0.0s  starting    
      [flow] [#...................]  1/12    0.3s  ~4s left    
      [flow] [###.................]  2/12    0.5s  ~3s left    
      [flow] [#####...............]  3/12    0.8s  ~2s left    
      [flow] [######..............]  4/12    1.0s  ~2s left    
      [flow] [########............]  5/12    1.2s  ~2s left    
      [flow] [##########..........]  6/12    1.5s  ~1s left    
      [flow] [###########.........]  7/12    1.7s  ~1s left    
      [flow] [#############.......]  8/12    1.9s  ~1s left    
      [flow] [###############.....]  9/12    2.0s  ~1s left    
      [flow] [################....] 10/12    2.1s  ~0s left    
      [flow] [##################..] 11/12    2.2s  ~0s left    
      [flow] [####################] 12/12    2.4s  ~0s left    
      [flow] 12 steps, 20 forwards, 2.4s
      [stats] LR slat (res32, MV) n=93664 mean=-0.2923 std=6.0772 min=-27.217 max=27.435 nan/inf=0
      LR shape SLAT (6.6s)
      upsampled coords @res512=1256150 -> quantized @res1024 (grid 64, Pixal3D round/grid-1 formula) = 14224 tokens
      [flow] [....................]  0/12    0.0s  starting    
      [flow] [#...................]  1/12    2.4s  ~26s left   
      [flow] [###.................]  2/12    4.6s  ~23s left   
      [flow] [#####...............]  3/12    6.8s  ~20s left   
      [flow] [######..............]  4/12    9.0s  ~18s left   
      [flow] [########............]  5/12   11.2s  ~16s left   
      [flow] [##########..........]  6/12   13.4s  ~13s left   
      [flow] [###########.........]  7/12   15.6s  ~11s left   
      [flow] [#############.......]  8/12   17.8s  ~9s left    
      [flow] [###############.....]  9/12   18.9s  ~6s left    
      [flow] [################....] 10/12   20.0s  ~4s left    
      [flow] [##################..] 11/12   21.2s  ~2s left    
      [flow] [####################] 12/12   22.3s  ~0s left    
      [flow] 12 steps, 20 forwards, 22.3s
      [stats] HR slat (MV) n=455168 mean=-0.1034 std=5.5078 min=-28.699 max=27.779 nan/inf=0
      HR shape SLAT (41.4s)
[4/6] FlexiDualGrid shape decode -> mesh @res1024
      decoded voxels @res1024 = 4961611
      mesh V=4961611 F=10577278
      filled 6130 small holes -> V=4967741 F=10614386
      shape decode (19.1s)
[5/6] texture SLAT flow (HR 1024, NAF@1024) + PBR decode
      [flow] [....................]  0/12    0.0s  starting    
      [flow] [#...................]  1/12    1.4s  ~15s left   
      [flow] [###.................]  2/12    2.5s  ~13s left   
      [flow] [#####...............]  3/12    3.6s  ~11s left   
      [flow] [######..............]  4/12    4.7s  ~9s left    
      [flow] [########............]  5/12    5.8s  ~8s left    
      [flow] [##########..........]  6/12    6.9s  ~7s left    
      [flow] [###########.........]  7/12    8.0s  ~6s left    
      [flow] [#############.......]  8/12    9.1s  ~5s left    
      [flow] [###############.....]  9/12   10.2s  ~3s left    
      [flow] [################....] 10/12   11.3s  ~2s left    
      [flow] [##################..] 11/12   12.4s  ~1s left    
      [flow] [####################] 12/12   13.5s  ~0s left    
      [flow] 12 steps, 12 forwards, 13.5s
      PBR voxels=4961611 @res1024
      texture SLAT + decode (50.0s)
[6/6] write /mnt/hdd1/pixal3d/out/official/11_img/11_img.glb
  weld: V 4967741->4951380 (16361 near-duplicates merged, eps=0.00012)
  fill_holes: 5760 boundary loops filled (+28054 faces)
  remesh_dc: 12198128 active voxels -> V=8519780 F=17077400 (eps=0.0009794, project_back=0.00)
    [clean] faces=17077400, flipped 0 for consistent winding
  remesh postproc: dropped 1521 floater comps -> V=7463040 F=14955344
  decimate_qem_gpu(target=1000000): V 7463040->480901, F 14955344->981066
  weld: V 480901->480898 (3 near-duplicates merged, eps=0.00012)
  decimated postproc: dropped 10 more comps -> F=980668
  uv_bake: 1 components (0 tiny, 0 faces -> strip S=0), 0 duplicate faces dropped
  uv_bake: 13825 merge clusters
  uv_bake: 640 uncharted faces kept with point-collapsed UVs
  uv_bake: atlas 4096x4096 (xatlas 1252x1252), Vo=798295 Fo=980668
      textured GLB (atlas 4096, +/mnt/hdd1/pixal3d/out/official/11_img/11_img_base.png)
done in 235.0s -> /mnt/hdd1/pixal3d/out/official/11_img/11_img.glb (+ /mnt/hdd1/pixal3d/out/official/11_img/11_img.ply)
[estimated] wrote /mnt/hdd1/pixal3d/out/official/11_img/11_img.glb
sv rc=0 wall=248s
