=== 12_img sv 2026-09-20T00:56:18+09:00
[estimated] preprocessed 1024x961 -> 1050x1050 RGBA
[estimated] camera metadata (mesh_scale=1)
[camera] loading MoGe-2 Ruicheng/moge-2-vitl on cuda
[camera] view=input.png fx_normalized=1.803658128
[camera] wrote /tmp/pixal3d-estimated-rzu80icu/camera_estimation.json
[camera] source=moge-2 fov=0.540847501 rad (30.988 deg) distance=1.803658128 mesh_scale=1
[camera] wrote /tmp/pixal3d-estimated-rzu80icu/transforms.json
[estimated] running single-view Pixal3D weights
[trellis] generating model with seed 42
[1/6] Pixal3D multiview: load /tmp/pixal3d-estimated-rzu80icu
      V=1 views, mesh_scale=1.0000
      flow weights: sv
[2/6] SS proj conditioning + flow
ggml_cuda_init: found 1 CUDA devices (Total VRAM: 24563 MiB):
  Device 0: NVIDIA GeForce RTX 4090, compute capability 8.9, VMM: yes, VRAM: 24563 MiB
      [flow] [....................]  0/12    0.0s  starting    
      [flow] [#...................]  1/12    0.3s  ~4s left    
      [flow] [###.................]  2/12    0.7s  ~3s left    
      [flow] [#####...............]  3/12    1.0s  ~3s left    
      [flow] [######..............]  4/12    1.3s  ~3s left    
      [flow] [########............]  5/12    1.6s  ~2s left    
      [flow] [##########..........]  6/12    2.0s  ~2s left    
      [flow] [###########.........]  7/12    2.3s  ~2s left    
      [flow] [#############.......]  8/12    2.6s  ~1s left    
      [flow] [###############.....]  9/12    3.0s  ~1s left    
      [flow] [################....] 10/12    3.3s  ~1s left    
      [flow] [##################..] 11/12    3.4s  ~0s left    
      [flow] [####################] 12/12    3.6s  ~0s left    
      [flow] 12 steps, 22 forwards, 3.6s
      active voxels @res32 = 4497  (6.1s)
[3/6] shape SLAT flow (LR 512 -> upsample -> HR 1024 cascade, max_tok=49152)
      [flow] [....................]  0/12    0.0s  starting    
      [flow] [#...................]  1/12    0.5s  ~6s left    
      [flow] [###.................]  2/12    0.9s  ~4s left    
      [flow] [#####...............]  3/12    1.3s  ~4s left    
      [flow] [######..............]  4/12    1.6s  ~3s left    
      [flow] [########............]  5/12    2.0s  ~3s left    
      [flow] [##########..........]  6/12    2.4s  ~2s left    
      [flow] [###########.........]  7/12    2.8s  ~2s left    
      [flow] [#############.......]  8/12    3.1s  ~2s left    
      [flow] [###############.....]  9/12    3.3s  ~1s left    
      [flow] [################....] 10/12    3.5s  ~1s left    
      [flow] [##################..] 11/12    3.7s  ~0s left    
      [flow] [####################] 12/12    3.9s  ~0s left    
      [flow] 12 steps, 20 forwards, 3.9s
      [stats] LR slat (res32, MV) n=143904 mean=-0.2546 std=6.1649 min=-27.382 max=27.541 nan/inf=0
      LR shape SLAT (8.0s)
      upsampled coords @res512=1863254 -> quantized @res1024 (grid 64, Pixal3D round/grid-1 formula) = 19977 tokens
      [flow] [....................]  0/12    0.0s  starting    
      [flow] [#...................]  1/12    3.9s  ~42s left   
      [flow] [###.................]  2/12    7.6s  ~38s left   
      [flow] [#####...............]  3/12   11.3s  ~34s left   
      [flow] [######..............]  4/12   15.0s  ~30s left   
      [flow] [########............]  5/12   18.7s  ~26s left   
      [flow] [##########..........]  6/12   22.4s  ~22s left   
      [flow] [###########.........]  7/12   26.1s  ~19s left   
      [flow] [#############.......]  8/12   29.8s  ~15s left   
      [flow] [###############.....]  9/12   31.7s  ~11s left   
      [flow] [################....] 10/12   33.5s  ~7s left    
      [flow] [##################..] 11/12   35.4s  ~3s left    
      [flow] [####################] 12/12   37.3s  ~0s left    
      [flow] 12 steps, 20 forwards, 37.3s
      [stats] HR slat (MV) n=639264 mean=-0.1982 std=5.9484 min=-33.110 max=29.651 nan/inf=0
      HR shape SLAT (57.2s)
[4/6] FlexiDualGrid shape decode -> mesh @res1024
      decoded voxels @res1024 = 7975833
      mesh V=7975833 F=17577334
      filled 5196 small holes -> V=7981029 F=17611100
      shape decode (27.1s)
[5/6] texture SLAT flow (HR 1024, NAF@1024) + PBR decode
      [flow] [....................]  0/12    0.0s  starting    
      [flow] [#...................]  1/12    2.1s  ~24s left   
      [flow] [###.................]  2/12    4.0s  ~20s left   
      [flow] [#####...............]  3/12    5.8s  ~17s left   
      [flow] [######..............]  4/12    7.7s  ~15s left   
      [flow] [########............]  5/12    9.5s  ~13s left   
      [flow] [##########..........]  6/12   11.4s  ~11s left   
      [flow] [###########.........]  7/12   13.2s  ~9s left    
      [flow] [#############.......]  8/12   15.1s  ~8s left    
      [flow] [###############.....]  9/12   16.9s  ~6s left    
      [flow] [################....] 10/12   18.8s  ~4s left    
      [flow] [##################..] 11/12   20.6s  ~2s left    
      [flow] [####################] 12/12   22.5s  ~0s left    
      [flow] 12 steps, 12 forwards, 22.5s
      PBR voxels=7975833 @res1024
      texture SLAT + decode (63.5s)
[6/6] write /mnt/hdd1/pixal3d/out/official/12_img/12_img.glb
  weld: V 7981029->7943013 (38016 near-duplicates merged, eps=0.00012)
  fill_holes: 4546 boundary loops filled (+19532 faces)
  remesh_dc: 18141025 active voxels -> V=11885925 F=23796084 (eps=0.0009794, project_back=0.00)
    [clean] faces=23796084, flipped 0 for consistent winding
  remesh postproc: dropped 2197 floater comps -> V=10076168 F=20177616
  decimate_qem_gpu(target=1000000): V 10076168->456728, F 20177616->929542
  weld: V 456728->456722 (6 near-duplicates merged, eps=0.00012)
  decimated postproc: dropped 29 more comps -> F=909526
  uv_bake: 2 components (0 tiny, 0 faces -> strip S=0), 0 duplicate faces dropped
  uv_bake: 9110 merge clusters
  uv_bake: 548 uncharted faces kept with point-collapsed UVs
  uv_bake: atlas 4096x4096 (xatlas 1128x1125), Vo=656401 Fo=909526
      textured GLB (atlas 4096, +/mnt/hdd1/pixal3d/out/official/12_img/12_img_base.png)
done in 281.5s -> /mnt/hdd1/pixal3d/out/official/12_img/12_img.glb (+ /mnt/hdd1/pixal3d/out/official/12_img/12_img.ply)
[estimated] wrote /mnt/hdd1/pixal3d/out/official/12_img/12_img.glb
sv rc=0 wall=295s
