=== 17_img sv 2026-09-20T01:01:13+09:00
[estimated] preprocessed 737x1024 -> 1118x1118 RGBA
[estimated] camera metadata (mesh_scale=1)
[camera] loading MoGe-2 Ruicheng/moge-2-vitl on cuda
[camera] view=input.png fx_normalized=1.489557743
[camera] wrote /tmp/pixal3d-estimated-5_ygplkw/camera_estimation.json
[camera] source=moge-2 fov=0.647704340 rad (37.111 deg) distance=1.489557743 mesh_scale=1
[camera] wrote /tmp/pixal3d-estimated-5_ygplkw/transforms.json
[estimated] running single-view Pixal3D weights
[trellis] generating model with seed 42
[1/6] Pixal3D multiview: load /tmp/pixal3d-estimated-5_ygplkw
      V=1 views, mesh_scale=1.0000
      flow weights: sv
[2/6] SS proj conditioning + flow
ggml_cuda_init: found 1 CUDA devices (Total VRAM: 24563 MiB):
  Device 0: NVIDIA GeForce RTX 4090, compute capability 8.9, VMM: yes, VRAM: 24563 MiB
      [flow] [....................]  0/12    0.0s  starting    
      [flow] [#...................]  1/12    0.3s  ~4s left    
      [flow] [###.................]  2/12    0.7s  ~3s left    
      [flow] [#####...............]  3/12    1.0s  ~3s left    
      [flow] [######..............]  4/12    1.3s  ~3s left    
      [flow] [########............]  5/12    1.7s  ~2s left    
      [flow] [##########..........]  6/12    2.0s  ~2s left    
      [flow] [###########.........]  7/12    2.3s  ~2s left    
      [flow] [#############.......]  8/12    2.6s  ~1s left    
      [flow] [###############.....]  9/12    3.0s  ~1s left    
      [flow] [################....] 10/12    3.3s  ~1s left    
      [flow] [##################..] 11/12    3.4s  ~0s left    
      [flow] [####################] 12/12    3.6s  ~0s left    
      [flow] 12 steps, 22 forwards, 3.6s
      active voxels @res32 = 3103  (6.2s)
[3/6] shape SLAT flow (LR 512 -> upsample -> HR 1024 cascade, max_tok=49152)
      [flow] [....................]  0/12    0.0s  starting    
      [flow] [#...................]  1/12    0.4s  ~4s left    
      [flow] [###.................]  2/12    0.6s  ~3s left    
      [flow] [#####...............]  3/12    0.9s  ~3s left    
      [flow] [######..............]  4/12    1.1s  ~2s left    
      [flow] [########............]  5/12    1.4s  ~2s left    
      [flow] [##########..........]  6/12    1.6s  ~2s left    
      [flow] [###########.........]  7/12    1.9s  ~1s left    
      [flow] [#############.......]  8/12    2.1s  ~1s left    
      [flow] [###############.....]  9/12    2.2s  ~1s left    
      [flow] [################....] 10/12    2.4s  ~0s left    
      [flow] [##################..] 11/12    2.5s  ~0s left    
      [flow] [####################] 12/12    2.6s  ~0s left    
      [flow] 12 steps, 20 forwards, 2.6s
      [stats] LR slat (res32, MV) n=99296 mean=0.1149 std=5.6855 min=-22.983 max=26.224 nan/inf=0
      LR shape SLAT (6.8s)
      upsampled coords @res512=1404413 -> quantized @res1024 (grid 64, Pixal3D round/grid-1 formula) = 14168 tokens
      [flow] [....................]  0/12    0.0s  starting    
      [flow] [#...................]  1/12    2.3s  ~26s left   
      [flow] [###.................]  2/12    4.5s  ~23s left   
      [flow] [#####...............]  3/12    6.7s  ~20s left   
      [flow] [######..............]  4/12    8.9s  ~18s left   
      [flow] [########............]  5/12   11.1s  ~16s left   
      [flow] [##########..........]  6/12   13.3s  ~13s left   
      [flow] [###########.........]  7/12   15.5s  ~11s left   
      [flow] [#############.......]  8/12   17.7s  ~9s left    
      [flow] [###############.....]  9/12   18.8s  ~6s left    
      [flow] [################....] 10/12   19.9s  ~4s left    
      [flow] [##################..] 11/12   21.0s  ~2s left    
      [flow] [####################] 12/12   22.1s  ~0s left    
      [flow] 12 steps, 20 forwards, 22.1s
      [stats] HR slat (MV) n=453376 mean=0.1102 std=5.5335 min=-29.347 max=27.355 nan/inf=0
      HR shape SLAT (41.2s)
[4/6] FlexiDualGrid shape decode -> mesh @res1024
      decoded voxels @res1024 = 5615302
      mesh V=5615302 F=13490148
      filled 8777 small holes -> V=5624079 F=13543648
      shape decode (24.7s)
[5/6] texture SLAT flow (HR 1024, NAF@1024) + PBR decode
      [flow] [....................]  0/12    0.0s  starting    
      [flow] [#...................]  1/12    1.3s  ~14s left   
      [flow] [###.................]  2/12    2.4s  ~12s left   
      [flow] [#####...............]  3/12    3.5s  ~10s left   
      [flow] [######..............]  4/12    4.6s  ~9s left    
      [flow] [########............]  5/12    5.7s  ~8s left    
      [flow] [##########..........]  6/12    6.7s  ~7s left    
      [flow] [###########.........]  7/12    7.8s  ~6s left    
      [flow] [#############.......]  8/12    8.9s  ~4s left    
      [flow] [###############.....]  9/12   10.0s  ~3s left    
      [flow] [################....] 10/12   11.1s  ~2s left    
      [flow] [##################..] 11/12   12.2s  ~1s left    
      [flow] [####################] 12/12   13.3s  ~0s left    
      [flow] 12 steps, 12 forwards, 13.3s
      PBR voxels=5615302 @res1024
      texture SLAT + decode (51.0s)
[6/6] write /mnt/hdd1/pixal3d/out/official/17_img/17_img.glb
  weld: V 5624079->5605088 (18991 near-duplicates merged, eps=0.00012)
  fill_holes: 8734 boundary loops filled (+37499 faces)
  remesh_dc: 10987412 active voxels -> V=8813361 F=17697520 (eps=0.0009794, project_back=0.00)
    [clean] faces=17697520, flipped 0 for consistent winding
  remesh postproc: dropped 1002 floater comps -> V=8604184 F=17280020
  decimate_qem_gpu(target=1000000): V 8604184->486080, F 17280020->996416
  decimated postproc: dropped 35 more comps -> F=992694
  uv_bake: 1 components (0 tiny, 0 faces -> strip S=0), 0 duplicate faces dropped
  uv_bake: 20368 merge clusters
  uv_bake: 157 uncharted faces kept with point-collapsed UVs
  uv_bake: atlas 4096x4096 (xatlas 1351x1351), Vo=863103 Fo=992694
      textured GLB (atlas 4096, +/mnt/hdd1/pixal3d/out/official/17_img/17_img_base.png)
done in 249.3s -> /mnt/hdd1/pixal3d/out/official/17_img/17_img.glb (+ /mnt/hdd1/pixal3d/out/official/17_img/17_img.ply)
[estimated] wrote /mnt/hdd1/pixal3d/out/official/17_img/17_img.glb
sv rc=0 wall=262s
