=== 1_img sv 2026-09-20T01:05:35+09:00
[estimated] preprocessed 409x409 -> 428x428 RGBA
[estimated] camera metadata (mesh_scale=1)
[camera] loading MoGe-2 Ruicheng/moge-2-vitl on cuda
[camera] view=input.png fx_normalized=1.606744051
[camera] wrote /tmp/pixal3d-estimated-5yvpvjgv/camera_estimation.json
[camera] source=moge-2 fov=0.603378901 rad (34.571 deg) distance=1.606744051 mesh_scale=1
[camera] wrote /tmp/pixal3d-estimated-5yvpvjgv/transforms.json
[estimated] running single-view Pixal3D weights
[trellis] generating model with seed 42
[1/6] Pixal3D multiview: load /tmp/pixal3d-estimated-5yvpvjgv
      V=1 views, mesh_scale=1.0000
      flow weights: sv
[2/6] SS proj conditioning + flow
ggml_cuda_init: found 1 CUDA devices (Total VRAM: 24563 MiB):
  Device 0: NVIDIA GeForce RTX 4090, compute capability 8.9, VMM: yes, VRAM: 24563 MiB
      [flow] [....................]  0/12    0.0s  starting    
      [flow] [#...................]  1/12    0.3s  ~4s left    
      [flow] [###.................]  2/12    0.7s  ~3s left    
      [flow] [#####...............]  3/12    1.0s  ~3s left    
      [flow] [######..............]  4/12    1.3s  ~3s left    
      [flow] [########............]  5/12    1.7s  ~2s left    
      [flow] [##########..........]  6/12    2.0s  ~2s left    
      [flow] [###########.........]  7/12    2.3s  ~2s left    
      [flow] [#############.......]  8/12    2.6s  ~1s left    
      [flow] [###############.....]  9/12    3.0s  ~1s left    
      [flow] [################....] 10/12    3.3s  ~1s left    
      [flow] [##################..] 11/12    3.4s  ~0s left    
      [flow] [####################] 12/12    3.6s  ~0s left    
      [flow] 12 steps, 22 forwards, 3.6s
      active voxels @res32 = 2546  (6.1s)
[3/6] shape SLAT flow (LR 512 -> upsample -> HR 1024 cascade, max_tok=49152)
      [flow] [....................]  0/12    0.0s  starting    
      [flow] [#...................]  1/12    0.2s  ~3s left    
      [flow] [###.................]  2/12    0.4s  ~2s left    
      [flow] [#####...............]  3/12    0.6s  ~2s left    
      [flow] [######..............]  4/12    0.8s  ~2s left    
      [flow] [########............]  5/12    1.0s  ~1s left    
      [flow] [##########..........]  6/12    1.2s  ~1s left    
      [flow] [###########.........]  7/12    1.4s  ~1s left    
      [flow] [#############.......]  8/12    1.6s  ~1s left    
      [flow] [###############.....]  9/12    1.7s  ~1s left    
      [flow] [################....] 10/12    1.8s  ~0s left    
      [flow] [##################..] 11/12    1.9s  ~0s left    
      [flow] [####################] 12/12    2.0s  ~0s left    
      [flow] 12 steps, 20 forwards, 2.0s
      [stats] LR slat (res32, MV) n=81472 mean=-0.0448 std=5.8273 min=-23.494 max=27.847 nan/inf=0
      LR shape SLAT (6.1s)
      upsampled coords @res512=1097631 -> quantized @res1024 (grid 64, Pixal3D round/grid-1 formula) = 11277 tokens
      [flow] [....................]  0/12    0.0s  starting    
      [flow] [#...................]  1/12    1.7s  ~19s left   
      [flow] [###.................]  2/12    3.3s  ~16s left   
      [flow] [#####...............]  3/12    4.8s  ~14s left   
      [flow] [######..............]  4/12    6.4s  ~13s left   
      [flow] [########............]  5/12    7.9s  ~11s left   
      [flow] [##########..........]  6/12    9.5s  ~10s left   
      [flow] [###########.........]  7/12   11.1s  ~8s left    
      [flow] [#############.......]  8/12   12.6s  ~6s left    
      [flow] [###############.....]  9/12   13.4s  ~4s left    
      [flow] [################....] 10/12   14.2s  ~3s left    
      [flow] [##################..] 11/12   15.0s  ~1s left    
      [flow] [####################] 12/12   15.7s  ~0s left    
      [flow] 12 steps, 20 forwards, 15.7s
      [stats] HR slat (MV) n=360864 mean=-0.0208 std=5.5689 min=-31.251 max=24.939 nan/inf=0
      HR shape SLAT (34.0s)
[4/6] FlexiDualGrid shape decode -> mesh @res1024
      decoded voxels @res1024 = 4391769
      mesh V=4391769 F=9355744
      filled 6585 small holes -> V=4398354 F=9396232
      shape decode (20.7s)
[5/6] texture SLAT flow (HR 1024, NAF@1024) + PBR decode
      [flow] [....................]  0/12    0.0s  starting    
      [flow] [#...................]  1/12    0.9s  ~10s left   
      [flow] [###.................]  2/12    1.7s  ~9s left    
      [flow] [#####...............]  3/12    2.5s  ~7s left    
      [flow] [######..............]  4/12    3.3s  ~7s left    
      [flow] [########............]  5/12    4.0s  ~6s left    
      [flow] [##########..........]  6/12    4.8s  ~5s left    
      [flow] [###########.........]  7/12    5.6s  ~4s left    
      [flow] [#############.......]  8/12    6.4s  ~3s left    
      [flow] [###############.....]  9/12    7.2s  ~2s left    
      [flow] [################....] 10/12    7.9s  ~2s left    
      [flow] [##################..] 11/12    8.7s  ~1s left    
      [flow] [####################] 12/12    9.5s  ~0s left    
      [flow] 12 steps, 12 forwards, 9.5s
      PBR voxels=4391769 @res1024
      texture SLAT + decode (44.6s)
[6/6] write /mnt/hdd1/pixal3d/out/official/1_img/1_img.glb
  weld: V 4398354->4382278 (16076 near-duplicates merged, eps=0.00012)
  fill_holes: 6664 boundary loops filled (+29377 faces)
  remesh_dc: 9570049 active voxels -> V=7326941 F=14733612 (eps=0.0009794, project_back=0.00)
    [clean] faces=14733612, flipped 0 for consistent winding
  remesh postproc: dropped 1682 floater comps -> V=7176342 F=14436548
  decimate_qem_gpu(target=1000000): V 7176342->473902, F 14436548->982632
  weld: V 473902->473900 (2 near-duplicates merged, eps=0.00012)
  decimated postproc: dropped 66 more comps -> F=979060
  uv_bake: 1 components (0 tiny, 0 faces -> strip S=0), 0 duplicate faces dropped
  uv_bake: 24329 merge clusters
  uv_bake: 225 uncharted faces kept with point-collapsed UVs
  uv_bake: atlas 4096x4096 (xatlas 1381x1379), Vo=890587 Fo=979060
      textured GLB (atlas 4096, +/mnt/hdd1/pixal3d/out/official/1_img/1_img_base.png)
done in 231.8s -> /mnt/hdd1/pixal3d/out/official/1_img/1_img.glb (+ /mnt/hdd1/pixal3d/out/official/1_img/1_img.ply)
[estimated] wrote /mnt/hdd1/pixal3d/out/official/1_img/1_img.glb
sv rc=0 wall=244s
