=== 21_img sv 2026-09-20T01:09:39+09:00
[estimated] preprocessed 810x798 -> 808x808 RGBA
[estimated] camera metadata (mesh_scale=1)
[camera] loading MoGe-2 Ruicheng/moge-2-vitl on cuda
[camera] view=input.png fx_normalized=1.597681642
[camera] wrote /tmp/pixal3d-estimated-hbda45vm/camera_estimation.json
[camera] source=moge-2 fov=0.606595866 rad (34.755 deg) distance=1.597681642 mesh_scale=1
[camera] wrote /tmp/pixal3d-estimated-hbda45vm/transforms.json
[estimated] running single-view Pixal3D weights
[trellis] generating model with seed 42
[1/6] Pixal3D multiview: load /tmp/pixal3d-estimated-hbda45vm
      V=1 views, mesh_scale=1.0000
      flow weights: sv
[2/6] SS proj conditioning + flow
ggml_cuda_init: found 1 CUDA devices (Total VRAM: 24563 MiB):
  Device 0: NVIDIA GeForce RTX 4090, compute capability 8.9, VMM: yes, VRAM: 24563 MiB
      [flow] [....................]  0/12    0.0s  starting    
      [flow] [#...................]  1/12    0.3s  ~4s left    
      [flow] [###.................]  2/12    0.7s  ~3s left    
      [flow] [#####...............]  3/12    1.0s  ~3s left    
      [flow] [######..............]  4/12    1.3s  ~3s left    
      [flow] [########............]  5/12    1.7s  ~2s left    
      [flow] [##########..........]  6/12    2.0s  ~2s left    
      [flow] [###########.........]  7/12    2.3s  ~2s left    
      [flow] [#############.......]  8/12    2.6s  ~1s left    
      [flow] [###############.....]  9/12    3.0s  ~1s left    
      [flow] [################....] 10/12    3.3s  ~1s left    
      [flow] [##################..] 11/12    3.4s  ~0s left    
      [flow] [####################] 12/12    3.6s  ~0s left    
      [flow] 12 steps, 22 forwards, 3.6s
      active voxels @res32 = 2110  (6.1s)
[3/6] shape SLAT flow (LR 512 -> upsample -> HR 1024 cascade, max_tok=49152)
      [flow] [....................]  0/12    0.0s  starting    
      [flow] [#...................]  1/12    0.3s  ~4s left    
      [flow] [###.................]  2/12    0.5s  ~2s left    
      [flow] [#####...............]  3/12    0.6s  ~2s left    
      [flow] [######..............]  4/12    0.8s  ~2s left    
      [flow] [########............]  5/12    1.0s  ~1s left    
      [flow] [##########..........]  6/12    1.1s  ~1s left    
      [flow] [###########.........]  7/12    1.3s  ~1s left    
      [flow] [#############.......]  8/12    1.4s  ~1s left    
      [flow] [###############.....]  9/12    1.5s  ~1s left    
      [flow] [################....] 10/12    1.6s  ~0s left    
      [flow] [##################..] 11/12    1.7s  ~0s left    
      [flow] [####################] 12/12    1.7s  ~0s left    
      [flow] 12 steps, 20 forwards, 1.7s
      [stats] LR slat (res32, MV) n=67520 mean=-0.1914 std=6.1531 min=-25.568 max=24.037 nan/inf=0
      LR shape SLAT (5.9s)
      upsampled coords @res512=871995 -> quantized @res1024 (grid 64, Pixal3D round/grid-1 formula) = 9152 tokens
      [flow] [....................]  0/12    0.0s  starting    
      [flow] [#...................]  1/12    1.3s  ~14s left   
      [flow] [###.................]  2/12    2.4s  ~12s left   
      [flow] [#####...............]  3/12    3.5s  ~10s left   
      [flow] [######..............]  4/12    4.6s  ~9s left    
      [flow] [########............]  5/12    5.7s  ~8s left    
      [flow] [##########..........]  6/12    6.8s  ~7s left    
      [flow] [###########.........]  7/12    7.9s  ~6s left    
      [flow] [#############.......]  8/12    9.0s  ~5s left    
      [flow] [###############.....]  9/12    9.6s  ~3s left    
      [flow] [################....] 10/12   10.1s  ~2s left    
      [flow] [##################..] 11/12   10.7s  ~1s left    
      [flow] [####################] 12/12   11.2s  ~0s left    
      [flow] 12 steps, 20 forwards, 11.2s
      [stats] HR slat (MV) n=292864 mean=0.0106 std=5.7293 min=-26.339 max=27.829 nan/inf=0
      HR shape SLAT (29.0s)
[4/6] FlexiDualGrid shape decode -> mesh @res1024
      decoded voxels @res1024 = 3789266
      mesh V=3789266 F=8674096
      filled 3997 small holes -> V=3793263 F=8697846
      shape decode (15.7s)
[5/6] texture SLAT flow (HR 1024, NAF@1024) + PBR decode
      [flow] [....................]  0/12    0.0s  starting    
      [flow] [#...................]  1/12    0.8s  ~9s left    
      [flow] [###.................]  2/12    1.4s  ~7s left    
      [flow] [#####...............]  3/12    1.9s  ~6s left    
      [flow] [######..............]  4/12    2.5s  ~5s left    
      [flow] [########............]  5/12    3.0s  ~4s left    
      [flow] [##########..........]  6/12    3.6s  ~4s left    
      [flow] [###########.........]  7/12    4.1s  ~3s left    
      [flow] [#############.......]  8/12    4.7s  ~2s left    
      [flow] [###############.....]  9/12    5.3s  ~2s left    
      [flow] [################....] 10/12    5.8s  ~1s left    
      [flow] [##################..] 11/12    6.4s  ~1s left    
      [flow] [####################] 12/12    6.9s  ~0s left    
      [flow] 12 steps, 12 forwards, 6.9s
      PBR voxels=3789266 @res1024
      texture SLAT + decode (39.9s)
[6/6] write /mnt/hdd1/pixal3d/out/official/21_img/21_img.glb
  weld: V 3793263->3772421 (20842 near-duplicates merged, eps=0.00012)
  fill_holes: 4325 boundary loops filled (+17623 faces)
  remesh_dc: 6928684 active voxels -> V=5404911 F=10838352 (eps=0.0009794, project_back=0.00)
    [clean] faces=10838352, flipped 0 for consistent winding
  remesh postproc: dropped 1875 floater comps -> V=5117361 F=10266628
  decimate_qem_gpu(target=1000000): V 5117361->459805, F 10266628->939146
  weld: V 459805->459801 (4 near-duplicates merged, eps=0.00012)
  decimated postproc: dropped 41 more comps -> F=931842
  uv_bake: 1 components (0 tiny, 0 faces -> strip S=0), 0 duplicate faces dropped
  uv_bake: 11572 merge clusters
  uv_bake: 631 uncharted faces kept with point-collapsed UVs
  uv_bake: atlas 4096x4096 (xatlas 1330x1327), Vo=729799 Fo=931842
      textured GLB (atlas 4096, +/mnt/hdd1/pixal3d/out/official/21_img/21_img_base.png)
done in 180.0s -> /mnt/hdd1/pixal3d/out/official/21_img/21_img.glb (+ /mnt/hdd1/pixal3d/out/official/21_img/21_img.ply)
[estimated] wrote /mnt/hdd1/pixal3d/out/official/21_img/21_img.glb
sv rc=0 wall=193s
