=== 4_img sv 2026-09-20T01:16:02+09:00
[estimated] preprocessed 1024x1024 -> 1066x1066 RGBA
[estimated] camera metadata (mesh_scale=1)
[camera] loading MoGe-2 Ruicheng/moge-2-vitl on cuda
[camera] view=input.png fx_normalized=1.914223790
[camera] wrote /tmp/pixal3d-estimated-sryjb0pz/camera_estimation.json
[camera] source=moge-2 fov=0.510988134 rad (29.277 deg) distance=1.914223790 mesh_scale=1
[camera] wrote /tmp/pixal3d-estimated-sryjb0pz/transforms.json
[estimated] running single-view Pixal3D weights
[trellis] generating model with seed 42
[1/6] Pixal3D multiview: load /tmp/pixal3d-estimated-sryjb0pz
      V=1 views, mesh_scale=1.0000
      flow weights: sv
[2/6] SS proj conditioning + flow
ggml_cuda_init: found 1 CUDA devices (Total VRAM: 24563 MiB):
  Device 0: NVIDIA GeForce RTX 4090, compute capability 8.9, VMM: yes, VRAM: 24563 MiB
      [flow] [....................]  0/12    0.0s  starting    
      [flow] [#...................]  1/12    0.3s  ~4s left    
      [flow] [###.................]  2/12    0.7s  ~3s left    
      [flow] [#####...............]  3/12    1.0s  ~3s left    
      [flow] [######..............]  4/12    1.3s  ~3s left    
      [flow] [########............]  5/12    1.6s  ~2s left    
      [flow] [##########..........]  6/12    2.0s  ~2s left    
      [flow] [###########.........]  7/12    2.3s  ~2s left    
      [flow] [#############.......]  8/12    2.6s  ~1s left    
      [flow] [###############.....]  9/12    3.0s  ~1s left    
      [flow] [################....] 10/12    3.3s  ~1s left    
      [flow] [##################..] 11/12    3.4s  ~0s left    
      [flow] [####################] 12/12    3.6s  ~0s left    
      [flow] 12 steps, 22 forwards, 3.6s
      active voxels @res32 = 3219  (6.1s)
[3/6] shape SLAT flow (LR 512 -> upsample -> HR 1024 cascade, max_tok=49152)
      [flow] [....................]  0/12    0.0s  starting    
      [flow] [#...................]  1/12    0.4s  ~5s left    
      [flow] [###.................]  2/12    0.7s  ~3s left    
      [flow] [#####...............]  3/12    0.9s  ~3s left    
      [flow] [######..............]  4/12    1.2s  ~2s left    
      [flow] [########............]  5/12    1.4s  ~2s left    
      [flow] [##########..........]  6/12    1.7s  ~2s left    
      [flow] [###########.........]  7/12    1.9s  ~1s left    
      [flow] [#############.......]  8/12    2.2s  ~1s left    
      [flow] [###############.....]  9/12    2.3s  ~1s left    
      [flow] [################....] 10/12    2.5s  ~0s left    
      [flow] [##################..] 11/12    2.6s  ~0s left    
      [flow] [####################] 12/12    2.7s  ~0s left    
      [flow] 12 steps, 20 forwards, 2.7s
      [stats] LR slat (res32, MV) n=103008 mean=-0.0982 std=5.4911 min=-24.215 max=23.403 nan/inf=0
      LR shape SLAT (6.9s)
      upsampled coords @res512=1121579 -> quantized @res1024 (grid 64, Pixal3D round/grid-1 formula) = 14300 tokens
      [flow] [....................]  0/12    0.0s  starting    
      [flow] [#...................]  1/12    2.5s  ~27s left   
      [flow] [###.................]  2/12    4.7s  ~23s left   
      [flow] [#####...............]  3/12    6.9s  ~21s left   
      [flow] [######..............]  4/12    9.0s  ~18s left   
      [flow] [########............]  5/12   11.2s  ~16s left   
      [flow] [##########..........]  6/12   13.4s  ~13s left   
      [flow] [###########.........]  7/12   15.6s  ~11s left   
      [flow] [#############.......]  8/12   17.8s  ~9s left    
      [flow] [###############.....]  9/12   18.9s  ~6s left    
      [flow] [################....] 10/12   20.0s  ~4s left    
      [flow] [##################..] 11/12   21.1s  ~2s left    
      [flow] [####################] 12/12   22.2s  ~0s left    
      [flow] 12 steps, 20 forwards, 22.2s
      [stats] HR slat (MV) n=457600 mean=-0.0628 std=5.3979 min=-23.154 max=27.724 nan/inf=0
      HR shape SLAT (41.0s)
[4/6] FlexiDualGrid shape decode -> mesh @res1024
      decoded voxels @res1024 = 4344730
      mesh V=4344730 F=8743882
      filled 4160 small holes -> V=4348890 F=8769216
      shape decode (17.1s)
[5/6] texture SLAT flow (HR 1024, NAF@1024) + PBR decode
      [flow] [....................]  0/12    0.0s  starting    
      [flow] [#...................]  1/12    1.3s  ~14s left   
      [flow] [###.................]  2/12    2.4s  ~12s left   
      [flow] [#####...............]  3/12    3.5s  ~10s left   
      [flow] [######..............]  4/12    4.6s  ~9s left    
      [flow] [########............]  5/12    5.7s  ~8s left    
      [flow] [##########..........]  6/12    7.1s  ~7s left    
      [flow] [###########.........]  7/12    8.2s  ~6s left    
      [flow] [#############.......]  8/12    9.3s  ~5s left    
      [flow] [###############.....]  9/12   10.4s  ~3s left    
      [flow] [################....] 10/12   11.5s  ~2s left    
      [flow] [##################..] 11/12   12.6s  ~1s left    
      [flow] [####################] 12/12   13.7s  ~0s left    
      [flow] 12 steps, 12 forwards, 13.7s
      PBR voxels=4344730 @res1024
      texture SLAT + decode (49.1s)
[6/6] write /mnt/hdd1/pixal3d/out/official/4_img/4_img.glb
  weld: V 4348890->4336978 (11912 near-duplicates merged, eps=0.00012)
  fill_holes: 6149 boundary loops filled (+25420 faces)
  remesh_dc: 9916230 active voxels -> V=8382460 F=16785276 (eps=0.0009794, project_back=0.00)
    [clean] faces=16785276, flipped 0 for consistent winding
  remesh postproc: dropped 170 floater comps -> V=8257067 F=16531952
  decimate_qem_gpu(target=1000000): V 8257067->488657, F 16531952->988770
  weld: V 488657->488649 (8 near-duplicates merged, eps=0.00012)
  decimated postproc: dropped 7 more comps -> F=984714
  uv_bake: 1 components (0 tiny, 0 faces -> strip S=0), 0 duplicate faces dropped
  uv_bake: 6112 merge clusters
  uv_bake: 999 uncharted faces kept with point-collapsed UVs
  uv_bake: atlas 4096x4096 (xatlas 1203x1208), Vo=725979 Fo=984714
      textured GLB (atlas 4096, +/mnt/hdd1/pixal3d/out/official/4_img/4_img_base.png)
done in 214.5s -> /mnt/hdd1/pixal3d/out/official/4_img/4_img.glb (+ /mnt/hdd1/pixal3d/out/official/4_img/4_img.ply)
[estimated] wrote /mnt/hdd1/pixal3d/out/official/4_img/4_img.glb
sv rc=0 wall=227s
