=== 5_img sv 2026-09-20T01:30:10+09:00
[estimated] preprocessed 894x894 -> 894x894 RGBA
[estimated] camera metadata (mesh_scale=1)
[camera] loading MoGe-2 Ruicheng/moge-2-vitl on cuda
[camera] view=input.png fx_normalized=2.850967646
[camera] wrote /tmp/pixal3d-estimated-hpyz3ack/camera_estimation.json
[camera] source=moge-2 fov=0.347226860 rad (19.895 deg) distance=2.850967646 mesh_scale=1
[camera] wrote /tmp/pixal3d-estimated-hpyz3ack/transforms.json
[estimated] running single-view Pixal3D weights
[trellis] generating model with seed 42
[1/6] Pixal3D multiview: load /tmp/pixal3d-estimated-hpyz3ack
      V=1 views, mesh_scale=1.0000
      flow weights: sv
[2/6] SS proj conditioning + flow
ggml_cuda_init: found 1 CUDA devices (Total VRAM: 24563 MiB):
  Device 0: NVIDIA GeForce RTX 4090, compute capability 8.9, VMM: yes, VRAM: 24563 MiB
      [flow] [....................]  0/12    0.0s  starting    
      [flow] [#...................]  1/12    0.3s  ~4s left    
      [flow] [###.................]  2/12    0.9s  ~5s left    
      [flow] [#####...............]  3/12    1.3s  ~4s left    
      [flow] [######..............]  4/12    1.6s  ~3s left    
      [flow] [########............]  5/12    1.9s  ~3s left    
      [flow] [##########..........]  6/12    2.2s  ~2s left    
      [flow] [###########.........]  7/12    2.6s  ~2s left    
      [flow] [#############.......]  8/12    2.9s  ~1s left    
      [flow] [###############.....]  9/12    3.2s  ~1s left    
      [flow] [################....] 10/12    3.5s  ~1s left    
      [flow] [##################..] 11/12    3.7s  ~0s left    
      [flow] [####################] 12/12    3.9s  ~0s left    
      [flow] 12 steps, 22 forwards, 3.9s
      active voxels @res32 = 3601  (6.4s)
[3/6] shape SLAT flow (LR 512 -> upsample -> HR 1024 cascade, max_tok=49152)
      [flow] [....................]  0/12    0.0s  starting    
      [flow] [#...................]  1/12    0.4s  ~4s left    
      [flow] [###.................]  2/12    0.6s  ~3s left    
      [flow] [#####...............]  3/12    0.9s  ~3s left    
      [flow] [######..............]  4/12    1.2s  ~2s left    
      [flow] [########............]  5/12    1.5s  ~2s left    
      [flow] [##########..........]  6/12    1.8s  ~2s left    
      [flow] [###########.........]  7/12    2.1s  ~1s left    
      [flow] [#############.......]  8/12    2.4s  ~1s left    
      [flow] [###############.....]  9/12    2.5s  ~1s left    
      [flow] [################....] 10/12    2.7s  ~1s left    
      [flow] [##################..] 11/12    2.8s  ~0s left    
      [flow] [####################] 12/12    3.0s  ~0s left    
      [flow] 12 steps, 20 forwards, 3.0s
      [stats] LR slat (res32, MV) n=115232 mean=-0.1246 std=6.0164 min=-28.007 max=30.217 nan/inf=0
      LR shape SLAT (7.1s)
      upsampled coords @res512=1762659 -> quantized @res1024 (grid 64, Pixal3D round/grid-1 formula) = 16439 tokens
      [flow] [....................]  0/12    0.0s  starting    
      [flow] [#...................]  1/12    3.0s  ~34s left   
      [flow] [###.................]  2/12    5.9s  ~29s left   
      [flow] [#####...............]  3/12    8.7s  ~26s left   
      [flow] [######..............]  4/12   11.6s  ~23s left   
      [flow] [########............]  5/12   14.4s  ~20s left   
      [flow] [##########..........]  6/12   17.3s  ~17s left   
      [flow] [###########.........]  7/12   20.1s  ~14s left   
      [flow] [#############.......]  8/12   23.0s  ~11s left   
      [flow] [###############.....]  9/12   24.4s  ~8s left    
      [flow] [################....] 10/12   25.8s  ~5s left    
      [flow] [##################..] 11/12   27.3s  ~2s left    
      [flow] [####################] 12/12   28.7s  ~0s left    
      [flow] 12 steps, 20 forwards, 28.7s
      [stats] HR slat (MV) n=526048 mean=-0.1017 std=5.7643 min=-30.595 max=28.733 nan/inf=0
      HR shape SLAT (48.2s)
[4/6] FlexiDualGrid shape decode -> mesh @res1024
      decoded voxels @res1024 = 7319703
      mesh V=7319703 F=19428988
      filled 8551 small holes -> V=7328254 F=19480706
      shape decode (28.7s)
[5/6] texture SLAT flow (HR 1024, NAF@1024) + PBR decode
      [flow] [....................]  0/12    0.0s  starting    
      [flow] [#...................]  1/12    1.6s  ~17s left   
      [flow] [###.................]  2/12    3.0s  ~15s left   
      [flow] [#####...............]  3/12    4.4s  ~13s left   
      [flow] [######..............]  4/12    5.8s  ~12s left   
      [flow] [########............]  5/12    7.2s  ~10s left   
      [flow] [##########..........]  6/12    8.6s  ~9s left    
      [flow] [###########.........]  7/12   10.0s  ~7s left    
      [flow] [#############.......]  8/12   11.5s  ~6s left    
      [flow] [###############.....]  9/12   12.9s  ~4s left    
      [flow] [################....] 10/12   14.3s  ~3s left    
      [flow] [##################..] 11/12   15.7s  ~1s left    
      [flow] [####################] 12/12   17.1s  ~0s left    
      [flow] 12 steps, 12 forwards, 17.1s
      PBR voxels=7319703 @res1024
      texture SLAT + decode (56.4s)
[6/6] write /mnt/hdd1/pixal3d/out/official/5_img/5_img.glb
  weld: V 7328254->7296767 (31487 near-duplicates merged, eps=0.00012)
  fill_holes: 4466 boundary loops filled (+18661 faces)
  remesh_dc: 12811900 active voxels -> V=10029963 F=20132220 (eps=0.0009794, project_back=0.00)
    [clean] faces=20132220, flipped 0 for consistent winding
  remesh postproc: dropped 2853 floater comps -> V=9576639 F=19223812
  decimate_qem_gpu(target=1000000): V 9576639->466766, F 19223812->958684
  weld: V 466766->466765 (1 near-duplicates merged, eps=0.00012)
  decimated postproc: dropped 116 more comps -> F=939556
  uv_bake: 1 components (0 tiny, 0 faces -> strip S=0), 0 duplicate faces dropped
  uv_bake: 18285 merge clusters
  uv_bake: 179 uncharted faces kept with point-collapsed UVs
  uv_bake: atlas 4096x4096 (xatlas 1294x1294), Vo=795420 Fo=939556
      textured GLB (atlas 4096, +/mnt/hdd1/pixal3d/out/official/5_img/5_img_base.png)
done in 291.3s -> /mnt/hdd1/pixal3d/out/official/5_img/5_img.glb (+ /mnt/hdd1/pixal3d/out/official/5_img/5_img.ply)
[estimated] wrote /mnt/hdd1/pixal3d/out/official/5_img/5_img.glb
sv rc=0 wall=304s
