=== 6_img sv 2026-09-20T01:35:14+09:00
[estimated] preprocessed 1024x989 -> 1046x1046 RGBA
[estimated] camera metadata (mesh_scale=1)
[camera] loading MoGe-2 Ruicheng/moge-2-vitl on cuda
[camera] view=input.png fx_normalized=1.021983027
[camera] wrote /tmp/pixal3d-estimated-3ie5m7f1/camera_estimation.json
[camera] source=moge-2 fov=0.910013163 rad (52.140 deg) distance=1.021983027 mesh_scale=1
[camera] wrote /tmp/pixal3d-estimated-3ie5m7f1/transforms.json
[estimated] running single-view Pixal3D weights
[trellis] generating model with seed 42
[1/6] Pixal3D multiview: load /tmp/pixal3d-estimated-3ie5m7f1
      V=1 views, mesh_scale=1.0000
      flow weights: sv
[2/6] SS proj conditioning + flow
ggml_cuda_init: found 1 CUDA devices (Total VRAM: 24563 MiB):
  Device 0: NVIDIA GeForce RTX 4090, compute capability 8.9, VMM: yes, VRAM: 24563 MiB
      [flow] [....................]  0/12    0.0s  starting    
      [flow] [#...................]  1/12    0.3s  ~4s left    
      [flow] [###.................]  2/12    0.7s  ~3s left    
      [flow] [#####...............]  3/12    1.0s  ~3s left    
      [flow] [######..............]  4/12    1.3s  ~3s left    
      [flow] [########............]  5/12    1.7s  ~2s left    
      [flow] [##########..........]  6/12    2.0s  ~2s left    
      [flow] [###########.........]  7/12    2.3s  ~2s left    
      [flow] [#############.......]  8/12    2.6s  ~1s left    
      [flow] [###############.....]  9/12    3.0s  ~1s left    
      [flow] [################....] 10/12    3.3s  ~1s left    
      [flow] [##################..] 11/12    3.5s  ~0s left    
      [flow] [####################] 12/12    3.6s  ~0s left    
      [flow] 12 steps, 22 forwards, 3.6s
      active voxels @res32 = 4261  (6.1s)
[3/6] shape SLAT flow (LR 512 -> upsample -> HR 1024 cascade, max_tok=49152)
      [flow] [....................]  0/12    0.0s  starting    
      [flow] [#...................]  1/12    0.4s  ~5s left    
      [flow] [###.................]  2/12    0.8s  ~4s left    
      [flow] [#####...............]  3/12    1.1s  ~3s left    
      [flow] [######..............]  4/12    1.5s  ~3s left    
      [flow] [########............]  5/12    1.8s  ~3s left    
      [flow] [##########..........]  6/12    2.2s  ~2s left    
      [flow] [###########.........]  7/12    2.6s  ~2s left    
      [flow] [#############.......]  8/12    2.9s  ~1s left    
      [flow] [###############.....]  9/12    3.1s  ~1s left    
      [flow] [################....] 10/12    3.3s  ~1s left    
      [flow] [##################..] 11/12    3.4s  ~0s left    
      [flow] [####################] 12/12    3.6s  ~0s left    
      [flow] 12 steps, 20 forwards, 3.6s
      [stats] LR slat (res32, MV) n=136352 mean=-0.3222 std=5.7585 min=-23.856 max=25.511 nan/inf=0
      LR shape SLAT (8.0s)
      upsampled coords @res512=1744147 -> quantized @res1024 (grid 64, Pixal3D round/grid-1 formula) = 20549 tokens
      [flow] [....................]  0/12    0.0s  starting    
      [flow] [#...................]  1/12    4.3s  ~47s left   
      [flow] [###.................]  2/12    8.3s  ~41s left   
      [flow] [#####...............]  3/12   12.2s  ~37s left   
      [flow] [######..............]  4/12   16.2s  ~32s left   
      [flow] [########............]  5/12   20.2s  ~28s left   
      [flow] [##########..........]  6/12   24.2s  ~24s left   
      [flow] [###########.........]  7/12   28.2s  ~20s left   
      [flow] [#############.......]  8/12   32.1s  ~16s left   
      [flow] [###############.....]  9/12   34.1s  ~11s left   
      [flow] [################....] 10/12   36.1s  ~7s left    
      [flow] [##################..] 11/12   38.1s  ~3s left    
      [flow] [####################] 12/12   40.1s  ~0s left    
      [flow] 12 steps, 20 forwards, 40.1s
      [stats] HR slat (MV) n=657568 mean=0.0230 std=5.4690 min=-26.408 max=31.255 nan/inf=0
      HR shape SLAT (60.8s)
[4/6] FlexiDualGrid shape decode -> mesh @res1024
      decoded voxels @res1024 = 6865870
      mesh V=6865870 F=13873916
      filled 12845 small holes -> V=6878715 F=13953386
      shape decode (26.4s)
[5/6] texture SLAT flow (HR 1024, NAF@1024) + PBR decode
      [flow] [....................]  0/12    0.0s  starting    
      [flow] [#...................]  1/12    2.2s  ~25s left   
      [flow] [###.................]  2/12    4.2s  ~21s left   
      [flow] [#####...............]  3/12    6.2s  ~19s left   
      [flow] [######..............]  4/12    8.2s  ~16s left   
      [flow] [########............]  5/12   10.1s  ~14s left   
      [flow] [##########..........]  6/12   12.1s  ~12s left   
      [flow] [###########.........]  7/12   14.1s  ~10s left   
      [flow] [#############.......]  8/12   16.1s  ~8s left    
      [flow] [###############.....]  9/12   18.1s  ~6s left    
      [flow] [################....] 10/12   20.0s  ~4s left    
      [flow] [##################..] 11/12   22.0s  ~2s left    
      [flow] [####################] 12/12   24.0s  ~0s left    
      [flow] 12 steps, 12 forwards, 24.0s
      PBR voxels=6865870 @res1024
      texture SLAT + decode (63.5s)
[6/6] write /mnt/hdd1/pixal3d/out/official/6_img/6_img.glb
  weld: V 6878715->6844750 (33965 near-duplicates merged, eps=0.00012)
  fill_holes: 13256 boundary loops filled (+57907 faces)
  remesh_dc: 15455335 active voxels -> V=12908849 F=25899720 (eps=0.0009794, project_back=0.00)
    [clean] faces=25899720, flipped 0 for consistent winding
  remesh postproc: dropped 1214 floater comps -> V=12473909 F=25034452
  decimate_qem_gpu(target=1000000): V 12473909->468119, F 25034452->964530
  weld: V 468119->468118 (1 near-duplicates merged, eps=0.00012)
  decimated postproc: dropped 18 more comps -> F=963106
  uv_bake: 1 components (0 tiny, 0 faces -> strip S=0), 0 duplicate faces dropped
  uv_bake: 19236 merge clusters
  uv_bake: 120 uncharted faces kept with point-collapsed UVs
  uv_bake: atlas 4096x4096 (xatlas 1331x1330), Vo=804819 Fo=963106
      textured GLB (atlas 4096, +/mnt/hdd1/pixal3d/out/official/6_img/6_img_base.png)
done in 290.8s -> /mnt/hdd1/pixal3d/out/official/6_img/6_img.glb (+ /mnt/hdd1/pixal3d/out/official/6_img/6_img.ply)
[estimated] wrote /mnt/hdd1/pixal3d/out/official/6_img/6_img.glb
sv rc=0 wall=304s
