=== 7_img sv 2026-09-20T01:40:19+09:00
[estimated] preprocessed 949x1024 -> 1048x1048 RGBA
[estimated] camera metadata (mesh_scale=1)
[camera] loading MoGe-2 Ruicheng/moge-2-vitl on cuda
[camera] view=input.png fx_normalized=1.304308534
[camera] wrote /tmp/pixal3d-estimated-odxsvlv3/camera_estimation.json
[camera] source=moge-2 fov=0.732133169 rad (41.948 deg) distance=1.304308534 mesh_scale=1
[camera] wrote /tmp/pixal3d-estimated-odxsvlv3/transforms.json
[estimated] running single-view Pixal3D weights
[trellis] generating model with seed 42
[1/6] Pixal3D multiview: load /tmp/pixal3d-estimated-odxsvlv3
      V=1 views, mesh_scale=1.0000
      flow weights: sv
[2/6] SS proj conditioning + flow
ggml_cuda_init: found 1 CUDA devices (Total VRAM: 24563 MiB):
  Device 0: NVIDIA GeForce RTX 4090, compute capability 8.9, VMM: yes, VRAM: 24563 MiB
      [flow] [....................]  0/12    0.0s  starting    
      [flow] [#...................]  1/12    0.3s  ~4s left    
      [flow] [###.................]  2/12    0.7s  ~3s left    
      [flow] [#####...............]  3/12    1.0s  ~3s left    
      [flow] [######..............]  4/12    1.3s  ~3s left    
      [flow] [########............]  5/12    1.7s  ~2s left    
      [flow] [##########..........]  6/12    2.0s  ~2s left    
      [flow] [###########.........]  7/12    2.3s  ~2s left    
      [flow] [#############.......]  8/12    2.6s  ~1s left    
      [flow] [###############.....]  9/12    3.0s  ~1s left    
      [flow] [################....] 10/12    3.3s  ~1s left    
      [flow] [##################..] 11/12    3.4s  ~0s left    
      [flow] [####################] 12/12    3.6s  ~0s left    
      [flow] 12 steps, 22 forwards, 3.6s
      active voxels @res32 = 2648  (6.1s)
[3/6] shape SLAT flow (LR 512 -> upsample -> HR 1024 cascade, max_tok=49152)
      [flow] [....................]  0/12    0.0s  starting    
      [flow] [#...................]  1/12    0.4s  ~4s left    
      [flow] [###.................]  2/12    0.6s  ~3s left    
      [flow] [#####...............]  3/12    0.8s  ~2s left    
      [flow] [######..............]  4/12    1.0s  ~2s left    
      [flow] [########............]  5/12    1.2s  ~2s left    
      [flow] [##########..........]  6/12    1.4s  ~1s left    
      [flow] [###########.........]  7/12    1.6s  ~1s left    
      [flow] [#############.......]  8/12    1.8s  ~1s left    
      [flow] [###############.....]  9/12    1.9s  ~1s left    
      [flow] [################....] 10/12    2.0s  ~0s left    
      [flow] [##################..] 11/12    2.1s  ~0s left    
      [flow] [####################] 12/12    2.2s  ~0s left    
      [flow] 12 steps, 20 forwards, 2.2s
      [stats] LR slat (res32, MV) n=84736 mean=-0.1428 std=6.0294 min=-25.922 max=27.421 nan/inf=0
      LR shape SLAT (6.5s)
      upsampled coords @res512=785766 -> quantized @res1024 (grid 64, Pixal3D round/grid-1 formula) = 10137 tokens
      [flow] [....................]  0/12    0.0s  starting    
      [flow] [#...................]  1/12    1.5s  ~16s left   
      [flow] [###.................]  2/12    2.8s  ~14s left   
      [flow] [#####...............]  3/12    4.1s  ~12s left   
      [flow] [######..............]  4/12    5.5s  ~11s left   
      [flow] [########............]  5/12    6.8s  ~9s left    
      [flow] [##########..........]  6/12    8.1s  ~8s left    
      [flow] [###########.........]  7/12    9.4s  ~7s left    
      [flow] [#############.......]  8/12   10.7s  ~5s left    
      [flow] [###############.....]  9/12   11.4s  ~4s left    
      [flow] [################....] 10/12   12.1s  ~2s left    
      [flow] [##################..] 11/12   12.7s  ~1s left    
      [flow] [####################] 12/12   13.4s  ~0s left    
      [flow] 12 steps, 20 forwards, 13.4s
      [stats] HR slat (MV) n=324384 mean=0.0823 std=5.7345 min=-25.920 max=29.196 nan/inf=0
      HR shape SLAT (31.3s)
[4/6] FlexiDualGrid shape decode -> mesh @res1024
      decoded voxels @res1024 = 3148086
      mesh V=3148086 F=6975724
      filled 3010 small holes -> V=3151096 F=6993756
      shape decode (14.0s)
[5/6] texture SLAT flow (HR 1024, NAF@1024) + PBR decode
      [flow] [....................]  0/12    0.0s  starting    
      [flow] [#...................]  1/12    0.9s  ~9s left    
      [flow] [###.................]  2/12    1.5s  ~8s left    
      [flow] [#####...............]  3/12    2.2s  ~7s left    
      [flow] [######..............]  4/12    2.8s  ~6s left    
      [flow] [########............]  5/12    3.5s  ~5s left    
      [flow] [##########..........]  6/12    4.1s  ~4s left    
      [flow] [###########.........]  7/12    4.8s  ~3s left    
      [flow] [#############.......]  8/12    5.5s  ~3s left    
      [flow] [###############.....]  9/12    6.1s  ~2s left    
      [flow] [################....] 10/12    6.8s  ~1s left    
      [flow] [##################..] 11/12    7.4s  ~1s left    
      [flow] [####################] 12/12    8.1s  ~0s left    
      [flow] 12 steps, 12 forwards, 8.1s
      PBR voxels=3148086 @res1024
      texture SLAT + decode (40.4s)
[6/6] write /mnt/hdd1/pixal3d/out/official/7_img/7_img.glb
  weld: V 3151096->3095042 (56054 near-duplicates merged, eps=0.00012)
  fill_holes: 3008 boundary loops filled (+12540 faces)
  remesh_dc: 6188812 active voxels -> V=5127719 F=10273060 (eps=0.0009794, project_back=0.00)
    [clean] faces=10273060, flipped 0 for consistent winding
  remesh postproc: dropped 788 floater comps -> V=4768944 F=9557160
  decimate_qem_gpu(target=1000000): V 4768944->455546, F 9557160->921796
  weld: V 455546->455541 (5 near-duplicates merged, eps=0.00012)
  decimated postproc: dropped 22 more comps -> F=920324
  uv_bake: 1 components (0 tiny, 0 faces -> strip S=0), 0 duplicate faces dropped
  uv_bake: 9985 merge clusters
  uv_bake: 406 uncharted faces kept with point-collapsed UVs
  uv_bake: atlas 4096x4096 (xatlas 1319x1323), Vo=724745 Fo=920324
      textured GLB (atlas 4096, +/mnt/hdd1/pixal3d/out/official/7_img/7_img_base.png)
done in 171.6s -> /mnt/hdd1/pixal3d/out/official/7_img/7_img.glb (+ /mnt/hdd1/pixal3d/out/official/7_img/7_img.ply)
[estimated] wrote /mnt/hdd1/pixal3d/out/official/7_img/7_img.glb
sv rc=0 wall=185s
