=== 9_img sv 2026-09-20T01:43:23+09:00
[estimated] preprocessed 704x704 -> 704x704 RGBA
[estimated] camera metadata (mesh_scale=1)
[camera] loading MoGe-2 Ruicheng/moge-2-vitl on cuda
[camera] view=input.png fx_normalized=3.040520906
[camera] wrote /tmp/pixal3d-estimated-7wr3ddmd/camera_estimation.json
[camera] source=moge-2 fov=0.325973546 rad (18.677 deg) distance=3.040520906 mesh_scale=1
[camera] wrote /tmp/pixal3d-estimated-7wr3ddmd/transforms.json
[estimated] running single-view Pixal3D weights
[trellis] generating model with seed 42
[1/6] Pixal3D multiview: load /tmp/pixal3d-estimated-7wr3ddmd
      V=1 views, mesh_scale=1.0000
      flow weights: sv
[2/6] SS proj conditioning + flow
ggml_cuda_init: found 1 CUDA devices (Total VRAM: 24563 MiB):
  Device 0: NVIDIA GeForce RTX 4090, compute capability 8.9, VMM: yes, VRAM: 24563 MiB
      [flow] [....................]  0/12    0.0s  starting    
      [flow] [#...................]  1/12    0.3s  ~4s left    
      [flow] [###.................]  2/12    0.7s  ~3s left    
      [flow] [#####...............]  3/12    1.0s  ~3s left    
      [flow] [######..............]  4/12    1.3s  ~3s left    
      [flow] [########............]  5/12    1.7s  ~2s left    
      [flow] [##########..........]  6/12    2.0s  ~2s left    
      [flow] [###########.........]  7/12    2.3s  ~2s left    
      [flow] [#############.......]  8/12    2.6s  ~1s left    
      [flow] [###############.....]  9/12    3.0s  ~1s left    
      [flow] [################....] 10/12    3.3s  ~1s left    
      [flow] [##################..] 11/12    3.4s  ~0s left    
      [flow] [####################] 12/12    3.6s  ~0s left    
      [flow] 12 steps, 22 forwards, 3.6s
      active voxels @res32 = 4237  (6.1s)
[3/6] shape SLAT flow (LR 512 -> upsample -> HR 1024 cascade, max_tok=49152)
      [flow] [....................]  0/12    0.0s  starting    
      [flow] [#...................]  1/12    0.4s  ~4s left    
      [flow] [###.................]  2/12    0.7s  ~4s left    
      [flow] [#####...............]  3/12    1.1s  ~3s left    
      [flow] [######..............]  4/12    1.4s  ~3s left    
      [flow] [########............]  5/12    1.8s  ~3s left    
      [flow] [##########..........]  6/12    2.2s  ~2s left    
      [flow] [###########.........]  7/12    2.5s  ~2s left    
      [flow] [#############.......]  8/12    2.9s  ~1s left    
      [flow] [###############.....]  9/12    3.0s  ~1s left    
      [flow] [################....] 10/12    3.2s  ~1s left    
      [flow] [##################..] 11/12    3.4s  ~0s left    
      [flow] [####################] 12/12    3.6s  ~0s left    
      [flow] 12 steps, 20 forwards, 3.6s
      [stats] LR slat (res32, MV) n=135584 mean=-0.1388 std=5.8381 min=-24.805 max=24.522 nan/inf=0
      LR shape SLAT (7.8s)
      upsampled coords @res512=1981004 -> quantized @res1024 (grid 64, Pixal3D round/grid-1 formula) = 20408 tokens
      [flow] [....................]  0/12    0.0s  starting    
      [flow] [#...................]  1/12    4.1s  ~45s left   
      [flow] [###.................]  2/12    8.0s  ~40s left   
      [flow] [#####...............]  3/12   11.9s  ~36s left   
      [flow] [######..............]  4/12   15.8s  ~32s left   
      [flow] [########............]  5/12   19.7s  ~28s left   
      [flow] [##########..........]  6/12   23.6s  ~24s left   
      [flow] [###########.........]  7/12   27.5s  ~20s left   
      [flow] [#############.......]  8/12   31.4s  ~16s left   
      [flow] [###############.....]  9/12   33.3s  ~11s left   
      [flow] [################....] 10/12   35.3s  ~7s left    
      [flow] [##################..] 11/12   37.2s  ~3s left    
      [flow] [####################] 12/12   39.2s  ~0s left    
      [flow] 12 steps, 20 forwards, 39.2s
      [stats] HR slat (MV) n=653056 mean=-0.0280 std=5.6344 min=-26.344 max=27.924 nan/inf=0
      HR shape SLAT (59.5s)
[4/6] FlexiDualGrid shape decode -> mesh @res1024
      decoded voxels @res1024 = 7936117
      mesh V=7936117 F=16794922
      filled 11203 small holes -> V=7947320 F=16863580
      shape decode (30.9s)
[5/6] texture SLAT flow (HR 1024, NAF@1024) + PBR decode
      [flow] [....................]  0/12    0.0s  starting    
      [flow] [#...................]  1/12    2.2s  ~24s left   
      [flow] [###.................]  2/12    4.1s  ~21s left   
      [flow] [#####...............]  3/12    6.1s  ~18s left   
      [flow] [######..............]  4/12    8.0s  ~16s left   
      [flow] [########............]  5/12   10.0s  ~14s left   
      [flow] [##########..........]  6/12   12.0s  ~12s left   
      [flow] [###########.........]  7/12   13.9s  ~10s left   
      [flow] [#############.......]  8/12   15.9s  ~8s left    
      [flow] [###############.....]  9/12   17.8s  ~6s left    
      [flow] [################....] 10/12   19.8s  ~4s left    
      [flow] [##################..] 11/12   21.7s  ~2s left    
      [flow] [####################] 12/12   23.7s  ~0s left    
      [flow] 12 steps, 12 forwards, 23.7s
      PBR voxels=7936117 @res1024
      texture SLAT + decode (65.4s)
[6/6] write /mnt/hdd1/pixal3d/out/official/9_img/9_img.glb
  weld: V 7947320->7910109 (37211 near-duplicates merged, eps=0.00012)
  fill_holes: 12947 boundary loops filled (+54680 faces)
  remesh_dc: 16572147 active voxels -> V=13817020 F=27725408 (eps=0.0009794, project_back=0.00)
    [clean] faces=27725408, flipped 0 for consistent winding
  remesh postproc: dropped 1316 floater comps -> V=13346427 F=26785872
  decimate_qem_gpu(target=1000000): V 13346427->467907, F 26785872->963428
  weld: V 467907->467906 (1 near-duplicates merged, eps=0.00012)
  decimated postproc: dropped 59 more comps -> F=959696
  uv_bake: 1 components (0 tiny, 0 faces -> strip S=0), 0 duplicate faces dropped
  uv_bake: 19234 merge clusters
  uv_bake: 102 uncharted faces kept with point-collapsed UVs
  uv_bake: atlas 4096x4096 (xatlas 1328x1331), Vo=803831 Fo=959696
      textured GLB (atlas 4096, +/mnt/hdd1/pixal3d/out/official/9_img/9_img_base.png)
done in 308.4s -> /mnt/hdd1/pixal3d/out/official/9_img/9_img.glb (+ /mnt/hdd1/pixal3d/out/official/9_img/9_img.ply)
[estimated] wrote /mnt/hdd1/pixal3d/out/official/9_img/9_img.glb
sv rc=0 wall=322s
