=== mv_example mv 2026-09-20T00:31:20+09:00
[trellis] generating model with seed 42
[1/6] Pixal3D multiview: load /mnt/hdd1/pixal3d/Pixal3D/assets/mv_images/example
      V=4 views, mesh_scale=1.0000
      flow weights: mv
[2/6] SS proj conditioning + flow
ggml_cuda_init: found 1 CUDA devices (Total VRAM: 24563 MiB):
  Device 0: NVIDIA GeForce RTX 4090, compute capability 8.9, VMM: yes, VRAM: 24563 MiB
      [flow] [....................]  0/12    0.0s  starting    
      [flow] [#...................]  1/12    0.4s  ~4s left    
      [flow] [###.................]  2/12    0.7s  ~3s left    
      [flow] [#####...............]  3/12    1.0s  ~3s left    
      [flow] [######..............]  4/12    1.3s  ~3s left    
      [flow] [########............]  5/12    1.7s  ~2s left    
      [flow] [##########..........]  6/12    2.0s  ~2s left    
      [flow] [###########.........]  7/12    2.3s  ~2s left    
      [flow] [#############.......]  8/12    2.6s  ~1s left    
      [flow] [###############.....]  9/12    3.0s  ~1s left    
      [flow] [################....] 10/12    3.3s  ~1s left    
      [flow] [##################..] 11/12    3.5s  ~0s left    
      [flow] [####################] 12/12    3.6s  ~0s left    
      [flow] 12 steps, 22 forwards, 3.6s
      active voxels @res32 = 4380  (10.9s)
[3/6] shape SLAT flow (LR 512 -> upsample -> HR 1024 cascade, max_tok=49152)
      [flow] [....................]  0/12    0.0s  starting    
      [flow] [#...................]  1/12    0.6s  ~7s left    
      [flow] [###.................]  2/12    1.0s  ~5s left    
      [flow] [#####...............]  3/12    1.3s  ~4s left    
      [flow] [######..............]  4/12    1.7s  ~3s left    
      [flow] [########............]  5/12    2.1s  ~3s left    
      [flow] [##########..........]  6/12    2.4s  ~2s left    
      [flow] [###########.........]  7/12    2.8s  ~2s left    
      [flow] [#############.......]  8/12    3.2s  ~2s left    
      [flow] [###############.....]  9/12    3.4s  ~1s left    
      [flow] [################....] 10/12    3.5s  ~1s left    
      [flow] [##################..] 11/12    3.7s  ~0s left    
      [flow] [####################] 12/12    3.9s  ~0s left    
      [flow] 12 steps, 20 forwards, 3.9s
      [stats] LR slat (res32, MV) n=140160 mean=-0.3584 std=5.4328 min=-23.706 max=24.541 nan/inf=0
      LR shape SLAT (19.6s)
      upsampled coords @res512=1181586 -> quantized @res1024 (grid 64, Pixal3D round/grid-1 formula) = 17565 tokens
      [flow] [....................]  0/12    0.0s  starting    
      [flow] [#...................]  1/12    7.0s  ~77s left   
      [flow] [###.................]  2/12   16.2s  ~81s left   
      [flow] [#####...............]  3/12   20.5s  ~61s left   
      [flow] [######..............]  4/12   24.0s  ~48s left   
      [flow] [########............]  5/12   27.1s  ~38s left   
      [flow] [##########..........]  6/12   30.5s  ~30s left   
      [flow] [###########.........]  7/12   34.0s  ~24s left   
      [flow] [#############.......]  8/12   37.1s  ~19s left   
      [flow] [###############.....]  9/12   39.0s  ~13s left   
      [flow] [################....] 10/12   40.9s  ~8s left    
      [flow] [##################..] 11/12   42.5s  ~4s left    
      [flow] [####################] 12/12   44.0s  ~0s left    
      [flow] 12 steps, 20 forwards, 44.0s
      [stats] HR slat (MV) n=562080 mean=-0.1032 std=5.1351 min=-23.077 max=24.466 nan/inf=0
      HR shape SLAT (92.5s)
[4/6] FlexiDualGrid shape decode -> mesh @res1024
      decoded voxels @res1024 = 4635560
      mesh V=4635560 F=9278346
      filled 3461 small holes -> V=4639021 F=9299424
      shape decode (20.9s)
[5/6] texture SLAT flow (HR 1024, NAF@1024) + PBR decode
      [flow] [....................]  0/12    0.0s  starting    
      [flow] [#...................]  1/12    4.3s  ~47s left   
      [flow] [###.................]  2/12    7.1s  ~36s left   
      [flow] [#####...............]  3/12    9.0s  ~27s left   
      [flow] [######..............]  4/12   10.5s  ~21s left   
      [flow] [########............]  5/12   12.5s  ~17s left   
      [flow] [##########..........]  6/12   14.0s  ~14s left   
      [flow] [###########.........]  7/12   15.6s  ~11s left   
      [flow] [#############.......]  8/12   17.1s  ~9s left    
      [flow] [###############.....]  9/12   18.9s  ~6s left    
      [flow] [################....] 10/12   20.9s  ~4s left    
      [flow] [##################..] 11/12   22.4s  ~2s left    
      [flow] [####################] 12/12   24.0s  ~0s left    
      [flow] 12 steps, 12 forwards, 24.0s
      PBR voxels=4635560 @res1024
      texture SLAT + decode (115.3s)
[6/6] write /mnt/hdd1/pixal3d/out/official/mv_example/mv_example.glb
  weld: V 4639021->4634356 (4665 near-duplicates merged, eps=0.00012)
  fill_holes: 3856 boundary loops filled (+15805 faces)
  remesh_dc: 11790229 active voxels -> V=9175234 F=18357008 (eps=0.0009794, project_back=0.00)
    [clean] faces=18357008, flipped 0 for consistent winding
  remesh postproc: dropped 12 floater comps -> V=9002083 F=18010264
  decimate_qem_gpu(target=1000000): V 9002083->492998, F 18010264->988814
  weld: V 492998->492996 (2 near-duplicates merged, eps=0.00012)
  decimated postproc: dropped 2 more comps -> F=985344
  uv_bake: 1 components (0 tiny, 0 faces -> strip S=0), 0 duplicate faces dropped
  uv_bake: 1314 merge clusters
  uv_bake: 964 uncharted faces kept with point-collapsed UVs
  uv_bake: atlas 4096x4096 (xatlas 1178x1172), Vo=665319 Fo=985344
      textured GLB (atlas 4096, +/mnt/hdd1/pixal3d/out/official/mv_example/mv_example_base.png)
done in 384.5s -> /mnt/hdd1/pixal3d/out/official/mv_example/mv_example.glb (+ /mnt/hdd1/pixal3d/out/official/mv_example/mv_example.ply)
mv rc=0 wall=386s
