=== s_13_img sv 2026-09-20T01:52:44+09:00
[trellis] generating model with seed 1199533350 (auto)
[1/6] preprocess /mnt/hdd1/pixal3d/out/official/stage/s_13_img.png (BiRefNet bg removal, 1024 cascade)
ggml_cuda_init: found 1 CUDA devices (Total VRAM: 24563 MiB):
  Device 0: NVIDIA GeForce RTX 4090, compute capability 8.9, VMM: yes, VRAM: 24563 MiB
      bg-removal cutout -> /mnt/hdd1/pixal3d/out/official/s_13_img/s_13_img_cutout.png
[bg-only] done (13.3s)
bg rc=0
[estimated] preprocessed 1024x1024 -> 1022x1022 RGBA
[estimated] camera metadata (mesh_scale=1)
[camera] loading MoGe-2 Ruicheng/moge-2-vitl on cuda
[camera] view=input.png fx_normalized=1.367810488
[camera] wrote /tmp/pixal3d-estimated-p8e9w_0v/camera_estimation.json
[camera] source=moge-2 fov=0.700916190 rad (40.160 deg) distance=1.367810488 mesh_scale=1
[camera] wrote /tmp/pixal3d-estimated-p8e9w_0v/transforms.json
[estimated] running single-view Pixal3D weights
[trellis] generating model with seed 42
[1/6] Pixal3D multiview: load /tmp/pixal3d-estimated-p8e9w_0v
      V=1 views, mesh_scale=1.0000
      flow weights: sv
[2/6] SS proj conditioning + flow
ggml_cuda_init: found 1 CUDA devices (Total VRAM: 24563 MiB):
  Device 0: NVIDIA GeForce RTX 4090, compute capability 8.9, VMM: yes, VRAM: 24563 MiB
      [flow] [....................]  0/12    0.0s  starting    
      [flow] [#...................]  1/12    0.3s  ~4s left    
      [flow] [###.................]  2/12    0.7s  ~3s left    
      [flow] [#####...............]  3/12    1.0s  ~3s left    
      [flow] [######..............]  4/12    1.3s  ~3s left    
      [flow] [########............]  5/12    1.7s  ~2s left    
      [flow] [##########..........]  6/12    2.0s  ~2s left    
      [flow] [###########.........]  7/12    2.3s  ~2s left    
      [flow] [#############.......]  8/12    2.6s  ~1s left    
      [flow] [###############.....]  9/12    3.0s  ~1s left    
      [flow] [################....] 10/12    3.3s  ~1s left    
      [flow] [##################..] 11/12    3.4s  ~0s left    
      [flow] [####################] 12/12    3.6s  ~0s left    
      [flow] 12 steps, 22 forwards, 3.6s
      active voxels @res32 = 1800  (6.1s)
[3/6] shape SLAT flow (LR 512 -> upsample -> HR 1024 cascade, max_tok=49152)
      [flow] [....................]  0/12    0.0s  starting    
      [flow] [#...................]  1/12    0.2s  ~2s left    
      [flow] [###.................]  2/12    0.3s  ~2s left    
      [flow] [#####...............]  3/12    0.5s  ~1s left    
      [flow] [######..............]  4/12    0.6s  ~1s left    
      [flow] [########............]  5/12    0.7s  ~1s left    
      [flow] [##########..........]  6/12    0.9s  ~1s left    
      [flow] [###########.........]  7/12    1.0s  ~1s left    
      [flow] [#############.......]  8/12    1.1s  ~1s left    
      [flow] [###############.....]  9/12    1.2s  ~0s left    
      [flow] [################....] 10/12    1.3s  ~0s left    
      [flow] [##################..] 11/12    1.4s  ~0s left    
      [flow] [####################] 12/12    1.4s  ~0s left    
      [flow] 12 steps, 20 forwards, 1.4s
      [stats] LR slat (res32, MV) n=57600 mean=-0.2231 std=6.1318 min=-28.426 max=25.947 nan/inf=0
      LR shape SLAT (5.6s)
      upsampled coords @res512=715912 -> quantized @res1024 (grid 64, Pixal3D round/grid-1 formula) = 7924 tokens
      [flow] [....................]  0/12    0.0s  starting    
      [flow] [#...................]  1/12    1.0s  ~11s left   
      [flow] [###.................]  2/12    1.9s  ~9s left    
      [flow] [#####...............]  3/12    2.7s  ~8s left    
      [flow] [######..............]  4/12    3.6s  ~7s left    
      [flow] [########............]  5/12    4.4s  ~6s left    
      [flow] [##########..........]  6/12    5.3s  ~5s left    
      [flow] [###########.........]  7/12    6.1s  ~4s left    
      [flow] [#############.......]  8/12    7.0s  ~3s left    
      [flow] [###############.....]  9/12    7.4s  ~2s left    
      [flow] [################....] 10/12    7.8s  ~2s left    
      [flow] [##################..] 11/12    8.2s  ~1s left    
      [flow] [####################] 12/12    8.7s  ~0s left    
      [flow] 12 steps, 20 forwards, 8.7s
      [stats] HR slat (MV) n=253568 mean=-0.1730 std=5.8769 min=-29.746 max=30.283 nan/inf=0
      HR shape SLAT (26.3s)
[4/6] FlexiDualGrid shape decode -> mesh @res1024
      decoded voxels @res1024 = 2933689
      mesh V=2933689 F=6716798
      filled 2789 small holes -> V=2936478 F=6734146
      shape decode (12.6s)
[5/6] texture SLAT flow (HR 1024, NAF@1024) + PBR decode
      [flow] [....................]  0/12    0.0s  starting    
      [flow] [#...................]  1/12    0.6s  ~7s left    
      [flow] [###.................]  2/12    1.1s  ~5s left    
      [flow] [#####...............]  3/12    1.5s  ~4s left    
      [flow] [######..............]  4/12    1.9s  ~4s left    
      [flow] [########............]  5/12    2.3s  ~3s left    
      [flow] [##########..........]  6/12    2.8s  ~3s left    
      [flow] [###########.........]  7/12    3.2s  ~2s left    
      [flow] [#############.......]  8/12    3.6s  ~2s left    
      [flow] [###############.....]  9/12    4.0s  ~1s left    
      [flow] [################....] 10/12    4.4s  ~1s left    
      [flow] [##################..] 11/12    4.9s  ~0s left    
      [flow] [####################] 12/12    5.3s  ~0s left    
      [flow] 12 steps, 12 forwards, 5.3s
      PBR voxels=2933689 @res1024
      texture SLAT + decode (36.9s)
[6/6] write /mnt/hdd1/pixal3d/out/official/s_13_img/s_13_img.glb
  weld: V 2936478->2916483 (19995 near-duplicates merged, eps=0.00012)
  fill_holes: 1846 boundary loops filled (+7723 faces)
  remesh_dc: 6748647 active voxels -> V=4764007 F=9539104 (eps=0.0009794, project_back=0.00)
    [clean] faces=9539104, flipped 0 for consistent winding
  remesh postproc: dropped 339 floater comps -> V=4609828 F=9229296
  decimate_qem_gpu(target=1000000): V 4609828->496595, F 9229296->998040
  weld: V 496595->496590 (5 near-duplicates merged, eps=0.00012)
  decimated postproc: dropped 5 more comps -> F=982970
  uv_bake: 6 components (0 tiny, 0 faces -> strip S=0), 0 duplicate faces dropped
  uv_bake: 4151 merge clusters
  uv_bake: 1425 uncharted faces kept with point-collapsed UVs
  uv_bake: atlas 4096x4096 (xatlas 1158x1162), Vo=679717 Fo=982970
      textured GLB (atlas 4096, +/mnt/hdd1/pixal3d/out/official/s_13_img/s_13_img_base.png)
done in 176.6s -> /mnt/hdd1/pixal3d/out/official/s_13_img/s_13_img.glb (+ /mnt/hdd1/pixal3d/out/official/s_13_img/s_13_img.ply)
[estimated] wrote /mnt/hdd1/pixal3d/out/official/s_13_img/s_13_img.glb
sv rc=0 wall=203s
