=== s_14_img sv 2026-09-20T01:56:07+09:00
[trellis] generating model with seed 909579403 (auto)
[1/6] preprocess /mnt/hdd1/pixal3d/out/official/stage/s_14_img.png (BiRefNet bg removal, 1024 cascade)
ggml_cuda_init: found 1 CUDA devices (Total VRAM: 24563 MiB):
  Device 0: NVIDIA GeForce RTX 4090, compute capability 8.9, VMM: yes, VRAM: 24563 MiB
      bg-removal cutout -> /mnt/hdd1/pixal3d/out/official/s_14_img/s_14_img_cutout.png
[bg-only] done (12.4s)
bg rc=0
[estimated] preprocessed 1024x1024 -> 1022x1022 RGBA
[estimated] camera metadata (mesh_scale=1)
[camera] loading MoGe-2 Ruicheng/moge-2-vitl on cuda
[camera] view=input.png fx_normalized=0.852982402
[camera] wrote /tmp/pixal3d-estimated-6sj8q_t5/camera_estimation.json
[camera] source=moge-2 fov=1.060389373 rad (60.756 deg) distance=0.852982402 mesh_scale=1
[camera] wrote /tmp/pixal3d-estimated-6sj8q_t5/transforms.json
[estimated] running single-view Pixal3D weights
[trellis] generating model with seed 42
[1/6] Pixal3D multiview: load /tmp/pixal3d-estimated-6sj8q_t5
      V=1 views, mesh_scale=1.0000
      flow weights: sv
[2/6] SS proj conditioning + flow
ggml_cuda_init: found 1 CUDA devices (Total VRAM: 24563 MiB):
  Device 0: NVIDIA GeForce RTX 4090, compute capability 8.9, VMM: yes, VRAM: 24563 MiB
      [flow] [....................]  0/12    0.0s  starting    
      [flow] [#...................]  1/12    0.3s  ~4s left    
      [flow] [###.................]  2/12    0.7s  ~3s left    
      [flow] [#####...............]  3/12    1.0s  ~3s left    
      [flow] [######..............]  4/12    1.3s  ~3s left    
      [flow] [########............]  5/12    1.7s  ~2s left    
      [flow] [##########..........]  6/12    2.0s  ~2s left    
      [flow] [###########.........]  7/12    2.3s  ~2s left    
      [flow] [#############.......]  8/12    2.6s  ~1s left    
      [flow] [###############.....]  9/12    3.0s  ~1s left    
      [flow] [################....] 10/12    3.3s  ~1s left    
      [flow] [##################..] 11/12    3.4s  ~0s left    
      [flow] [####################] 12/12    3.6s  ~0s left    
      [flow] 12 steps, 22 forwards, 3.6s
      active voxels @res32 = 1168  (6.2s)
[3/6] shape SLAT flow (LR 512 -> upsample -> HR 1024 cascade, max_tok=49152)
      [flow] [....................]  0/12    0.0s  starting    
      [flow] [#...................]  1/12    0.1s  ~1s left    
      [flow] [###.................]  2/12    0.2s  ~1s left    
      [flow] [#####...............]  3/12    0.3s  ~1s left    
      [flow] [######..............]  4/12    0.4s  ~1s left    
      [flow] [########............]  5/12    0.5s  ~1s left    
      [flow] [##########..........]  6/12    0.6s  ~1s left    
      [flow] [###########.........]  7/12    0.7s  ~0s left    
      [flow] [#############.......]  8/12    0.8s  ~0s left    
      [flow] [###############.....]  9/12    0.8s  ~0s left    
      [flow] [################....] 10/12    0.9s  ~0s left    
      [flow] [##################..] 11/12    0.9s  ~0s left    
      [flow] [####################] 12/12    1.0s  ~0s left    
      [flow] 12 steps, 20 forwards, 1.0s
      [stats] LR slat (res32, MV) n=37376 mean=-0.0374 std=6.3839 min=-25.165 max=27.663 nan/inf=0
      LR shape SLAT (5.2s)
      upsampled coords @res512=606115 -> quantized @res1024 (grid 64, Pixal3D round/grid-1 formula) = 5632 tokens
      [flow] [....................]  0/12    0.0s  starting    
      [flow] [#...................]  1/12    0.6s  ~7s left    
      [flow] [###.................]  2/12    1.1s  ~6s left    
      [flow] [#####...............]  3/12    1.6s  ~5s left    
      [flow] [######..............]  4/12    2.1s  ~4s left    
      [flow] [########............]  5/12    2.6s  ~4s left    
      [flow] [##########..........]  6/12    3.1s  ~3s left    
      [flow] [###########.........]  7/12    3.7s  ~3s left    
      [flow] [#############.......]  8/12    4.2s  ~2s left    
      [flow] [###############.....]  9/12    4.4s  ~1s left    
      [flow] [################....] 10/12    4.7s  ~1s left    
      [flow] [##################..] 11/12    4.9s  ~0s left    
      [flow] [####################] 12/12    5.2s  ~0s left    
      [flow] 12 steps, 20 forwards, 5.2s
      [stats] HR slat (MV) n=180224 mean=-0.1183 std=5.8930 min=-27.263 max=27.147 nan/inf=0
      HR shape SLAT (22.4s)
[4/6] FlexiDualGrid shape decode -> mesh @res1024
      decoded voxels @res1024 = 2334054
      mesh V=2334054 F=5070766
      filled 1763 small holes -> V=2335817 F=5081798
      shape decode (9.8s)
[5/6] texture SLAT flow (HR 1024, NAF@1024) + PBR decode
      [flow] [....................]  0/12    0.0s  starting    
      [flow] [#...................]  1/12    0.5s  ~6s left    
      [flow] [###.................]  2/12    0.8s  ~4s left    
      [flow] [#####...............]  3/12    1.0s  ~3s left    
      [flow] [######..............]  4/12    1.3s  ~3s left    
      [flow] [########............]  5/12    1.5s  ~2s left    
      [flow] [##########..........]  6/12    1.7s  ~2s left    
      [flow] [###########.........]  7/12    2.0s  ~1s left    
      [flow] [#############.......]  8/12    2.3s  ~1s left    
      [flow] [###############.....]  9/12    2.6s  ~1s left    
      [flow] [################....] 10/12    2.8s  ~1s left    
      [flow] [##################..] 11/12    3.1s  ~0s left    
      [flow] [####################] 12/12    3.3s  ~0s left    
      [flow] 12 steps, 12 forwards, 3.3s
      PBR voxels=2334054 @res1024
      texture SLAT + decode (32.3s)
[6/6] write /mnt/hdd1/pixal3d/out/official/s_14_img/s_14_img.glb
  weld: V 2335817->2319140 (16677 near-duplicates merged, eps=0.00012)
  fill_holes: 2030 boundary loops filled (+9459 faces)
  remesh_dc: 5174354 active voxels -> V=3563298 F=7145732 (eps=0.0009794, project_back=0.00)
    [clean] faces=7145732, flipped 0 for consistent winding
  remesh postproc: dropped 317 floater comps -> V=3026156 F=6068252
  decimate_qem_gpu(target=1000000): V 3026156->481317, F 6068252->970558
  weld: V 481317->481309 (8 near-duplicates merged, eps=0.00012)
  decimated postproc: dropped 20 more comps -> F=960610
  uv_bake: 8 components (0 tiny, 0 faces -> strip S=0), 0 duplicate faces dropped
  uv_bake: 5055 merge clusters
  uv_bake: 1354 uncharted faces kept with point-collapsed UVs
  uv_bake: atlas 4096x4096 (xatlas 1210x1209), Vo=689730 Fo=960610
      textured GLB (atlas 4096, +/mnt/hdd1/pixal3d/out/official/s_14_img/s_14_img_base.png)
done in 153.6s -> /mnt/hdd1/pixal3d/out/official/s_14_img/s_14_img.glb (+ /mnt/hdd1/pixal3d/out/official/s_14_img/s_14_img.ply)
[estimated] wrote /mnt/hdd1/pixal3d/out/official/s_14_img/s_14_img.glb
sv rc=0 wall=179s
