=== s_15_img sv 2026-09-20T01:59:06+09:00
[trellis] generating model with seed 3646253703 (auto)
[1/6] preprocess /mnt/hdd1/pixal3d/out/official/stage/s_15_img.png (BiRefNet bg removal, 1024 cascade)
ggml_cuda_init: found 1 CUDA devices (Total VRAM: 24563 MiB):
  Device 0: NVIDIA GeForce RTX 4090, compute capability 8.9, VMM: yes, VRAM: 24563 MiB
      bg-removal cutout -> /mnt/hdd1/pixal3d/out/official/s_15_img/s_15_img_cutout.png
[bg-only] done (12.5s)
bg rc=0
[estimated] preprocessed 1024x1024 -> 1022x1022 RGBA
[estimated] camera metadata (mesh_scale=1)
[camera] loading MoGe-2 Ruicheng/moge-2-vitl on cuda
[camera] view=input.png fx_normalized=1.424084306
[camera] wrote /tmp/pixal3d-estimated-n7hzuy84/camera_estimation.json
[camera] source=moge-2 fov=0.675313879 rad (38.693 deg) distance=1.424084306 mesh_scale=1
[camera] wrote /tmp/pixal3d-estimated-n7hzuy84/transforms.json
[estimated] running single-view Pixal3D weights
[trellis] generating model with seed 42
[1/6] Pixal3D multiview: load /tmp/pixal3d-estimated-n7hzuy84
      V=1 views, mesh_scale=1.0000
      flow weights: sv
[2/6] SS proj conditioning + flow
ggml_cuda_init: found 1 CUDA devices (Total VRAM: 24563 MiB):
  Device 0: NVIDIA GeForce RTX 4090, compute capability 8.9, VMM: yes, VRAM: 24563 MiB
      [flow] [....................]  0/12    0.0s  starting    
      [flow] [#...................]  1/12    0.3s  ~4s left    
      [flow] [###.................]  2/12    0.7s  ~3s left    
      [flow] [#####...............]  3/12    1.0s  ~3s left    
      [flow] [######..............]  4/12    1.3s  ~3s left    
      [flow] [########............]  5/12    1.7s  ~2s left    
      [flow] [##########..........]  6/12    2.0s  ~2s left    
      [flow] [###########.........]  7/12    2.3s  ~2s left    
      [flow] [#############.......]  8/12    2.6s  ~1s left    
      [flow] [###############.....]  9/12    3.0s  ~1s left    
      [flow] [################....] 10/12    3.3s  ~1s left    
      [flow] [##################..] 11/12    3.4s  ~0s left    
      [flow] [####################] 12/12    3.6s  ~0s left    
      [flow] 12 steps, 22 forwards, 3.6s
      active voxels @res32 = 3367  (6.1s)
[3/6] shape SLAT flow (LR 512 -> upsample -> HR 1024 cascade, max_tok=49152)
      [flow] [....................]  0/12    0.0s  starting    
      [flow] [#...................]  1/12    0.4s  ~4s left    
      [flow] [###.................]  2/12    0.7s  ~3s left    
      [flow] [#####...............]  3/12    0.9s  ~3s left    
      [flow] [######..............]  4/12    1.2s  ~2s left    
      [flow] [########............]  5/12    1.5s  ~2s left    
      [flow] [##########..........]  6/12    1.7s  ~2s left    
      [flow] [###########.........]  7/12    2.0s  ~1s left    
      [flow] [#############.......]  8/12    2.3s  ~1s left    
      [flow] [###############.....]  9/12    2.4s  ~1s left    
      [flow] [################....] 10/12    2.5s  ~1s left    
      [flow] [##################..] 11/12    2.7s  ~0s left    
      [flow] [####################] 12/12    2.8s  ~0s left    
      [flow] 12 steps, 20 forwards, 2.8s
      [stats] LR slat (res32, MV) n=107744 mean=-0.2012 std=5.5693 min=-29.623 max=28.696 nan/inf=0
      LR shape SLAT (7.1s)
      upsampled coords @res512=1125554 -> quantized @res1024 (grid 64, Pixal3D round/grid-1 formula) = 14574 tokens
      [flow] [....................]  0/12    0.0s  starting    
      [flow] [#...................]  1/12    2.5s  ~28s left   
      [flow] [###.................]  2/12    4.8s  ~24s left   
      [flow] [#####...............]  3/12    7.1s  ~21s left   
      [flow] [######..............]  4/12    9.4s  ~19s left   
      [flow] [########............]  5/12   11.7s  ~16s left   
      [flow] [##########..........]  6/12   14.0s  ~14s left   
      [flow] [###########.........]  7/12   16.3s  ~12s left   
      [flow] [#############.......]  8/12   18.6s  ~9s left    
      [flow] [###############.....]  9/12   19.7s  ~7s left    
      [flow] [################....] 10/12   20.9s  ~4s left    
      [flow] [##################..] 11/12   22.0s  ~2s left    
      [flow] [####################] 12/12   23.2s  ~0s left    
      [flow] 12 steps, 20 forwards, 23.2s
      [stats] HR slat (MV) n=466368 mean=-0.0983 std=5.5356 min=-25.414 max=27.298 nan/inf=0
      HR shape SLAT (41.8s)
[4/6] FlexiDualGrid shape decode -> mesh @res1024
      decoded voxels @res1024 = 4571700
      mesh V=4571700 F=9513190
      filled 4215 small holes -> V=4575915 F=9538740
      shape decode (19.5s)
[5/6] texture SLAT flow (HR 1024, NAF@1024) + PBR decode
      [flow] [....................]  0/12    0.0s  starting    
      [flow] [#...................]  1/12    1.3s  ~14s left   
      [flow] [###.................]  2/12    2.4s  ~12s left   
      [flow] [#####...............]  3/12    3.6s  ~11s left   
      [flow] [######..............]  4/12    4.7s  ~9s left    
      [flow] [########............]  5/12    5.8s  ~8s left    
      [flow] [##########..........]  6/12    7.0s  ~7s left    
      [flow] [###########.........]  7/12    8.1s  ~6s left    
      [flow] [#############.......]  8/12    9.3s  ~5s left    
      [flow] [###############.....]  9/12   10.4s  ~3s left    
      [flow] [################....] 10/12   11.6s  ~2s left    
      [flow] [##################..] 11/12   12.7s  ~1s left    
      [flow] [####################] 12/12   13.9s  ~0s left    
      [flow] 12 steps, 12 forwards, 13.9s
      PBR voxels=4571700 @res1024
      texture SLAT + decode (49.9s)
[6/6] write /mnt/hdd1/pixal3d/out/official/s_15_img/s_15_img.glb
  weld: V 4575915->4558038 (17877 near-duplicates merged, eps=0.00012)
  fill_holes: 5139 boundary loops filled (+20840 faces)
  remesh_dc: 10746042 active voxels -> V=8538018 F=17085064 (eps=0.0009794, project_back=0.00)
    [clean] faces=17085064, flipped 0 for consistent winding
  remesh postproc: dropped 125 floater comps -> V=8410278 F=16829416
  decimate_qem_gpu(target=1000000): V 8410278->485521, F 16829416->974964
  weld: V 485521->485518 (3 near-duplicates merged, eps=0.00012)
  decimated postproc: dropped 2 more comps -> F=974944
  uv_bake: 2 components (0 tiny, 0 faces -> strip S=0), 0 duplicate faces dropped
  uv_bake: 2712 merge clusters
  uv_bake: 766 uncharted faces kept with point-collapsed UVs
  uv_bake: atlas 4096x4096 (xatlas 1211x1205), Vo=681867 Fo=974944
      textured GLB (atlas 4096, +/mnt/hdd1/pixal3d/out/official/s_15_img/s_15_img_base.png)
done in 244.2s -> /mnt/hdd1/pixal3d/out/official/s_15_img/s_15_img.glb (+ /mnt/hdd1/pixal3d/out/official/s_15_img/s_15_img.ply)
[estimated] wrote /mnt/hdd1/pixal3d/out/official/s_15_img/s_15_img.glb
sv rc=0 wall=270s
