=== s_18_img sv 2026-09-20T02:06:58+09:00
[trellis] generating model with seed 201448712 (auto)
[1/6] preprocess /mnt/hdd1/pixal3d/out/official/stage/s_18_img.png (BiRefNet bg removal, 1024 cascade)
ggml_cuda_init: found 1 CUDA devices (Total VRAM: 24563 MiB):
  Device 0: NVIDIA GeForce RTX 4090, compute capability 8.9, VMM: yes, VRAM: 24563 MiB
      bg-removal cutout -> /mnt/hdd1/pixal3d/out/official/s_18_img/s_18_img_cutout.png
[bg-only] done (13.0s)
bg rc=0
[estimated] preprocessed 1024x1024 -> 1022x1022 RGBA
[estimated] camera metadata (mesh_scale=1)
[camera] loading MoGe-2 Ruicheng/moge-2-vitl on cuda
[camera] view=input.png fx_normalized=1.209501386
[camera] wrote /tmp/pixal3d-estimated-nmypadwl/camera_estimation.json
[camera] source=moge-2 fov=0.783997808 rad (44.920 deg) distance=1.209501386 mesh_scale=1
[camera] wrote /tmp/pixal3d-estimated-nmypadwl/transforms.json
[estimated] running single-view Pixal3D weights
[trellis] generating model with seed 42
[1/6] Pixal3D multiview: load /tmp/pixal3d-estimated-nmypadwl
      V=1 views, mesh_scale=1.0000
      flow weights: sv
[2/6] SS proj conditioning + flow
ggml_cuda_init: found 1 CUDA devices (Total VRAM: 24563 MiB):
  Device 0: NVIDIA GeForce RTX 4090, compute capability 8.9, VMM: yes, VRAM: 24563 MiB
      [flow] [....................]  0/12    0.0s  starting    
      [flow] [#...................]  1/12    0.3s  ~4s left    
      [flow] [###.................]  2/12    0.7s  ~3s left    
      [flow] [#####...............]  3/12    1.0s  ~3s left    
      [flow] [######..............]  4/12    1.3s  ~3s left    
      [flow] [########............]  5/12    1.7s  ~2s left    
      [flow] [##########..........]  6/12    2.0s  ~2s left    
      [flow] [###########.........]  7/12    2.3s  ~2s left    
      [flow] [#############.......]  8/12    2.6s  ~1s left    
      [flow] [###############.....]  9/12    3.0s  ~1s left    
      [flow] [################....] 10/12    3.3s  ~1s left    
      [flow] [##################..] 11/12    3.4s  ~0s left    
      [flow] [####################] 12/12    3.6s  ~0s left    
      [flow] 12 steps, 22 forwards, 3.6s
      active voxels @res32 = 1159  (6.1s)
[3/6] shape SLAT flow (LR 512 -> upsample -> HR 1024 cascade, max_tok=49152)
      [flow] [....................]  0/12    0.0s  starting    
      [flow] [#...................]  1/12    0.2s  ~2s left    
      [flow] [###.................]  2/12    0.3s  ~1s left    
      [flow] [#####...............]  3/12    0.4s  ~1s left    
      [flow] [######..............]  4/12    0.4s  ~1s left    
      [flow] [########............]  5/12    0.5s  ~1s left    
      [flow] [##########..........]  6/12    0.6s  ~1s left    
      [flow] [###########.........]  7/12    0.7s  ~1s left    
      [flow] [#############.......]  8/12    0.8s  ~0s left    
      [flow] [###############.....]  9/12    0.9s  ~0s left    
      [flow] [################....] 10/12    0.9s  ~0s left    
      [flow] [##################..] 11/12    1.0s  ~0s left    
      [flow] [####################] 12/12    1.0s  ~0s left    
      [flow] 12 steps, 20 forwards, 1.0s
      [stats] LR slat (res32, MV) n=37088 mean=-0.0671 std=5.8794 min=-25.781 max=25.635 nan/inf=0
      LR shape SLAT (5.3s)
      upsampled coords @res512=382757 -> quantized @res1024 (grid 64, Pixal3D round/grid-1 formula) = 4562 tokens
      [flow] [....................]  0/12    0.0s  starting    
      [flow] [#...................]  1/12    0.6s  ~7s left    
      [flow] [###.................]  2/12    1.0s  ~5s left    
      [flow] [#####...............]  3/12    1.4s  ~4s left    
      [flow] [######..............]  4/12    1.7s  ~3s left    
      [flow] [########............]  5/12    2.1s  ~3s left    
      [flow] [##########..........]  6/12    2.5s  ~2s left    
      [flow] [###########.........]  7/12    2.9s  ~2s left    
      [flow] [#############.......]  8/12    3.3s  ~2s left    
      [flow] [###############.....]  9/12    3.5s  ~1s left    
      [flow] [################....] 10/12    3.6s  ~1s left    
      [flow] [##################..] 11/12    3.8s  ~0s left    
      [flow] [####################] 12/12    4.0s  ~0s left    
      [flow] 12 steps, 20 forwards, 4.0s
      [stats] HR slat (MV) n=145984 mean=-0.1662 std=5.7254 min=-27.362 max=30.094 nan/inf=0
      HR shape SLAT (21.0s)
[4/6] FlexiDualGrid shape decode -> mesh @res1024
      decoded voxels @res1024 = 1607424
      mesh V=1607424 F=3447316
      filled 1439 small holes -> V=1608863 F=3456014
      shape decode (7.7s)
[5/6] texture SLAT flow (HR 1024, NAF@1024) + PBR decode
      [flow] [....................]  0/12    0.0s  starting    
      [flow] [#...................]  1/12    0.3s  ~3s left    
      [flow] [###.................]  2/12    0.5s  ~3s left    
      [flow] [#####...............]  3/12    0.7s  ~2s left    
      [flow] [######..............]  4/12    0.9s  ~2s left    
      [flow] [########............]  5/12    1.1s  ~2s left    
      [flow] [##########..........]  6/12    1.3s  ~1s left    
      [flow] [###########.........]  7/12    1.5s  ~1s left    
      [flow] [#############.......]  8/12    1.6s  ~1s left    
      [flow] [###############.....]  9/12    1.8s  ~1s left    
      [flow] [################....] 10/12    2.0s  ~0s left    
      [flow] [##################..] 11/12    2.2s  ~0s left    
      [flow] [####################] 12/12    2.4s  ~0s left    
      [flow] 12 steps, 12 forwards, 2.4s
      PBR voxels=1607424 @res1024
      texture SLAT + decode (30.9s)
[6/6] write /mnt/hdd1/pixal3d/out/official/s_18_img/s_18_img.glb
  weld: V 1608863->1600605 (8258 near-duplicates merged, eps=0.00012)
  fill_holes: 1067 boundary loops filled (+4307 faces)
  remesh_dc: 3705553 active voxels -> V=2785625 F=5583848 (eps=0.0009794, project_back=0.00)
    [clean] faces=5583848, flipped 0 for consistent winding
  remesh postproc: dropped 147 floater comps -> V=2657411 F=5327740
  decimate_qem_gpu(target=1000000): V 2657411->478951, F 5327740->966632
  weld: V 478951->478940 (11 near-duplicates merged, eps=0.00012)
  decimated postproc: dropped 6 more comps -> F=966164
  uv_bake: 11 components (0 tiny, 0 faces -> strip S=0), 0 duplicate faces dropped
  uv_bake: 4747 merge clusters
  uv_bake: 2072 uncharted faces kept with point-collapsed UVs
  uv_bake: atlas 4096x4096 (xatlas 1207x1205), Vo=699903 Fo=966164
      textured GLB (atlas 4096, +/mnt/hdd1/pixal3d/out/official/s_18_img/s_18_img_base.png)
done in 194.1s -> /mnt/hdd1/pixal3d/out/official/s_18_img/s_18_img.glb (+ /mnt/hdd1/pixal3d/out/official/s_18_img/s_18_img.ply)
[estimated] wrote /mnt/hdd1/pixal3d/out/official/s_18_img/s_18_img.glb
sv rc=0 wall=220s
