=== s_20_img sv 2026-09-20T02:10:38+09:00
[trellis] generating model with seed 1210905203 (auto)
[1/6] preprocess /mnt/hdd1/pixal3d/out/official/stage/s_20_img.png (BiRefNet bg removal, 1024 cascade)
ggml_cuda_init: found 1 CUDA devices (Total VRAM: 24563 MiB):
  Device 0: NVIDIA GeForce RTX 4090, compute capability 8.9, VMM: yes, VRAM: 24563 MiB
      bg-removal cutout -> /mnt/hdd1/pixal3d/out/official/s_20_img/s_20_img_cutout.png
[bg-only] done (12.3s)
bg rc=0
[estimated] preprocessed 670x670 -> 668x668 RGBA
[estimated] camera metadata (mesh_scale=1)
[camera] loading MoGe-2 Ruicheng/moge-2-vitl on cuda
[camera] view=input.png fx_normalized=1.805316567
[camera] wrote /tmp/pixal3d-estimated-e2c8eizq/camera_estimation.json
[camera] source=moge-2 fov=0.540374495 rad (30.961 deg) distance=1.805316567 mesh_scale=1
[camera] wrote /tmp/pixal3d-estimated-e2c8eizq/transforms.json
[estimated] running single-view Pixal3D weights
[trellis] generating model with seed 42
[1/6] Pixal3D multiview: load /tmp/pixal3d-estimated-e2c8eizq
      V=1 views, mesh_scale=1.0000
      flow weights: sv
[2/6] SS proj conditioning + flow
ggml_cuda_init: found 1 CUDA devices (Total VRAM: 24563 MiB):
  Device 0: NVIDIA GeForce RTX 4090, compute capability 8.9, VMM: yes, VRAM: 24563 MiB
      [flow] [....................]  0/12    0.0s  starting    
      [flow] [#...................]  1/12    0.3s  ~4s left    
      [flow] [###.................]  2/12    0.7s  ~3s left    
      [flow] [#####...............]  3/12    1.0s  ~3s left    
      [flow] [######..............]  4/12    1.3s  ~3s left    
      [flow] [########............]  5/12    1.7s  ~2s left    
      [flow] [##########..........]  6/12    2.0s  ~2s left    
      [flow] [###########.........]  7/12    2.3s  ~2s left    
      [flow] [#############.......]  8/12    2.6s  ~1s left    
      [flow] [###############.....]  9/12    3.0s  ~1s left    
      [flow] [################....] 10/12    3.3s  ~1s left    
      [flow] [##################..] 11/12    3.4s  ~0s left    
      [flow] [####################] 12/12    3.6s  ~0s left    
      [flow] 12 steps, 22 forwards, 3.6s
      active voxels @res32 = 692  (6.2s)
[3/6] shape SLAT flow (LR 512 -> upsample -> HR 1024 cascade, max_tok=49152)
      [flow] [....................]  0/12    0.0s  starting    
      [flow] [#...................]  1/12    0.1s  ~1s left    
      [flow] [###.................]  2/12    0.2s  ~1s left    
      [flow] [#####...............]  3/12    0.3s  ~1s left    
      [flow] [######..............]  4/12    0.3s  ~1s left    
      [flow] [########............]  5/12    0.4s  ~1s left    
      [flow] [##########..........]  6/12    0.5s  ~0s left    
      [flow] [###########.........]  7/12    0.5s  ~0s left    
      [flow] [#############.......]  8/12    0.6s  ~0s left    
      [flow] [###############.....]  9/12    0.6s  ~0s left    
      [flow] [################....] 10/12    0.7s  ~0s left    
      [flow] [##################..] 11/12    0.7s  ~0s left    
      [flow] [####################] 12/12    0.7s  ~0s left    
      [flow] 12 steps, 20 forwards, 0.7s
      [stats] LR slat (res32, MV) n=22144 mean=0.1165 std=5.8124 min=-25.557 max=25.686 nan/inf=0
      LR shape SLAT (5.0s)
      upsampled coords @res512=219319 -> quantized @res1024 (grid 64, Pixal3D round/grid-1 formula) = 2783 tokens
      [flow] [....................]  0/12    0.0s  starting    
      [flow] [#...................]  1/12    0.4s  ~5s left    
      [flow] [###.................]  2/12    0.6s  ~3s left    
      [flow] [#####...............]  3/12    0.8s  ~3s left    
      [flow] [######..............]  4/12    1.1s  ~2s left    
      [flow] [########............]  5/12    1.3s  ~2s left    
      [flow] [##########..........]  6/12    1.5s  ~1s left    
      [flow] [###########.........]  7/12    1.7s  ~1s left    
      [flow] [#############.......]  8/12    1.9s  ~1s left    
      [flow] [###############.....]  9/12    2.0s  ~1s left    
      [flow] [################....] 10/12    2.1s  ~0s left    
      [flow] [##################..] 11/12    2.2s  ~0s left    
      [flow] [####################] 12/12    2.3s  ~0s left    
      [flow] 12 steps, 20 forwards, 2.3s
      [stats] HR slat (MV) n=89056 mean=0.0758 std=5.5870 min=-28.531 max=30.515 nan/inf=0
      HR shape SLAT (18.6s)
[4/6] FlexiDualGrid shape decode -> mesh @res1024
      decoded voxels @res1024 = 748555
      mesh V=748555 F=1572084
      filled 1654 small holes -> V=750209 F=1582584
      shape decode (5.5s)
[5/6] texture SLAT flow (HR 1024, NAF@1024) + PBR decode
      [flow] [....................]  0/12    0.0s  starting    
      [flow] [#...................]  1/12    0.4s  ~4s left    
      [flow] [###.................]  2/12    0.5s  ~2s left    
      [flow] [#####...............]  3/12    0.6s  ~2s left    
      [flow] [######..............]  4/12    0.7s  ~1s left    
      [flow] [########............]  5/12    0.8s  ~1s left    
      [flow] [##########..........]  6/12    0.9s  ~1s left    
      [flow] [###########.........]  7/12    1.0s  ~1s left    
      [flow] [#############.......]  8/12    1.1s  ~1s left    
      [flow] [###############.....]  9/12    1.2s  ~0s left    
      [flow] [################....] 10/12    1.3s  ~0s left    
      [flow] [##################..] 11/12    1.4s  ~0s left    
      [flow] [####################] 12/12    1.5s  ~0s left    
      [flow] 12 steps, 12 forwards, 1.5s
      PBR voxels=748555 @res1024
      texture SLAT + decode (27.8s)
[6/6] write /mnt/hdd1/pixal3d/out/official/s_20_img/s_20_img.glb
  weld: V 750209->741141 (9068 near-duplicates merged, eps=0.00012)
  fill_holes: 2404 boundary loops filled (+11794 faces)
  remesh_dc: 1718012 active voxels -> V=1432959 F=2874632 (eps=0.0009794, project_back=0.00)
    [clean] faces=2874632, flipped 0 for consistent winding
  remesh postproc: dropped 19 floater comps -> V=1427597 F=2863984
  decimate_qem_gpu(target=1000000): V 1427597->481649, F 2863984->969838
  weld: V 481649->481554 (95 near-duplicates merged, eps=0.00012)
  uv_bake: 2 components (0 tiny, 0 faces -> strip S=0), 0 duplicate faces dropped
  uv_bake: 6002 merge clusters
  uv_bake: 6706 uncharted faces kept with point-collapsed UVs
  uv_bake: atlas 4096x4096 (xatlas 1319x1321), Vo=782026 Fo=969838
      textured GLB (atlas 4096, +/mnt/hdd1/pixal3d/out/official/s_20_img/s_20_img_base.png)
done in 124.1s -> /mnt/hdd1/pixal3d/out/official/s_20_img/s_20_img.glb (+ /mnt/hdd1/pixal3d/out/official/s_20_img/s_20_img.ply)
[estimated] wrote /mnt/hdd1/pixal3d/out/official/s_20_img/s_20_img.glb
sv rc=0 wall=149s
