views: 1  S=512 R=32 naf_T=512 mesh_scale=1.0000  chunk=0
coords: sparse N=512 (gather 対象 512)
ggml_metal_device_init: tensor API disabled for pre-M5 and pre-A19 devices
ggml_metal_library_init: using embedded metal library
ggml_metal_library_init: loaded in 0.007 sec
ggml_metal_rsets_init: creating a residency set collection (keep_alive = 180 s)
ggml_metal_device_init: GPU name:   MTL0 (Apple M4 Max)
ggml_metal_device_init: GPU family: MTLGPUFamilyApple9  (1009)
ggml_metal_device_init: GPU family: MTLGPUFamilyCommon3 (3003)
ggml_metal_device_init: GPU family: MTLGPUFamilyMetal4  (5002)
ggml_metal_device_init: simdgroup reduction   = true
ggml_metal_device_init: simdgroup matrix mul. = true
ggml_metal_device_init: has unified memory    = true
ggml_metal_device_init: has bfloat            = true
ggml_metal_device_init: has tensor            = false
ggml_metal_device_init: use residency sets    = true
ggml_metal_device_init: use shared buffers    = true
ggml_metal_device_init: recommendedMaxWorkingSetSize  = 55662.79 MB
ggml_metal_init: allocating
ggml_metal_init: found device: Apple M4 Max
ggml_metal_init: picking default device: Apple M4 Max
ggml_metal_init: use fusion         = true
ggml_metal_init: use concurrency    = true
ggml_metal_init: use graph optimize = true
[trellis] using MTL0 (53084 MB)
ggml_metal_init: allocating
ggml_metal_init: found device: Apple M4 Max
ggml_metal_init: picking default device: Apple M4 Max
ggml_metal_init: use fusion         = true
ggml_metal_init: use concurrency    = true
ggml_metal_init: use graph optimize = true
[trellis] using MTL0 (53084 MB)
backend: MTL0
ggml_metal_library_compile_pipeline: compiling pipeline: base = 'kernel_cpy_f16_f32', name = 'kernel_cpy_f16_f32'
ggml_metal_library_compile_pipeline: loaded kernel_cpy_f16_f32                            0x105422e90 | th_max = 1024 | th_width =   32
ggml_metal_library_compile_pipeline: compiling pipeline: base = 'kernel_concat', name = 'kernel_concat'
ggml_metal_library_compile_pipeline: loaded kernel_concat                                 0x105423710 | th_max = 1024 | th_width =   32
ggml_metal_library_compile_pipeline: compiling pipeline: base = 'kernel_im2col_f16', name = 'kernel_im2col_f16'
ggml_metal_library_compile_pipeline: loaded kernel_im2col_f16                             0x105423f90 | th_max = 1024 | th_width =   32
ggml_metal_library_compile_pipeline: compiling pipeline: base = 'kernel_mul_mm_f16_f16', name = 'kernel_mul_mm_f16_f16_bci=0_bco=0_ne12=1_ne13=1_r2=1_r3=1'
ggml_metal_library_compile_pipeline: loaded kernel_mul_mm_f16_f16_bci=0_bco=0_ne12=1_ne13=1_r2=1_r3=1      0x105424810 | th_max = 1024 | th_width =   32
ggml_metal_library_compile_pipeline: compiling pipeline: base = 'kernel_cpy_f32_f32', name = 'kernel_cpy_f32_f32'
ggml_metal_library_compile_pipeline: loaded kernel_cpy_f32_f32                            0x105425090 | th_max = 1024 | th_width =   32
ggml_metal_library_compile_pipeline: compiling pipeline: base = 'kernel_bin_fuse_f32_f32_f32_4', name = 'kernel_bin_fuse_f32_f32_f32_4_op=0_nf=1_rb=0_cb=0'
ggml_metal_library_compile_pipeline: loaded kernel_bin_fuse_f32_f32_f32_4_op=0_nf=1_rb=0_cb=0      0x105425410 | th_max = 1024 | th_width =   32
ggml_metal_library_compile_pipeline: compiling pipeline: base = 'kernel_norm_mul_add_f32_4', name = 'kernel_norm_mul_add_f32_4'
ggml_metal_library_compile_pipeline: loaded kernel_norm_mul_add_f32_4                     0x105425790 | th_max = 1024 | th_width =   32
ggml_metal_library_compile_pipeline: compiling pipeline: base = 'kernel_mul_mm_q8_0_f32', name = 'kernel_mul_mm_q8_0_f32_bci=0_bco=1_ne12=1_ne13=1_r2=1_r3=1'
ggml_metal_library_compile_pipeline: loaded kernel_mul_mm_q8_0_f32_bci=0_bco=1_ne12=1_ne13=1_r2=1_r3=1      0x105425b10 | th_max = 1024 | th_width =   32
ggml_metal_library_compile_pipeline: compiling pipeline: base = 'kernel_bin_fuse_f32_f32_f32_4', name = 'kernel_bin_fuse_f32_f32_f32_4_op=2_nf=1_rb=0_cb=0'
ggml_metal_library_compile_pipeline: loaded kernel_bin_fuse_f32_f32_f32_4_op=2_nf=1_rb=0_cb=0      0x90b248000 | th_max = 1024 | th_width =   32
ggml_metal_library_compile_pipeline: compiling pipeline: base = 'kernel_unary_f32_f32_4', name = 'kernel_unary_f32_f32_4_op=10_cnt=0'
ggml_metal_library_compile_pipeline: loaded kernel_unary_f32_f32_4_op=10_cnt=0            0x90b248380 | th_max = 1024 | th_width =   32
ggml_metal_library_compile_pipeline: compiling pipeline: base = 'kernel_mul_mm_f32_f32', name = 'kernel_mul_mm_f32_f32_bci=0_bco=1_ne12=16_ne13=1_r2=1_r3=1'
ggml_metal_library_compile_pipeline: loaded kernel_mul_mm_f32_f32_bci=0_bco=1_ne12=16_ne13=1_r2=1_r3=1      0x90b248700 | th_max = 1024 | th_width =   32
ggml_metal_library_compile_pipeline: compiling pipeline: base = 'kernel_soft_max_f32', name = 'kernel_soft_max_f32'
ggml_metal_library_compile_pipeline: loaded kernel_soft_max_f32                           0x90b248a80 | th_max = 1024 | th_width =   32
ggml_metal_library_compile_pipeline: compiling pipeline: base = 'kernel_mul_mm_f32_f32', name = 'kernel_mul_mm_f32_f32_bci=1_bco=1_ne12=16_ne13=1_r2=1_r3=1'
ggml_metal_library_compile_pipeline: loaded kernel_mul_mm_f32_f32_bci=1_bco=1_ne12=16_ne13=1_r2=1_r3=1      0x90b248e00 | th_max = 1024 | th_width =   32
ggml_metal_library_compile_pipeline: compiling pipeline: base = 'kernel_unary_f32_f32_4', name = 'kernel_unary_f32_f32_4_op=104_cnt=0'
ggml_metal_library_compile_pipeline: loaded kernel_unary_f32_f32_4_op=104_cnt=0           0x90b249180 | th_max = 1024 | th_width =   32
ggml_metal_library_compile_pipeline: compiling pipeline: base = 'kernel_norm_f32_4', name = 'kernel_norm_f32_4'
ggml_metal_library_compile_pipeline: loaded kernel_norm_f32_4                             0x90b249880 | th_max = 1024 | th_width =   32
ggml_metal_library_compile_pipeline: compiling pipeline: base = 'kernel_get_rows_f32', name = 'kernel_get_rows_f32'
ggml_metal_library_compile_pipeline: loaded kernel_get_rows_f32                           0x90b249f80 | th_max = 1024 | th_width =   32
ggml_metal_library_compile_pipeline: compiling pipeline: base = 'kernel_mul_mv_f16_f16_short', name = 'kernel_mul_mv_f16_f16_short_nsg=1_ne12=1_r2=1_r3=1'
ggml_metal_library_compile_pipeline: loaded kernel_mul_mv_f16_f16_short_nsg=1_ne12=1_r2=1_r3=1      0x90b24a300 | th_max = 1024 | th_width =   32
ggml_metal_library_compile_pipeline: compiling pipeline: base = 'kernel_bin_fuse_f32_f32_f32', name = 'kernel_bin_fuse_f32_f32_f32_op=0_nf=1_rb=0_cb=1'
ggml_metal_library_compile_pipeline: loaded kernel_bin_fuse_f32_f32_f32_op=0_nf=1_rb=0_cb=1      0x90b24a680 | th_max = 1024 | th_width =   32
ggml_metal_library_compile_pipeline: compiling pipeline: base = 'kernel_bin_fuse_f32_f32_f32', name = 'kernel_bin_fuse_f32_f32_f32_op=2_nf=1_rb=0_cb=1'
ggml_metal_library_compile_pipeline: loaded kernel_bin_fuse_f32_f32_f32_op=2_nf=1_rb=0_cb=1      0x90b24aa00 | th_max = 1024 | th_width =   32
ggml_metal_library_compile_pipeline: compiling pipeline: base = 'kernel_unary_f32_f32_4', name = 'kernel_unary_f32_f32_4_op=106_cnt=0'
ggml_metal_library_compile_pipeline: loaded kernel_unary_f32_f32_4_op=106_cnt=0           0x90b24ad80 | th_max = 1024 | th_width =   32
ggml_metal_library_compile_pipeline: compiling pipeline: base = 'kernel_pad_reflect_1d_f32', name = 'kernel_pad_reflect_1d_f32'
ggml_metal_library_compile_pipeline: loaded kernel_pad_reflect_1d_f32                     0x90b24b480 | th_max = 1024 | th_width =   32
ggml_metal_library_compile_pipeline: compiling pipeline: base = 'kernel_unary_f32_f32_4', name = 'kernel_unary_f32_f32_4_op=108_cnt=0'
ggml_metal_library_compile_pipeline: loaded kernel_unary_f32_f32_4_op=108_cnt=0           0x90b24b800 | th_max = 1024 | th_width =   32
ggml_metal_library_compile_pipeline: compiling pipeline: base = 'kernel_sum_rows_f32_f32_4', name = 'kernel_sum_rows_f32_f32_4_op=10'
ggml_metal_library_compile_pipeline: loaded kernel_sum_rows_f32_f32_4_op=10               0x90b24bb80 | th_max = 1024 | th_width =   32
ggml_metal_library_compile_pipeline: compiling pipeline: base = 'kernel_mul_mm_f32_f32', name = 'kernel_mul_mm_f32_f32_bci=0_bco=1_ne12=4_ne13=1024_r2=1_r3=1'
ggml_metal_library_compile_pipeline: loaded kernel_mul_mm_f32_f32_bci=0_bco=1_ne12=4_ne13=1024_r2=1_r3=1      0x90b2a8000 | th_max = 1024 | th_width =   32
ggml_metal_library_compile_pipeline: compiling pipeline: base = 'kernel_mul_mm_f32_f32', name = 'kernel_mul_mm_f32_f32_bci=1_bco=0_ne12=4_ne13=1024_r2=1_r3=1'
ggml_metal_library_compile_pipeline: loaded kernel_mul_mm_f32_f32_bci=1_bco=0_ne12=4_ne13=1024_r2=1_r3=1      0x90b2a8380 | th_max = 1024 | th_width =   32
      [prof] naf_ggml S=512 T=512 im2col generic-gn: 224 nodes | whole graph 0.66s | node pass 0.69s (x1.04, ISOLATED single-node times: light ops overstated by the per-submit cost)
      [prof] naf_ggml S=512 T=512 im2col generic-gn by op:
      [prof]   IM2COL                       0.42s   60.8%  (n=10, 41.85 ms/op)
      [prof]   CONT                         0.15s   21.4%  (n=28, 5.26 ms/op)
      [prof]   MUL_MAT(f16)                 0.03s    4.1%  (n=10, 2.83 ms/op)
      [prof]   NORM                         0.02s    2.4%  (n=8, 2.06 ms/op)
      [prof]   ADD                          0.01s    2.1%  (n=19, 0.76 ms/op)
      [prof]   RESHAPE                      0.01s    1.8%  (n=82, 0.15 ms/op)
      [prof]   MUL_MAT(f32)                 0.01s    1.5%  (n=2, 5.05 ms/op)
      [prof]   MUL                          0.01s    1.3%  (n=10, 0.91 ms/op)
      [prof]   GET_ROWS                     0.01s    1.2%  (n=3, 2.72 ms/op)
      [prof]   PAD_REFLECT_1D               0.01s    1.0%  (n=10, 0.65 ms/op)
      [prof]   UNARY                        0.01s    0.9%  (n=9, 0.72 ms/op)
      [prof]   PERMUTE                      0.00s    0.5%  (n=25, 0.15 ms/op)
      [prof] naf_ggml S=512 T=512 im2col generic-gn top 15 nodes:
      [prof]   #179   IM2COL                      0.053s  [1152,512,512,1] src0 f16[3,3,128]  node_179
      [prof]   #156   IM2COL                      0.053s  [1152,512,512,1] src0 f16[3,3,128]  node_156
      [prof]   #110   IM2COL                      0.053s  [1152,512,512,1] src0 f16[3,3,128]  node_110
      [prof]   #133   IM2COL                      0.053s  [1152,512,512,1] src0 f16[3,3,128]  node_133
      [prof]   #55    IM2COL                      0.051s  [128,512,512,1] src0 f16[1,1,128]  node_55
      [prof]   #38    IM2COL                      0.051s  [128,512,512,1] src0 f16[1,1,128]  node_38
      [prof]   #72    IM2COL                      0.051s  [128,512,512,1] src0 f16[1,1,128]  node_72
      [prof]   #21    IM2COL                      0.051s  [128,512,512,1] src0 f16[1,1,128]  node_21
      [prof]   #221   CONT                        0.031s  [256,4,256,1024] src0 f32[256,4,256]   (permuted) (cont)
      [prof]   #3     CONT                        0.011s  [81,256,4,1024] src0 f32[81,256,4]   (reshaped) (permuted) (cont)
      [prof]   #219   MUL_MAT(f32)                0.008s  [256,256,4,1024] src0 f32[81,256,4]  node_219
      [prof]   #205   CONT                        0.008s  [256,256,1024,1] src0 f32[256,256,1024]   (reshaped) (permuted) (cont)
      [prof]   #216   CONT                        0.008s  [64,256,4,1024] src0 f32[64,256,4]   (reshaped) (permuted) (cont)
      [prof]   #201   CONT                        0.007s  [256,262144,1,1] src0 f32[256,262144,1]   (reshaped) (transposed) (cont)
      [prof]   #136   MUL_MAT(f16)                0.005s  [262144,128,1,1] src0 f16[1152,262144,1]  node_136
naf-ops: S=512 T=512 direct_conv=0 generic=0 generic_gn=1 nodes=224 activations=2832.3 MB output=1024.0 MB compute=662 ms total(with op pass)=3.6 s
naf-ops: output finite check: 0 non-finite of 268435456
ggml_metal_free: deallocating
ggml_metal_free: deallocating
